ASxxxx Linker V03.00 + NoICE + sdld,  page 1.
Hexadecimal  [32-Bits]

Area                                    Addr        Size        Decimal Bytes (Attributes)
--------------------------------        ----        ----        ------- ----- ------------
CABS                                00000000    00000000 =           0. bytes (ABS,CON,CODE)

      Value  Global                              Global Defined In Module
      -----  --------------------------------   ------------------------
C:   00000000  l_BIT_BANK                      
C:   00000000  l_CABS                          
C:   00000000  l_GSINIT1                       
C:   00000000  l_GSINIT5                       
C:   00000000  l_IABS                          
C:   00000000  l_PSEG                          
C:   00000000  l_REG_BANK_1                    
C:   00000000  l_REG_BANK_2                    
C:   00000000  l_REG_BANK_3                    
C:   00000000  l_RSEG                          
C:   00000000  l_RSEG0                         
C:   00000000  l_RSEG1                         
C:   00000000  l_XABS                          
C:   00000000  l_XINIT                         
C:   00000000  l_XISEG                         
C:   00000000  l__CODE                         
C:   00000000  s_BSEG                          
C:   00000000  s_CABS                          
C:   00000000  s_DSEG                          
C:   00000000  s_HOME                          
C:   00000000  s_IABS                          
C:   00000000  s_REG_BANK_0                    
C:   00000000  s_RSEG                          
C:   00000000  s_RSEG0                         
C:   00000000  s_RSEG1                         
C:   00000000  s_XABS                          
C:   00000001  s_PSEG                          
C:   00000001  s_XSEG                          
C:   00000002  l_BSEG_BYTES                    
C:   00000003  l_GSFINAL                       
C:   00000003  l_GSINIT0                       
C:   00000006  l_ISEG                          
C:   00000006  l_OSEG                          
C:   00000008  l_REG_BANK_0                    
C:   00000008  s_REG_BANK_1                    
C:   0000000A  l_BSEG                          
C:   0000000A  l_GSINIT2                       
C:   00000010  s_REG_BANK_2                    
C:   00000011  s_OSEG                          
C:   00000015  l_GSINIT                        
C:   00000017  s_ISEG                          
C:   00000018  s_BIT_BANK                      
C:   00000018  s_REG_BANK_3                    
C:   00000020  s_BSEG_BYTES                    
C:   00000020  s__CODE                         
C:   00000022  l_GSINIT3                       
C:   0000002A  l_GSINIT4                       
C:   00000050  l_XSEG                          
C:   00000051  l_HOME                          
C:   00000051  s_GSINIT0                       
ASxxxx Linker V03.00 + NoICE + sdld,  page 2.
Hexadecimal  [32-Bits]

Area                                    Addr        Size        Decimal Bytes (Attributes)
--------------------------------        ----        ----        ------- ----- ------------
CABS                                00000000    00000000 =           0. bytes (ABS,CON,CODE)

      Value  Global                              Global Defined In Module
      -----  --------------------------------   ------------------------
C:   00000051  s_XISEG                         
C:   00000054  s_GSINIT1                       
C:   00000054  s_GSINIT2                       
C:   0000005E  s_GSINIT3                       
C:   00000063  s_SSEG                          
C:   0000007D  l_DSEG                          
C:   00000080  s_GSINIT4                       
C:   00000087  l_CONST                         
C:   0000009D  l_SSEG                          
C:   000000AA  s_GSINIT                        
C:   000000AA  s_GSINIT5                       
C:   000000BF  s_GSFINAL                       
C:   000000C2  s_CSEG                          
C:   00000100  l_IRAM                          
C:   00000DED  l_CSEG                          
C:   00000EAF  s_CONST                         
C:   00000F36  s_XINIT                         

ASxxxx Linker V03.00 + NoICE + sdld,  page 3.
Hexadecimal  [32-Bits]

Area                                    Addr        Size        Decimal Bytes (Attributes)
--------------------------------        ----        ----        ------- ----- ------------
.  .ABS.                            00000000    00000000 =           0. bytes (ABS,CON)

      Value  Global                              Global Defined In Module
      -----  --------------------------------   ------------------------
     00000000  .__.ABS.                           _startup
     00000080  G$P0$0$0                           lab3_2_1
     00000080  G$P0_0$0$0                         lab3_2_1
     00000080  _P0                                lab3_2_1
     00000080  _P0_0                              lab3_2_1
     00000081  G$P0_1$0$0                         lab3_2_1
     00000081  G$SP$0$0                           lab3_2_1
     00000081  _P0_1                              lab3_2_1
     00000081  _SP                                lab3_2_1
     00000082  G$DPL$0$0                          lab3_2_1
     00000082  G$P0_2$0$0                         lab3_2_1
     00000082  _DPL                               lab3_2_1
     00000082  _P0_2                              lab3_2_1
     00000083  G$BUS_SCL$0$0                      lab3_2_1
     00000083  G$DPH$0$0                          lab3_2_1
     00000083  G$P0_3$0$0                         lab3_2_1
     00000083  _BUS_SCL                           lab3_2_1
     00000083  _DPH                               lab3_2_1
     00000083  _P0_3                              lab3_2_1
     00000084  G$P0_4$0$0                         lab3_2_1
     00000084  G$P4$0$0                           lab3_2_1
     00000084  _P0_4                              lab3_2_1
     00000084  _P4                                lab3_2_1
     00000085  G$P0_5$0$0                         lab3_2_1
     00000085  G$P5$0$0                           lab3_2_1
     00000085  _P0_5                              lab3_2_1
     00000085  _P5                                lab3_2_1
     00000086  G$P0_6$0$0                         lab3_2_1
     00000086  G$P6$0$0                           lab3_2_1
     00000086  _P0_6                              lab3_2_1
     00000086  _P6                                lab3_2_1
     00000087  G$P0_7$0$0                         lab3_2_1
     00000087  G$PCON$0$0                         lab3_2_1
     00000087  _P0_7                              lab3_2_1
     00000087  _PCON                              lab3_2_1
     00000088  G$IT0$0$0                          lab3_2_1
     00000088  G$TCON$0$0                         lab3_2_1
     00000088  _IT0                               lab3_2_1
     00000088  _TCON                              lab3_2_1
     00000089  G$IE0$0$0                          lab3_2_1
     00000089  G$TMOD$0$0                         lab3_2_1
     00000089  _IE0                               lab3_2_1
     00000089  _TMOD                              lab3_2_1
     0000008A  G$IT1$0$0                          lab3_2_1
     0000008A  G$TL0$0$0                          lab3_2_1
     0000008A  _IT1                               lab3_2_1
     0000008A  _TL0                               lab3_2_1
     0000008B  G$IE1$0$0                          lab3_2_1
     0000008B  G$TL1$0$0                          lab3_2_1
     0000008B  _IE1                               lab3_2_1
ASxxxx Linker V03.00 + NoICE + sdld,  page 4.
Hexadecimal  [32-Bits]

Area                                    Addr        Size        Decimal Bytes (Attributes)
--------------------------------        ----        ----        ------- ----- ------------
.  .ABS.                            00000000    00000000 =           0. bytes (ABS,CON)

      Value  Global                              Global Defined In Module
      -----  --------------------------------   ------------------------
     0000008B  _TL1                               lab3_2_1
     0000008C  G$TH0$0$0                          lab3_2_1
     0000008C  G$TR0$0$0                          lab3_2_1
     0000008C  _TH0                               lab3_2_1
     0000008C  _TR0                               lab3_2_1
     0000008D  G$TF0$0$0                          lab3_2_1
     0000008D  G$TH1$0$0                          lab3_2_1
     0000008D  _TF0                               lab3_2_1
     0000008D  _TH1                               lab3_2_1
     0000008E  G$CKCON$0$0                        lab3_2_1
     0000008E  G$TR1$0$0                          lab3_2_1
     0000008E  _CKCON                             lab3_2_1
     0000008E  _TR1                               lab3_2_1
     0000008F  G$PSCTL$0$0                        lab3_2_1
     0000008F  G$TF1$0$0                          lab3_2_1
     0000008F  _PSCTL                             lab3_2_1
     0000008F  _TF1                               lab3_2_1
     00000090  G$P1$0$0                           lab3_2_1
     00000090  G$P1_0$0$0                         lab3_2_1
     00000090  _P1                                lab3_2_1
     00000090  _P1_0                              lab3_2_1
     00000091  G$P1_1$0$0                         lab3_2_1
     00000091  G$TMR3CN$0$0                       lab3_2_1
     00000091  _P1_1                              lab3_2_1
     00000091  _TMR3CN                            lab3_2_1
     00000092  G$P1_2$0$0                         lab3_2_1
     00000092  G$TMR3RLL$0$0                      lab3_2_1
     00000092  _P1_2                              lab3_2_1
     00000092  _TMR3RLL                           lab3_2_1
     00000093  G$P1_3$0$0                         lab3_2_1
     00000093  G$TMR3RLH$0$0                      lab3_2_1
     00000093  _P1_3                              lab3_2_1
     00000093  _TMR3RLH                           lab3_2_1
     00000094  G$P1_4$0$0                         lab3_2_1
     00000094  G$TMR3L$0$0                        lab3_2_1
     00000094  _P1_4                              lab3_2_1
     00000094  _TMR3L                             lab3_2_1
     00000095  G$P1_5$0$0                         lab3_2_1
     00000095  G$TMR3H$0$0                        lab3_2_1
     00000095  _P1_5                              lab3_2_1
     00000095  _TMR3H                             lab3_2_1
     00000096  G$P1_6$0$0                         lab3_2_1
     00000096  G$P7$0$0                           lab3_2_1
     00000096  _P1_6                              lab3_2_1
     00000096  _P7                                lab3_2_1
     00000097  G$P1_7$0$0                         lab3_2_1
     00000097  _P1_7                              lab3_2_1
     00000098  G$RI$0$0                           lab3_2_1
     00000098  G$RI0$0$0                          lab3_2_1
     00000098  G$SCON$0$0                         lab3_2_1
     00000098  G$SCON0$0$0                        lab3_2_1
ASxxxx Linker V03.00 + NoICE + sdld,  page 5.
Hexadecimal  [32-Bits]

Area                                    Addr        Size        Decimal Bytes (Attributes)
--------------------------------        ----        ----        ------- ----- ------------
.  .ABS.                            00000000    00000000 =           0. bytes (ABS,CON)

      Value  Global                              Global Defined In Module
      -----  --------------------------------   ------------------------
     00000098  _RI                                lab3_2_1
     00000098  _RI0                               lab3_2_1
     00000098  _SCON                              lab3_2_1
     00000098  _SCON0                             lab3_2_1
     00000099  G$SBUF$0$0                         lab3_2_1
     00000099  G$SBUF0$0$0                        lab3_2_1
     00000099  G$TI$0$0                           lab3_2_1
     00000099  G$TI0$0$0                          lab3_2_1
     00000099  _SBUF                              lab3_2_1
     00000099  _SBUF0                             lab3_2_1
     00000099  _TI                                lab3_2_1
     00000099  _TI0                               lab3_2_1
     0000009A  G$RB8$0$0                          lab3_2_1
     0000009A  G$RB80$0$0                         lab3_2_1
     0000009A  G$SPI0CFG$0$0                      lab3_2_1
     0000009A  _RB8                               lab3_2_1
     0000009A  _RB80                              lab3_2_1
     0000009A  _SPI0CFG                           lab3_2_1
     0000009B  G$SPI0DAT$0$0                      lab3_2_1
     0000009B  G$TB8$0$0                          lab3_2_1
     0000009B  G$TB80$0$0                         lab3_2_1
     0000009B  _SPI0DAT                           lab3_2_1
     0000009B  _TB8                               lab3_2_1
     0000009B  _TB80                              lab3_2_1
     0000009C  G$ADC1$0$0                         lab3_2_1
     0000009C  G$REN$0$0                          lab3_2_1
     0000009C  G$REN0$0$0                         lab3_2_1
     0000009C  _ADC1                              lab3_2_1
     0000009C  _REN                               lab3_2_1
     0000009C  _REN0                              lab3_2_1
     0000009D  G$MCE0$0$0                         lab3_2_1
     0000009D  G$SM2$0$0                          lab3_2_1
     0000009D  G$SM20$0$0                         lab3_2_1
     0000009D  G$SPI0CKR$0$0                      lab3_2_1
     0000009D  _MCE0                              lab3_2_1
     0000009D  _SM2                               lab3_2_1
     0000009D  _SM20                              lab3_2_1
     0000009D  _SPI0CKR                           lab3_2_1
     0000009E  G$CPT0CN$0$0                       lab3_2_1
     0000009E  G$SM1$0$0                          lab3_2_1
     0000009E  G$SM10$0$0                         lab3_2_1
     0000009E  _CPT0CN                            lab3_2_1
     0000009E  _SM1                               lab3_2_1
     0000009E  _SM10                              lab3_2_1
     0000009F  G$CPT1CN$0$0                       lab3_2_1
     0000009F  G$S0MODE$0$0                       lab3_2_1
     0000009F  G$SM0$0$0                          lab3_2_1
     0000009F  G$SM00$0$0                         lab3_2_1
     0000009F  _CPT1CN                            lab3_2_1
     0000009F  _S0MODE                            lab3_2_1
     0000009F  _SM0                               lab3_2_1
ASxxxx Linker V03.00 + NoICE + sdld,  page 6.
Hexadecimal  [32-Bits]

Area                                    Addr        Size        Decimal Bytes (Attributes)
--------------------------------        ----        ----        ------- ----- ------------
.  .ABS.                            00000000    00000000 =           0. bytes (ABS,CON)

      Value  Global                              Global Defined In Module
      -----  --------------------------------   ------------------------
     0000009F  _SM00                              lab3_2_1
     000000A0  G$P2$0$0                           lab3_2_1
     000000A0  G$P2_0$0$0                         lab3_2_1
     000000A0  _P2                                lab3_2_1
     000000A0  _P2_0                              lab3_2_1
     000000A1  G$EMI0TC$0$0                       lab3_2_1
     000000A1  G$P2_1$0$0                         lab3_2_1
     000000A1  _EMI0TC                            lab3_2_1
     000000A1  _P2_1                              lab3_2_1
     000000A2  G$P2_2$0$0                         lab3_2_1
     000000A2  _P2_2                              lab3_2_1
     000000A3  G$EMI0CF$0$0                       lab3_2_1
     000000A3  G$P2_3$0$0                         lab3_2_1
     000000A3  _EMI0CF                            lab3_2_1
     000000A3  _P2_3                              lab3_2_1
     000000A4  G$P0MDOUT$0$0                      lab3_2_1
     000000A4  G$P2_4$0$0                         lab3_2_1
     000000A4  G$PRT0CF$0$0                       lab3_2_1
     000000A4  _P0MDOUT                           lab3_2_1
     000000A4  _P2_4                              lab3_2_1
     000000A4  _PRT0CF                            lab3_2_1
     000000A5  G$P1MDOUT$0$0                      lab3_2_1
     000000A5  G$P2_5$0$0                         lab3_2_1
     000000A5  G$PRT1CF$0$0                       lab3_2_1
     000000A5  _P1MDOUT                           lab3_2_1
     000000A5  _P2_5                              lab3_2_1
     000000A5  _PRT1CF                            lab3_2_1
     000000A6  G$P2MDOUT$0$0                      lab3_2_1
     000000A6  G$P2_6$0$0                         lab3_2_1
     000000A6  G$PRT2CF$0$0                       lab3_2_1
     000000A6  _P2MDOUT                           lab3_2_1
     000000A6  _P2_6                              lab3_2_1
     000000A6  _PRT2CF                            lab3_2_1
     000000A7  G$P2_7$0$0                         lab3_2_1
     000000A7  G$P3MDOUT$0$0                      lab3_2_1
     000000A7  G$PRT3CF$0$0                       lab3_2_1
     000000A7  _P2_7                              lab3_2_1
     000000A7  _P3MDOUT                           lab3_2_1
     000000A7  _PRT3CF                            lab3_2_1
     000000A8  G$EX0$0$0                          lab3_2_1
     000000A8  G$IE$0$0                           lab3_2_1
     000000A8  _EX0                               lab3_2_1
     000000A8  _IE                                lab3_2_1
     000000A9  G$ET0$0$0                          lab3_2_1
     000000A9  G$SADDR0$0$0                       lab3_2_1
     000000A9  _ET0                               lab3_2_1
     000000A9  _SADDR0                            lab3_2_1
     000000AA  G$ADC1CN$0$0                       lab3_2_1
     000000AA  G$EX1$0$0                          lab3_2_1
     000000AA  _ADC1CN                            lab3_2_1
     000000AA  _EX1                               lab3_2_1
ASxxxx Linker V03.00 + NoICE + sdld,  page 7.
Hexadecimal  [32-Bits]

Area                                    Addr        Size        Decimal Bytes (Attributes)
--------------------------------        ----        ----        ------- ----- ------------
.  .ABS.                            00000000    00000000 =           0. bytes (ABS,CON)

      Value  Global                              Global Defined In Module
      -----  --------------------------------   ------------------------
     000000AB  G$ADC1CF$0$0                       lab3_2_1
     000000AB  G$ET1$0$0                          lab3_2_1
     000000AB  _ADC1CF                            lab3_2_1
     000000AB  _ET1                               lab3_2_1
     000000AC  G$AMX1SL$0$0                       lab3_2_1
     000000AC  G$ES$0$0                           lab3_2_1
     000000AC  G$ES0$0$0                          lab3_2_1
     000000AC  _AMX1SL                            lab3_2_1
     000000AC  _ES                                lab3_2_1
     000000AC  _ES0                               lab3_2_1
     000000AD  G$ET2$0$0                          lab3_2_1
     000000AD  G$P3IF$0$0                         lab3_2_1
     000000AD  _ET2                               lab3_2_1
     000000AD  _P3IF                              lab3_2_1
     000000AE  G$SADEN1$0$0                       lab3_2_1
     000000AE  _SADEN1                            lab3_2_1
     000000AF  G$EA$0$0                           lab3_2_1
     000000AF  G$EMI0CN$0$0                       lab3_2_1
     000000AF  G$_XPAGE$0$0                       lab3_2_1
     000000AF  _EA                                lab3_2_1
     000000AF  _EMI0CN                            lab3_2_1
     000000AF  __XPAGE                            lab3_2_1
     000000B0  G$P3$0$0                           lab3_2_1
     000000B0  G$P3_0$0$0                         lab3_2_1
     000000B0  _P3                                lab3_2_1
     000000B0  _P3_0                              lab3_2_1
     000000B1  G$OSCXCN$0$0                       lab3_2_1
     000000B1  G$P3_1$0$0                         lab3_2_1
     000000B1  _OSCXCN                            lab3_2_1
     000000B1  _P3_1                              lab3_2_1
     000000B2  G$OSCICN$0$0                       lab3_2_1
     000000B2  G$P3_2$0$0                         lab3_2_1
     000000B2  _OSCICN                            lab3_2_1
     000000B2  _P3_2                              lab3_2_1
     000000B3  G$P3_3$0$0                         lab3_2_1
     000000B3  _P3_3                              lab3_2_1
     000000B4  G$P3_4$0$0                         lab3_2_1
     000000B4  _P3_4                              lab3_2_1
     000000B5  G$P3_5$0$0                         lab3_2_1
     000000B5  G$P74OUT$0$0                       lab3_2_1
     000000B5  _P3_5                              lab3_2_1
     000000B5  _P74OUT                            lab3_2_1
     000000B6  G$FLSCL$0$0                        lab3_2_1
     000000B6  G$P3_6$0$0                         lab3_2_1
     000000B6  _FLSCL                             lab3_2_1
     000000B6  _P3_6                              lab3_2_1
     000000B7  G$FLACL$0$0                        lab3_2_1
     000000B7  G$P3_7$0$0                         lab3_2_1
     000000B7  _FLACL                             lab3_2_1
     000000B7  _P3_7                              lab3_2_1
     000000B8  G$IP$0$0                           lab3_2_1
ASxxxx Linker V03.00 + NoICE + sdld,  page 8.
Hexadecimal  [32-Bits]

Area                                    Addr        Size        Decimal Bytes (Attributes)
--------------------------------        ----        ----        ------- ----- ------------
.  .ABS.                            00000000    00000000 =           0. bytes (ABS,CON)

      Value  Global                              Global Defined In Module
      -----  --------------------------------   ------------------------
     000000B8  G$PX0$0$0                          lab3_2_1
     000000B8  _IP                                lab3_2_1
     000000B8  _PX0                               lab3_2_1
     000000B9  G$PT0$0$0                          lab3_2_1
     000000B9  G$SADEN0$0$0                       lab3_2_1
     000000B9  _PT0                               lab3_2_1
     000000B9  _SADEN0                            lab3_2_1
     000000BA  G$AMX0CF$0$0                       lab3_2_1
     000000BA  G$PX1$0$0                          lab3_2_1
     000000BA  _AMX0CF                            lab3_2_1
     000000BA  _PX1                               lab3_2_1
     000000BB  G$AMX0SL$0$0                       lab3_2_1
     000000BB  G$PT1$0$0                          lab3_2_1
     000000BB  _AMX0SL                            lab3_2_1
     000000BB  _PT1                               lab3_2_1
     000000BC  G$ADC0CF$0$0                       lab3_2_1
     000000BC  G$PS$0$0                           lab3_2_1
     000000BC  G$PS0$0$0                          lab3_2_1
     000000BC  _ADC0CF                            lab3_2_1
     000000BC  _PS                                lab3_2_1
     000000BC  _PS0                               lab3_2_1
     000000BD  G$P1MDIN$0$0                       lab3_2_1
     000000BD  G$PT2$0$0                          lab3_2_1
     000000BD  _P1MDIN                            lab3_2_1
     000000BD  _PT2                               lab3_2_1
     000000BE  G$ADC0L$0$0                        lab3_2_1
     000000BE  _ADC0L                             lab3_2_1
     000000BF  G$ADC0H$0$0                        lab3_2_1
     000000BF  _ADC0H                             lab3_2_1
     000000C0  G$BUS_TOE$0$0                      lab3_2_1
     000000C0  G$SMB0CN$0$0                       lab3_2_1
     000000C0  G$SMBTOE$0$0                       lab3_2_1
     000000C0  _BUS_TOE                           lab3_2_1
     000000C0  _SMB0CN                            lab3_2_1
     000000C0  _SMBTOE                            lab3_2_1
     000000C1  G$BUS_FTE$0$0                      lab3_2_1
     000000C1  G$SMB0STA$0$0                      lab3_2_1
     000000C1  G$SMBFTE$0$0                       lab3_2_1
     000000C1  _BUS_FTE                           lab3_2_1
     000000C1  _SMB0STA                           lab3_2_1
     000000C1  _SMBFTE                            lab3_2_1
     000000C2  G$AA$0$0                           lab3_2_1
     000000C2  G$BUS_AA$0$0                       lab3_2_1
     000000C2  G$SMB0DAT$0$0                      lab3_2_1
     000000C2  _AA                                lab3_2_1
     000000C2  _BUS_AA                            lab3_2_1
     000000C2  _SMB0DAT                           lab3_2_1
     000000C3  G$BUS_INT$0$0                      lab3_2_1
     000000C3  G$SI$0$0                           lab3_2_1
     000000C3  G$SMB0ADR$0$0                      lab3_2_1
     000000C3  _BUS_INT                           lab3_2_1
ASxxxx Linker V03.00 + NoICE + sdld,  page 9.
Hexadecimal  [32-Bits]

Area                                    Addr        Size        Decimal Bytes (Attributes)
--------------------------------        ----        ----        ------- ----- ------------
.  .ABS.                            00000000    00000000 =           0. bytes (ABS,CON)

      Value  Global                              Global Defined In Module
      -----  --------------------------------   ------------------------
     000000C3  _SI                                lab3_2_1
     000000C3  _SMB0ADR                           lab3_2_1
     000000C4  G$ADC0GTL$0$0                      lab3_2_1
     000000C4  G$BUS_STOP$0$0                     lab3_2_1
     000000C4  G$STO$0$0                          lab3_2_1
     000000C4  _ADC0GTL                           lab3_2_1
     000000C4  _BUS_STOP                          lab3_2_1
     000000C4  _STO                               lab3_2_1
     000000C5  G$ADC0GTH$0$0                      lab3_2_1
     000000C5  G$BUS_START$0$0                    lab3_2_1
     000000C5  G$STA$0$0                          lab3_2_1
     000000C5  _ADC0GTH                           lab3_2_1
     000000C5  _BUS_START                         lab3_2_1
     000000C5  _STA                               lab3_2_1
     000000C6  G$ADC0LTL$0$0                      lab3_2_1
     000000C6  G$BUS_EN$0$0                       lab3_2_1
     000000C6  G$ENSMB$0$0                        lab3_2_1
     000000C6  _ADC0LTL                           lab3_2_1
     000000C6  _BUS_EN                            lab3_2_1
     000000C6  _ENSMB                             lab3_2_1
     000000C7  G$ADC0LTH$0$0                      lab3_2_1
     000000C7  G$BUSY$0$0                         lab3_2_1
     000000C7  G$BUS_BUSY$0$0                     lab3_2_1
     000000C7  _ADC0LTH                           lab3_2_1
     000000C7  _BUSY                              lab3_2_1
     000000C7  _BUS_BUSY                          lab3_2_1
     000000C8  G$CPRL2$0$0                        lab3_2_1
     000000C8  G$T2CON$0$0                        lab3_2_1
     000000C8  _CPRL2                             lab3_2_1
     000000C8  _T2CON                             lab3_2_1
     000000C9  G$CT2$0$0                          lab3_2_1
     000000C9  G$T4CON$0$0                        lab3_2_1
     000000C9  _CT2                               lab3_2_1
     000000C9  _T4CON                             lab3_2_1
     000000CA  G$RCAP2L$0$0                       lab3_2_1
     000000CA  G$TR2$0$0                          lab3_2_1
     000000CA  _RCAP2L                            lab3_2_1
     000000CA  _TR2                               lab3_2_1
     000000CB  G$EXEN2$0$0                        lab3_2_1
     000000CB  G$RCAP2H$0$0                       lab3_2_1
     000000CB  _EXEN2                             lab3_2_1
     000000CB  _RCAP2H                            lab3_2_1
     000000CC  G$TCLK$0$0                         lab3_2_1
     000000CC  G$TL2$0$0                          lab3_2_1
     000000CC  _TCLK                              lab3_2_1
     000000CC  _TL2                               lab3_2_1
     000000CD  G$RCLK$0$0                         lab3_2_1
     000000CD  G$TH2$0$0                          lab3_2_1
     000000CD  _RCLK                              lab3_2_1
     000000CD  _TH2                               lab3_2_1
     000000CE  G$EXF2$0$0                         lab3_2_1
ASxxxx Linker V03.00 + NoICE + sdld,  page 10.
Hexadecimal  [32-Bits]

Area                                    Addr        Size        Decimal Bytes (Attributes)
--------------------------------        ----        ----        ------- ----- ------------
.  .ABS.                            00000000    00000000 =           0. bytes (ABS,CON)

      Value  Global                              Global Defined In Module
      -----  --------------------------------   ------------------------
     000000CE  _EXF2                              lab3_2_1
     000000CF  G$SMB0CR$0$0                       lab3_2_1
     000000CF  G$TF2$0$0                          lab3_2_1
     000000CF  _SMB0CR                            lab3_2_1
     000000CF  _TF2                               lab3_2_1
     000000D0  G$P$0$0                            lab3_2_1
     000000D0  G$PSW$0$0                          lab3_2_1
     000000D0  _P                                 lab3_2_1
     000000D0  _PSW                               lab3_2_1
     000000D1  G$F1$0$0                           lab3_2_1
     000000D1  G$REF0CN$0$0                       lab3_2_1
     000000D1  _F1                                lab3_2_1
     000000D1  _REF0CN                            lab3_2_1
     000000D2  G$DAC0L$0$0                        lab3_2_1
     000000D2  G$OV$0$0                           lab3_2_1
     000000D2  _DAC0L                             lab3_2_1
     000000D2  _OV                                lab3_2_1
     000000D3  G$DAC0H$0$0                        lab3_2_1
     000000D3  G$RS0$0$0                          lab3_2_1
     000000D3  _DAC0H                             lab3_2_1
     000000D3  _RS0                               lab3_2_1
     000000D4  G$DAC0CN$0$0                       lab3_2_1
     000000D4  G$RS1$0$0                          lab3_2_1
     000000D4  _DAC0CN                            lab3_2_1
     000000D4  _RS1                               lab3_2_1
     000000D5  G$DAC1L$0$0                        lab3_2_1
     000000D5  G$F0$0$0                           lab3_2_1
     000000D5  _DAC1L                             lab3_2_1
     000000D5  _F0                                lab3_2_1
     000000D6  G$AC$0$0                           lab3_2_1
     000000D6  G$DAC1H$0$0                        lab3_2_1
     000000D6  _AC                                lab3_2_1
     000000D6  _DAC1H                             lab3_2_1
     000000D7  G$CY$0$0                           lab3_2_1
     000000D7  G$DAC1CN$0$0                       lab3_2_1
     000000D7  _CY                                lab3_2_1
     000000D7  _DAC1CN                            lab3_2_1
     000000D8  G$CCF0$0$0                         lab3_2_1
     000000D8  G$PCA0CN$0$0                       lab3_2_1
     000000D8  _CCF0                              lab3_2_1
     000000D8  _PCA0CN                            lab3_2_1
     000000D9  G$CCF1$0$0                         lab3_2_1
     000000D9  G$PCA0MD$0$0                       lab3_2_1
     000000D9  _CCF1                              lab3_2_1
     000000D9  _PCA0MD                            lab3_2_1
     000000DA  G$CCF2$0$0                         lab3_2_1
     000000DA  G$PCA0CPM0$0$0                     lab3_2_1
     000000DA  _CCF2                              lab3_2_1
     000000DA  _PCA0CPM0                          lab3_2_1
     000000DB  G$CCF3$0$0                         lab3_2_1
     000000DB  G$PCA0CPM1$0$0                     lab3_2_1
ASxxxx Linker V03.00 + NoICE + sdld,  page 11.
Hexadecimal  [32-Bits]

Area                                    Addr        Size        Decimal Bytes (Attributes)
--------------------------------        ----        ----        ------- ----- ------------
.  .ABS.                            00000000    00000000 =           0. bytes (ABS,CON)

      Value  Global                              Global Defined In Module
      -----  --------------------------------   ------------------------
     000000DB  _CCF3                              lab3_2_1
     000000DB  _PCA0CPM1                          lab3_2_1
     000000DC  G$CCF4$0$0                         lab3_2_1
     000000DC  G$PCA0CPM2$0$0                     lab3_2_1
     000000DC  _CCF4                              lab3_2_1
     000000DC  _PCA0CPM2                          lab3_2_1
     000000DD  G$PCA0CPM3$0$0                     lab3_2_1
     000000DD  _PCA0CPM3                          lab3_2_1
     000000DE  G$CR$0$0                           lab3_2_1
     000000DE  G$PCA0CPM4$0$0                     lab3_2_1
     000000DE  _CR                                lab3_2_1
     000000DE  _PCA0CPM4                          lab3_2_1
     000000DF  G$CF$0$0                           lab3_2_1
     000000DF  _CF                                lab3_2_1
     000000E0  G$ACC$0$0                          lab3_2_1
     000000E0  _ACC                               lab3_2_1
     000000E1  G$XBR0$0$0                         lab3_2_1
     000000E1  _XBR0                              lab3_2_1
     000000E2  G$XBR1$0$0                         lab3_2_1
     000000E2  _XBR1                              lab3_2_1
     000000E3  G$XBR2$0$0                         lab3_2_1
     000000E3  _XBR2                              lab3_2_1
     000000E4  G$RCAP4L$0$0                       lab3_2_1
     000000E4  _RCAP4L                            lab3_2_1
     000000E5  G$RCAP4H$0$0                       lab3_2_1
     000000E5  _RCAP4H                            lab3_2_1
     000000E6  G$EIE1$0$0                         lab3_2_1
     000000E6  _EIE1                              lab3_2_1
     000000E7  G$EIE2$0$0                         lab3_2_1
     000000E7  _EIE2                              lab3_2_1
     000000E8  G$AD0LJST$0$0                      lab3_2_1
     000000E8  G$ADC0CN$0$0                       lab3_2_1
     000000E8  G$ADLJST$0$0                       lab3_2_1
     000000E8  _AD0LJST                           lab3_2_1
     000000E8  _ADC0CN                            lab3_2_1
     000000E8  _ADLJST                            lab3_2_1
     000000E9  G$AD0WINT$0$0                      lab3_2_1
     000000E9  G$ADWINT$0$0                       lab3_2_1
     000000E9  G$PCA0L$0$0                        lab3_2_1
     000000E9  _AD0WINT                           lab3_2_1
     000000E9  _ADWINT                            lab3_2_1
     000000E9  _PCA0L                             lab3_2_1
     000000EA  G$AD0CM0$0$0                       lab3_2_1
     000000EA  G$ADSTM0$0$0                       lab3_2_1
     000000EA  G$PCA0CPL0$0$0                     lab3_2_1
     000000EA  _AD0CM0                            lab3_2_1
     000000EA  _ADSTM0                            lab3_2_1
     000000EA  _PCA0CPL0                          lab3_2_1
     000000EB  G$AD0CM1$0$0                       lab3_2_1
     000000EB  G$ADSTM1$0$0                       lab3_2_1
     000000EB  G$PCA0CPL1$0$0                     lab3_2_1
ASxxxx Linker V03.00 + NoICE + sdld,  page 12.
Hexadecimal  [32-Bits]

Area                                    Addr        Size        Decimal Bytes (Attributes)
--------------------------------        ----        ----        ------- ----- ------------
.  .ABS.                            00000000    00000000 =           0. bytes (ABS,CON)

      Value  Global                              Global Defined In Module
      -----  --------------------------------   ------------------------
     000000EB  _AD0CM1                            lab3_2_1
     000000EB  _ADSTM1                            lab3_2_1
     000000EB  _PCA0CPL1                          lab3_2_1
     000000EC  G$AD0BUSY$0$0                      lab3_2_1
     000000EC  G$ADBUSY$0$0                       lab3_2_1
     000000EC  G$PCA0CPL2$0$0                     lab3_2_1
     000000EC  _AD0BUSY                           lab3_2_1
     000000EC  _ADBUSY                            lab3_2_1
     000000EC  _PCA0CPL2                          lab3_2_1
     000000ED  G$AD0INT$0$0                       lab3_2_1
     000000ED  G$ADCINT$0$0                       lab3_2_1
     000000ED  G$PCA0CPL3$0$0                     lab3_2_1
     000000ED  _AD0INT                            lab3_2_1
     000000ED  _ADCINT                            lab3_2_1
     000000ED  _PCA0CPL3                          lab3_2_1
     000000EE  G$AD0TM$0$0                        lab3_2_1
     000000EE  G$ADCTM$0$0                        lab3_2_1
     000000EE  G$PCA0CPL4$0$0                     lab3_2_1
     000000EE  _AD0TM                             lab3_2_1
     000000EE  _ADCTM                             lab3_2_1
     000000EE  _PCA0CPL4                          lab3_2_1
     000000EF  G$AD0EN$0$0                        lab3_2_1
     000000EF  G$ADCEN$0$0                        lab3_2_1
     000000EF  G$RSTSRC$0$0                       lab3_2_1
     000000EF  _AD0EN                             lab3_2_1
     000000EF  _ADCEN                             lab3_2_1
     000000EF  _RSTSRC                            lab3_2_1
     000000F0  G$B$0$0                            lab3_2_1
     000000F0  _B                                 lab3_2_1
     000000F1  G$SCON1$0$0                        lab3_2_1
     000000F1  _SCON1                             lab3_2_1
     000000F2  G$SBUF1$0$0                        lab3_2_1
     000000F2  _SBUF1                             lab3_2_1
     000000F3  G$SADDR1$0$0                       lab3_2_1
     000000F3  _SADDR1                            lab3_2_1
     000000F4  G$TL4$0$0                          lab3_2_1
     000000F4  _TL4                               lab3_2_1
     000000F5  G$TH4$0$0                          lab3_2_1
     000000F5  _B_5                               _gptrget
     000000F5  _TH4                               lab3_2_1
     000000F6  G$EIP1$0$0                         lab3_2_1
     000000F6  _B_6                               _gptrget
     000000F6  _EIP1                              lab3_2_1
     000000F7  G$EIP2$0$0                         lab3_2_1
     000000F7  _B_7                               _gptrget
     000000F7  _EIP2                              lab3_2_1
     000000F8  G$SPI0CN$0$0                       lab3_2_1
     000000F8  G$SPIEN$0$0                        lab3_2_1
     000000F8  _SPI0CN                            lab3_2_1
     000000F8  _SPIEN                             lab3_2_1
     000000F9  G$MSTEN$0$0                        lab3_2_1
ASxxxx Linker V03.00 + NoICE + sdld,  page 13.
Hexadecimal  [32-Bits]

Area                                    Addr        Size        Decimal Bytes (Attributes)
--------------------------------        ----        ----        ------- ----- ------------
.  .ABS.                            00000000    00000000 =           0. bytes (ABS,CON)

      Value  Global                              Global Defined In Module
      -----  --------------------------------   ------------------------
     000000F9  G$PCA0H$0$0                        lab3_2_1
     000000F9  _MSTEN                             lab3_2_1
     000000F9  _PCA0H                             lab3_2_1
     000000FA  G$PCA0CPH0$0$0                     lab3_2_1
     000000FA  G$SLVSEL$0$0                       lab3_2_1
     000000FA  _PCA0CPH0                          lab3_2_1
     000000FA  _SLVSEL                            lab3_2_1
     000000FB  G$PCA0CPH1$0$0                     lab3_2_1
     000000FB  G$TXBSY$0$0                        lab3_2_1
     000000FB  _PCA0CPH1                          lab3_2_1
     000000FB  _TXBSY                             lab3_2_1
     000000FC  G$PCA0CPH2$0$0                     lab3_2_1
     000000FC  G$RXOVRN$0$0                       lab3_2_1
     000000FC  _PCA0CPH2                          lab3_2_1
     000000FC  _RXOVRN                            lab3_2_1
     000000FD  G$MODF$0$0                         lab3_2_1
     000000FD  G$PCA0CPH3$0$0                     lab3_2_1
     000000FD  _MODF                              lab3_2_1
     000000FD  _PCA0CPH3                          lab3_2_1
     000000FE  G$PCA0CPH4$0$0                     lab3_2_1
     000000FE  G$WCOL$0$0                         lab3_2_1
     000000FE  _PCA0CPH4                          lab3_2_1
     000000FE  _WCOL                              lab3_2_1
     000000FF  G$SPIF$0$0                         lab3_2_1
     000000FF  G$WDTCN$0$0                        lab3_2_1
     000000FF  _SPIF                              lab3_2_1
     000000FF  _WDTCN                             lab3_2_1
     00008C8A  G$TMR0$0$0                         lab3_2_1
     00008C8A  _TMR0                              lab3_2_1
     00008D8B  G$TMR1$0$0                         lab3_2_1
     00008D8B  _TMR1                              lab3_2_1
     00009392  G$TMR3RL$0$0                       lab3_2_1
     00009392  _TMR3RL                            lab3_2_1
     00009594  G$TMR3$0$0                         lab3_2_1
     00009594  _TMR3                              lab3_2_1
     0000BFBE  G$ADC0$0$0                         lab3_2_1
     0000BFBE  _ADC0                              lab3_2_1
     0000C5C4  G$ADC0GT$0$0                       lab3_2_1
     0000C5C4  _ADC0GT                            lab3_2_1
     0000C7C6  G$ADC0LT$0$0                       lab3_2_1
     0000C7C6  _ADC0LT                            lab3_2_1
     0000CBCA  G$RCAP2$0$0                        lab3_2_1
     0000CBCA  _RCAP2                             lab3_2_1
     0000CDCC  G$TMR2$0$0                         lab3_2_1
     0000CDCC  _TMR2                              lab3_2_1
     0000D3D2  G$DAC0$0$0                         lab3_2_1
     0000D3D2  _DAC0                              lab3_2_1
     0000D6D5  G$DAC1$0$0                         lab3_2_1
     0000D6D5  _DAC1                              lab3_2_1
     0000E5E4  G$RCAP4$0$0                        lab3_2_1
     0000E5E4  _RCAP4                             lab3_2_1
ASxxxx Linker V03.00 + NoICE + sdld,  page 14.
Hexadecimal  [32-Bits]

Area                                    Addr        Size        Decimal Bytes (Attributes)
--------------------------------        ----        ----        ------- ----- ------------
.  .ABS.                            00000000    00000000 =           0. bytes (ABS,CON)

      Value  Global                              Global Defined In Module
      -----  --------------------------------   ------------------------
     0000F5F4  G$TMR4$0$0                         lab3_2_1
     0000F5F4  _TMR4                              lab3_2_1
     0000F9E9  G$PCA0$0$0                         lab3_2_1
     0000F9E9  _PCA0                              lab3_2_1
     0000FAEA  G$PCA0CP0$0$0                      lab3_2_1
     0000FAEA  _PCA0CP0                           lab3_2_1
     0000FBEB  G$PCA0CP1$0$0                      lab3_2_1
     0000FBEB  _PCA0CP1                           lab3_2_1
     0000FCEC  G$PCA0CP2$0$0                      lab3_2_1
     0000FCEC  _PCA0CP2                           lab3_2_1
     0000FDED  G$PCA0CP3$0$0                      lab3_2_1
     0000FDED  _PCA0CP3                           lab3_2_1
     0000FEEE  G$PCA0CP4$0$0                      lab3_2_1
     0000FEEE  _PCA0CP4                           lab3_2_1

ASxxxx Linker V03.00 + NoICE + sdld,  page 15.
Hexadecimal  [32-Bits]

Area                                    Addr        Size        Decimal Bytes (Attributes)
--------------------------------        ----        ----        ------- ----- ------------
BSEG_BYTES                          00000020    00000002 =           2. bytes (REL,CON)

      Value  Global                              Global Defined In Module
      -----  --------------------------------   ------------------------
ASxxxx Linker V03.00 + NoICE + sdld,  page 16.
Hexadecimal  [32-Bits]

Area                                    Addr        Size        Decimal Bytes (Attributes)
--------------------------------        ----        ----        ------- ----- ------------
REG_BANK_0                          00000000    00000008 =           8. bytes (REL,OVR)

      Value  Global                              Global Defined In Module
      -----  --------------------------------   ------------------------
ASxxxx Linker V03.00 + NoICE + sdld,  page 17.
Hexadecimal  [32-Bits]

Area                                    Addr        Size        Decimal Bytes (Attributes)
--------------------------------        ----        ----        ------- ----- ------------
DSEG                                00000000    0000007D =         125. bytes (REL,CON)

      Value  Global                              Global Defined In Module
      -----  --------------------------------   ------------------------
     00000008  _vsprintf_PARM_2                   sprintf
     0000000B  _vsprintf_PARM_3                   sprintf
     0000000F  _bp                                _bp
     00000010  _vprintf_PARM_2                    vprintf
     00000022  G$Data2$0$0                        lab3_2_1
     00000022  _Data2                             lab3_2_1
     00000025  Llab3_2_1.aligned_alloc$size$1$3   lab3_2_1
     00000025  _aligned_alloc_PARM_2              lab3_2_1
     00000027  Llab3_2_1.lcd_clear$NumBytes$1$8   lab3_2_1
     00000028  Llab3_2_1.lcd_clear$Cmd$1$85       lab3_2_1
     0000002A  Llab3_2_1.read_keypad$Data$1$86    lab3_2_1
     0000002C  Llab3_2_1.i2c_write_data$start_r   lab3_2_1
     0000002C  _i2c_write_data_PARM_2             lab3_2_1
     0000002D  Llab3_2_1.i2c_write_data$buffer$   lab3_2_1
     0000002D  _i2c_write_data_PARM_3             lab3_2_1
     00000030  Llab3_2_1.i2c_write_data$num_byt   lab3_2_1
     00000030  _i2c_write_data_PARM_4             lab3_2_1
     00000031  Llab3_2_1.i2c_read_data$start_re   lab3_2_1
     00000031  _i2c_read_data_PARM_2              lab3_2_1
     00000032  Llab3_2_1.i2c_read_data$buffer$1   lab3_2_1
     00000032  _i2c_read_data_PARM_3              lab3_2_1
     00000035  Llab3_2_1.i2c_read_data$num_byte   lab3_2_1
     00000035  _i2c_read_data_PARM_4              lab3_2_1
     00000036  G$DrivePW_Neutral$0$0              lab3_2_1
     00000036  _DrivePW_Neutral                   lab3_2_1
     00000038  G$DrivePW_Min$0$0                  lab3_2_1
     00000038  _DrivePW_Min                       lab3_2_1
     0000003A  G$DrivePW_Max$0$0                  lab3_2_1
     0000003A  _DrivePW_Max                       lab3_2_1
     0000003C  G$DrivePW$0$0                      lab3_2_1
     0000003C  _DrivePW                           lab3_2_1
     0000003E  G$counts$0$0                       lab3_2_1
     0000003E  _counts                            lab3_2_1
     00000040  G$ranger_count$0$0                 lab3_2_1
     00000040  _ranger_count                      lab3_2_1
     00000042  G$new_range$0$0                    lab3_2_1
     00000042  _new_range                         lab3_2_1
     00000044  G$range$0$0                        lab3_2_1
     00000044  _range                             lab3_2_1
     00000046  G$data_array$0$0                   lab3_2_1
     00000046  _data_array                        lab3_2_1
     00000048  G$input_data$0$0                   lab3_2_1
     00000048  _input_data                        lab3_2_1
     00000055  __print_format_PARM_2              printf_large
     00000058  __print_format_PARM_3              printf_large
     0000005B  __print_format_PARM_4              printf_large

ASxxxx Linker V03.00 + NoICE + sdld,  page 18.
Hexadecimal  [32-Bits]

Area                                    Addr        Size        Decimal Bytes (Attributes)
--------------------------------        ----        ----        ------- ----- ------------
OSEG                                00000011    00000006 =           6. bytes (REL,OVR)

      Value  Global                              Global Defined In Module
      -----  --------------------------------   ------------------------
     00000011  __gptrput_PARM_2                   _gptrput
     00000011  __mulint_PARM_2                    _mulint

ASxxxx Linker V03.00 + NoICE + sdld,  page 19.
Hexadecimal  [32-Bits]

Area                                    Addr        Size        Decimal Bytes (Attributes)
--------------------------------        ----        ----        ------- ----- ------------
ISEG                                00000017    00000006 =           6. bytes (REL,CON)

      Value  Global                              Global Defined In Module
      -----  --------------------------------   ------------------------
ASxxxx Linker V03.00 + NoICE + sdld,  page 20.
Hexadecimal  [32-Bits]

Area                                    Addr        Size        Decimal Bytes (Attributes)
--------------------------------        ----        ----        ------- ----- ------------
SSEG                                00000063    0000009D =         157. bytes (REL,OVR)

      Value  Global                              Global Defined In Module
      -----  --------------------------------   ------------------------
     00000063  __start__stack                     lab3_2_1

ASxxxx Linker V03.00 + NoICE + sdld,  page 21.
Hexadecimal  [32-Bits]

Area                                    Addr        Size        Decimal Bytes (Attributes)
--------------------------------        ----        ----        ------- ----- ------------
XSEG                                00000001    00000050 =          80. bytes (REL,CON,XDATA)

      Value  Global                              Global Defined In Module
      -----  --------------------------------   ------------------------
D:   00000001  Llab3_2_1.lcd_print$text$1$81      lab3_2_1

ASxxxx Linker V03.00 + NoICE + sdld,  page 22.
Hexadecimal  [32-Bits]

Area                                    Addr        Size        Decimal Bytes (Attributes)
--------------------------------        ----        ----        ------- ----- ------------
HOME                                00000000    00000051 =          81. bytes (REL,CON,CODE)

      Value  Global                              Global Defined In Module
      -----  --------------------------------   ------------------------
C:   00000000  A$lab3-2-1$1062                    lab3_2_1
C:   00000003  A$lab3-2-1$1063                    lab3_2_1
C:   0000000B  A$lab3-2-1$1065                    lab3_2_1
C:   00000013  A$lab3-2-1$1067                    lab3_2_1
C:   0000001B  A$lab3-2-1$1069                    lab3_2_1
C:   00000023  A$lab3-2-1$1071                    lab3_2_1
C:   0000002B  A$lab3-2-1$1073                    lab3_2_1
C:   00000033  A$lab3-2-1$1075                    lab3_2_1
C:   0000003B  A$lab3-2-1$1077                    lab3_2_1
C:   00000043  A$lab3-2-1$1079                    lab3_2_1
C:   0000004B  A$lab3-2-1$1081                    lab3_2_1
C:   0000004E  A$lab3-2-1$1118                    lab3_2_1
C:   0000004E  __sdcc_program_startup             lab3_2_1

ASxxxx Linker V03.00 + NoICE + sdld,  page 23.
Hexadecimal  [32-Bits]

Area                                    Addr        Size        Decimal Bytes (Attributes)
--------------------------------        ----        ----        ------- ----- ------------
GSINIT0                             00000051    00000003 =           3. bytes (REL,CON,CODE)

      Value  Global                              Global Defined In Module
      -----  --------------------------------   ------------------------
C:   00000051  __sdcc_gsinit_startup              

ASxxxx Linker V03.00 + NoICE + sdld,  page 24.
Hexadecimal  [32-Bits]

Area                                    Addr        Size        Decimal Bytes (Attributes)
--------------------------------        ----        ----        ------- ----- ------------
GSINIT2                             00000054    0000000A =          10. bytes (REL,CON,CODE)

      Value  Global                              Global Defined In Module
      -----  --------------------------------   ------------------------
ASxxxx Linker V03.00 + NoICE + sdld,  page 25.
Hexadecimal  [32-Bits]

Area                                    Addr        Size        Decimal Bytes (Attributes)
--------------------------------        ----        ----        ------- ----- ------------
GSINIT3                             0000005E    00000022 =          34. bytes (REL,CON,CODE)

      Value  Global                              Global Defined In Module
      -----  --------------------------------   ------------------------
C:   0000005E  __mcs51_genXINIT                   

ASxxxx Linker V03.00 + NoICE + sdld,  page 26.
Hexadecimal  [32-Bits]

Area                                    Addr        Size        Decimal Bytes (Attributes)
--------------------------------        ----        ----        ------- ----- ------------
GSINIT4                             00000080    0000002A =          42. bytes (REL,CON,CODE)

      Value  Global                              Global Defined In Module
      -----  --------------------------------   ------------------------
C:   00000080  __mcs51_genRAMCLEAR                
C:   00000086  __mcs51_genXRAMCLEAR               

ASxxxx Linker V03.00 + NoICE + sdld,  page 27.
Hexadecimal  [32-Bits]

Area                                    Addr        Size        Decimal Bytes (Attributes)
--------------------------------        ----        ----        ------- ----- ------------
GSINIT                              000000AA    00000015 =          21. bytes (REL,CON,CODE)

      Value  Global                              Global Defined In Module
      -----  --------------------------------   ------------------------
C:   000000AA  A$lab3-2-1$1097                    lab3_2_1
C:   000000AA  C$lab3_2_1.c$19$1$142              lab3_2_1
C:   000000AD  A$lab3-2-1$1098                    lab3_2_1
C:   000000B0  A$lab3-2-1$1101                    lab3_2_1
C:   000000B0  C$lab3_2_1.c$20$1$142              lab3_2_1
C:   000000B3  A$lab3-2-1$1102                    lab3_2_1
C:   000000B6  A$lab3-2-1$1105                    lab3_2_1
C:   000000B6  C$lab3_2_1.c$21$1$142              lab3_2_1
C:   000000B9  A$lab3-2-1$1106                    lab3_2_1
C:   000000BC  A$lab3-2-1$1109                    lab3_2_1
C:   000000BC  C$lab3_2_1.c$28$1$142              lab3_2_1

ASxxxx Linker V03.00 + NoICE + sdld,  page 28.
Hexadecimal  [32-Bits]

Area                                    Addr        Size        Decimal Bytes (Attributes)
--------------------------------        ----        ----        ------- ----- ------------
GSFINAL                             000000BF    00000003 =           3. bytes (REL,CON,CODE)

      Value  Global                              Global Defined In Module
      -----  --------------------------------   ------------------------
C:   000000BF  A$lab3-2-1$1111                    lab3_2_1

ASxxxx Linker V03.00 + NoICE + sdld,  page 29.
Hexadecimal  [32-Bits]

Area                                    Addr        Size        Decimal Bytes (Attributes)
--------------------------------        ----        ----        ------- ----- ------------
CSEG                                000000C2    00000DED =        3565. bytes (REL,CON,CODE)

      Value  Global                              Global Defined In Module
      -----  --------------------------------   ------------------------
C:   000000C2  A$lab3-2-1$1146                    lab3_2_1
C:   000000C2  C$c8051_SDCC.h$62$0$0              lab3_2_1
C:   000000C2  C$c8051_SDCC.h$66$1$2              lab3_2_1
C:   000000C2  G$SYSCLK_Init$0$0                  lab3_2_1
C:   000000C2  _SYSCLK_Init                       lab3_2_1
C:   000000C5  A$lab3-2-1$1149                    lab3_2_1
C:   000000C5  C$c8051_SDCC.h$69$1$2              lab3_2_1
C:   000000C7  A$lab3-2-1$1150                    lab3_2_1
C:   000000C9  A$lab3-2-1$1152                    lab3_2_1
C:   000000CA  A$lab3-2-1$1153                    lab3_2_1
C:   000000CC  A$lab3-2-1$1154                    lab3_2_1
C:   000000CD  A$lab3-2-1$1155                    lab3_2_1
C:   000000CE  A$lab3-2-1$1156                    lab3_2_1
C:   000000D0  A$lab3-2-1$1157                    lab3_2_1
C:   000000D1  A$lab3-2-1$1158                    lab3_2_1
C:   000000D3  A$lab3-2-1$1159                    lab3_2_1
C:   000000D5  A$lab3-2-1$1160                    lab3_2_1
C:   000000D6  A$lab3-2-1$1161                    lab3_2_1
C:   000000D7  A$lab3-2-1$1162                    lab3_2_1
C:   000000D9  A$lab3-2-1$1166                    lab3_2_1
C:   000000D9  C$c8051_SDCC.h$71$1$2              lab3_2_1
C:   000000DB  A$lab3-2-1$1167                    lab3_2_1
C:   000000DE  A$lab3-2-1$1170                    lab3_2_1
C:   000000DE  C$c8051_SDCC.h$73$1$2              lab3_2_1
C:   000000E1  A$lab3-2-1$1173                    lab3_2_1
C:   000000E1  C$c8051_SDCC.h$76$1$2              lab3_2_1
C:   000000E1  XG$SYSCLK_Init$0$0                 lab3_2_1
C:   000000E2  A$lab3-2-1$1186                    lab3_2_1
C:   000000E2  C$c8051_SDCC.h$84$1$2              lab3_2_1
C:   000000E2  C$c8051_SDCC.h$86$1$4              lab3_2_1
C:   000000E2  G$UART0_Init$0$0                   lab3_2_1
C:   000000E2  _UART0_Init                        lab3_2_1
C:   000000E5  A$lab3-2-1$1189                    lab3_2_1
C:   000000E5  C$c8051_SDCC.h$87$1$4              lab3_2_1
C:   000000E8  A$lab3-2-1$1192                    lab3_2_1
C:   000000E8  C$c8051_SDCC.h$88$1$4              lab3_2_1
C:   000000EB  A$lab3-2-1$1195                    lab3_2_1
C:   000000EB  C$c8051_SDCC.h$89$1$4              lab3_2_1
C:   000000ED  A$lab3-2-1$1198                    lab3_2_1
C:   000000ED  C$c8051_SDCC.h$90$1$4              lab3_2_1
C:   000000F0  A$lab3-2-1$1201                    lab3_2_1
C:   000000F0  C$c8051_SDCC.h$91$1$4              lab3_2_1
C:   000000F3  A$lab3-2-1$1204                    lab3_2_1
C:   000000F3  C$c8051_SDCC.h$93$1$4              lab3_2_1
C:   000000F5  A$lab3-2-1$1207                    lab3_2_1
C:   000000F5  C$c8051_SDCC.h$94$1$4              lab3_2_1
C:   000000F8  A$lab3-2-1$1210                    lab3_2_1
C:   000000F8  C$c8051_SDCC.h$95$1$4              lab3_2_1
C:   000000F8  XG$UART0_Init$0$0                  lab3_2_1
C:   000000F9  A$lab3-2-1$1223                    lab3_2_1
ASxxxx Linker V03.00 + NoICE + sdld,  page 30.
Hexadecimal  [32-Bits]

Area                                    Addr        Size        Decimal Bytes (Attributes)
--------------------------------        ----        ----        ------- ----- ------------
CSEG                                000000C2    00000DED =        3565. bytes (REL,CON,CODE)

      Value  Global                              Global Defined In Module
      -----  --------------------------------   ------------------------
C:   000000F9  C$c8051_SDCC.h$103$1$4             lab3_2_1
C:   000000F9  C$c8051_SDCC.h$105$1$6             lab3_2_1
C:   000000F9  G$Sys_Init$0$0                     lab3_2_1
C:   000000F9  _Sys_Init                          lab3_2_1
C:   000000FC  A$lab3-2-1$1226                    lab3_2_1
C:   000000FC  C$c8051_SDCC.h$106$1$6             lab3_2_1
C:   000000FF  A$lab3-2-1$1229                    lab3_2_1
C:   000000FF  C$c8051_SDCC.h$108$1$6             lab3_2_1
C:   00000102  A$lab3-2-1$1232                    lab3_2_1
C:   00000102  C$c8051_SDCC.h$109$1$6             lab3_2_1
C:   00000105  A$lab3-2-1$1235                    lab3_2_1
C:   00000105  C$c8051_SDCC.h$111$1$6             lab3_2_1
C:   00000108  A$lab3-2-1$1238                    lab3_2_1
C:   00000108  C$c8051_SDCC.h$112$1$6             lab3_2_1
C:   0000010B  A$lab3-2-1$1241                    lab3_2_1
C:   0000010B  C$c8051_SDCC.h$113$1$6             lab3_2_1
C:   0000010B  XG$Sys_Init$0$0                    lab3_2_1
C:   0000010C  A$lab3-2-1$1254                    lab3_2_1
C:   0000010C  C$c8051_SDCC.h$129$1$6             lab3_2_1
C:   0000010C  G$putchar$0$0                      lab3_2_1
C:   0000010C  _putchar                           lab3_2_1
C:   0000010E  A$lab3-2-1$1260                    lab3_2_1
C:   0000010E  C$c8051_SDCC.h$132$1$8             lab3_2_1
C:   0000010E  C$c8051_SDCC.h$133$1$8             lab3_2_1
C:   00000111  A$lab3-2-1$1261                    lab3_2_1
C:   00000113  A$lab3-2-1$1265                    lab3_2_1
C:   00000113  C$c8051_SDCC.h$134$1$8             lab3_2_1
C:   00000115  A$lab3-2-1$1268                    lab3_2_1
C:   00000115  C$c8051_SDCC.h$135$1$8             lab3_2_1
C:   00000115  XG$putchar$0$0                     lab3_2_1
C:   00000116  A$lab3-2-1$1286                    lab3_2_1
C:   00000116  C$c8051_SDCC.h$154$1$8             lab3_2_1
C:   00000116  C$c8051_SDCC.h$157$1$10            lab3_2_1
C:   00000116  C$c8051_SDCC.h$158$1$10            lab3_2_1
C:   00000116  G$getchar$0$0                      lab3_2_1
C:   00000116  _getchar                           lab3_2_1
C:   00000119  A$lab3-2-1$1287                    lab3_2_1
C:   0000011B  A$lab3-2-1$1291                    lab3_2_1
C:   0000011B  C$c8051_SDCC.h$159$1$10            lab3_2_1
C:   0000011D  A$lab3-2-1$1294                    lab3_2_1
C:   0000011D  C$c8051_SDCC.h$160$1$10            lab3_2_1
C:   0000011F  A$lab3-2-1$1295                    lab3_2_1
C:   00000121  A$lab3-2-1$1296                    lab3_2_1
C:   00000124  A$lab3-2-1$1297                    lab3_2_1
C:   00000126  A$lab3-2-1$1300                    lab3_2_1
C:   00000126  C$c8051_SDCC.h$161$1$10            lab3_2_1
C:   00000128  A$lab3-2-1$1303                    lab3_2_1
C:   00000128  C$c8051_SDCC.h$162$1$10            lab3_2_1
C:   00000128  XG$getchar$0$0                     lab3_2_1
C:   00000129  A$lab3-2-1$1318                    lab3_2_1
C:   00000129  C$c8051_SDCC.h$168$1$10            lab3_2_1
ASxxxx Linker V03.00 + NoICE + sdld,  page 31.
Hexadecimal  [32-Bits]

Area                                    Addr        Size        Decimal Bytes (Attributes)
--------------------------------        ----        ----        ------- ----- ------------
CSEG                                000000C2    00000DED =        3565. bytes (REL,CON,CODE)

      Value  Global                              Global Defined In Module
      -----  --------------------------------   ------------------------
C:   00000129  C$c8051_SDCC.h$171$1$12            lab3_2_1
C:   00000129  G$getchar_nw$0$0                   lab3_2_1
C:   00000129  _getchar_nw                        lab3_2_1
C:   0000012C  A$lab3-2-1$1319                    lab3_2_1
C:   0000012F  A$lab3-2-1$1320                    lab3_2_1
C:   00000131  A$lab3-2-1$1324                    lab3_2_1
C:   00000131  C$c8051_SDCC.h$174$2$13            lab3_2_1
C:   00000133  A$lab3-2-1$1327                    lab3_2_1
C:   00000133  C$c8051_SDCC.h$175$2$13            lab3_2_1
C:   00000136  A$lab3-2-1$1330                    lab3_2_1
C:   00000136  C$c8051_SDCC.h$176$2$13            lab3_2_1
C:   00000139  A$lab3-2-1$1333                    lab3_2_1
C:   00000139  C$c8051_SDCC.h$177$2$13            lab3_2_1
C:   0000013C  A$lab3-2-1$1337                    lab3_2_1
C:   0000013C  C$c8051_SDCC.h$179$1$12            lab3_2_1
C:   0000013C  XG$getchar_nw$0$0                  lab3_2_1
C:   0000013D  A$lab3-2-1$1354                    lab3_2_1
C:   0000013D  C$i2c.h$84$1$12                    lab3_2_1
C:   0000013D  G$lcd_print$0$0                    lab3_2_1
C:   0000013D  _lcd_print                         lab3_2_1
C:   0000013F  A$lab3-2-1$1355                    lab3_2_1
C:   00000142  A$lab3-2-1$1358                    lab3_2_1
C:   00000142  C$i2c.h$90$1$81                    lab3_2_1
C:   00000144  A$lab3-2-1$1359                    lab3_2_1
C:   00000146  A$lab3-2-1$1360                    lab3_2_1
C:   00000147  A$lab3-2-1$1361                    lab3_2_1
C:   00000149  A$lab3-2-1$1362                    lab3_2_1
C:   0000014A  A$lab3-2-1$1363                    lab3_2_1
C:   0000014C  A$lab3-2-1$1364                    lab3_2_1
C:   0000014D  A$lab3-2-1$1365                    lab3_2_1
C:   0000014F  A$lab3-2-1$1366                    lab3_2_1
C:   00000152  A$lab3-2-1$1367                    lab3_2_1
C:   00000154  A$lab3-2-1$1368                    lab3_2_1
C:   00000157  A$lab3-2-1$1369                    lab3_2_1
C:   00000159  A$lab3-2-1$1370                    lab3_2_1
C:   0000015B  A$lab3-2-1$1371                    lab3_2_1
C:   0000015D  A$lab3-2-1$1375                    lab3_2_1
C:   0000015D  C$i2c.h$92$2$82                    lab3_2_1
C:   0000015F  A$lab3-2-1$1376                    lab3_2_1
C:   00000161  A$lab3-2-1$1377                    lab3_2_1
C:   00000162  A$lab3-2-1$1378                    lab3_2_1
C:   00000164  A$lab3-2-1$1381                    lab3_2_1
C:   00000164  C$i2c.h$93$1$81                    lab3_2_1
C:   00000166  A$lab3-2-1$1382                    lab3_2_1
C:   00000168  A$lab3-2-1$1383                    lab3_2_1
C:   00000169  A$lab3-2-1$1384                    lab3_2_1
C:   0000016B  A$lab3-2-1$1385                    lab3_2_1
C:   0000016C  A$lab3-2-1$1386                    lab3_2_1
C:   0000016E  A$lab3-2-1$1387                    lab3_2_1
C:   0000016F  A$lab3-2-1$1388                    lab3_2_1
C:   00000171  A$lab3-2-1$1389                    lab3_2_1
ASxxxx Linker V03.00 + NoICE + sdld,  page 32.
Hexadecimal  [32-Bits]

Area                                    Addr        Size        Decimal Bytes (Attributes)
--------------------------------        ----        ----        ------- ----- ------------
CSEG                                000000C2    00000DED =        3565. bytes (REL,CON,CODE)

      Value  Global                              Global Defined In Module
      -----  --------------------------------   ------------------------
C:   00000174  A$lab3-2-1$1390                    lab3_2_1
C:   00000177  A$lab3-2-1$1391                    lab3_2_1
C:   0000017A  A$lab3-2-1$1394                    lab3_2_1
C:   0000017A  C$i2c.h$96$1$81                    lab3_2_1
C:   0000017D  A$lab3-2-1$1395                    lab3_2_1
C:   00000180  A$lab3-2-1$1396                    lab3_2_1
C:   00000183  A$lab3-2-1$1397                    lab3_2_1
C:   00000185  A$lab3-2-1$1400                    lab3_2_1
C:   00000187  A$lab3-2-1$1402                    lab3_2_1
C:   00000188  A$lab3-2-1$1403                    lab3_2_1
C:   00000189  A$lab3-2-1$1404                    lab3_2_1
C:   0000018A  A$lab3-2-1$1405                    lab3_2_1
C:   0000018C  A$lab3-2-1$1408                    lab3_2_1
C:   0000018C  C$i2c.h$99$2$84                    lab3_2_1
C:   0000018D  A$lab3-2-1$1409                    lab3_2_1
C:   0000018F  A$lab3-2-1$1410                    lab3_2_1
C:   00000191  A$lab3-2-1$1411                    lab3_2_1
C:   00000192  A$lab3-2-1$1412                    lab3_2_1
C:   00000194  A$lab3-2-1$1413                    lab3_2_1
C:   00000196  A$lab3-2-1$1414                    lab3_2_1
C:   00000197  A$lab3-2-1$1415                    lab3_2_1
C:   00000198  A$lab3-2-1$1416                    lab3_2_1
C:   0000019B  A$lab3-2-1$1417                    lab3_2_1
C:   0000019C  A$lab3-2-1$1418                    lab3_2_1
C:   0000019E  A$lab3-2-1$1419                    lab3_2_1
C:   000001A0  A$lab3-2-1$1420                    lab3_2_1
C:   000001A1  A$lab3-2-1$1421                    lab3_2_1
C:   000001A3  A$lab3-2-1$1422                    lab3_2_1
C:   000001A5  A$lab3-2-1$1423                    lab3_2_1
C:   000001A7  A$lab3-2-1$1424                    lab3_2_1
C:   000001A8  A$lab3-2-1$1428                    lab3_2_1
C:   000001A8  C$i2c.h$97$1$81                    lab3_2_1
C:   000001A9  A$lab3-2-1$1429                    lab3_2_1
C:   000001AB  A$lab3-2-1$1433                    lab3_2_1
C:   000001AB  C$i2c.h$102$1$81                   lab3_2_1
C:   000001AE  A$lab3-2-1$1434                    lab3_2_1
C:   000001B1  A$lab3-2-1$1435                    lab3_2_1
C:   000001B4  A$lab3-2-1$1436                    lab3_2_1
C:   000001B7  A$lab3-2-1$1437                    lab3_2_1
C:   000001B9  A$lab3-2-1$1438                    lab3_2_1
C:   000001BC  A$lab3-2-1$1439                    lab3_2_1
C:   000001BF  A$lab3-2-1$1441                    lab3_2_1
C:   000001C1  A$lab3-2-1$1444                    lab3_2_1
C:   000001C1  C$i2c.h$103$1$81                   lab3_2_1
C:   000001C1  XG$lcd_print$0$0                   lab3_2_1
C:   000001C2  A$lab3-2-1$1460                    lab3_2_1
C:   000001C2  C$i2c.h$106$1$81                   lab3_2_1
C:   000001C2  C$i2c.h$108$1$81                   lab3_2_1
C:   000001C2  G$lcd_clear$0$0                    lab3_2_1
C:   000001C2  _lcd_clear                         lab3_2_1
C:   000001C5  A$lab3-2-1$1464                    lab3_2_1
ASxxxx Linker V03.00 + NoICE + sdld,  page 33.
Hexadecimal  [32-Bits]

Area                                    Addr        Size        Decimal Bytes (Attributes)
--------------------------------        ----        ----        ------- ----- ------------
CSEG                                000000C2    00000DED =        3565. bytes (REL,CON,CODE)

      Value  Global                              Global Defined In Module
      -----  --------------------------------   ------------------------
C:   000001C5  C$i2c.h$110$1$85                   lab3_2_1
C:   000001C7  A$lab3-2-1$1465                    lab3_2_1
C:   000001C9  A$lab3-2-1$1466                    lab3_2_1
C:   000001CB  A$lab3-2-1$1467                    lab3_2_1
C:   000001CE  A$lab3-2-1$1468                    lab3_2_1
C:   000001D1  A$lab3-2-1$1469                    lab3_2_1
C:   000001D4  A$lab3-2-1$1470                    lab3_2_1
C:   000001D7  A$lab3-2-1$1471                    lab3_2_1
C:   000001DA  A$lab3-2-1$1472                    lab3_2_1
C:   000001DD  A$lab3-2-1$1473                    lab3_2_1
C:   000001E0  A$lab3-2-1$1474                    lab3_2_1
C:   000001E2  A$lab3-2-1$1478                    lab3_2_1
C:   000001E2  C$i2c.h$112$1$85                   lab3_2_1
C:   000001E5  A$lab3-2-1$1481                    lab3_2_1
C:   000001E5  C$i2c.h$113$1$85                   lab3_2_1
C:   000001E8  A$lab3-2-1$1482                    lab3_2_1
C:   000001EB  A$lab3-2-1$1483                    lab3_2_1
C:   000001EE  A$lab3-2-1$1484                    lab3_2_1
C:   000001F1  A$lab3-2-1$1485                    lab3_2_1
C:   000001F4  A$lab3-2-1$1486                    lab3_2_1
C:   000001F7  A$lab3-2-1$1487                    lab3_2_1
C:   000001FA  A$lab3-2-1$1490                    lab3_2_1
C:   000001FA  C$i2c.h$114$1$85                   lab3_2_1
C:   000001FA  XG$lcd_clear$0$0                   lab3_2_1
C:   000001FB  A$lab3-2-1$1506                    lab3_2_1
C:   000001FB  C$i2c.h$117$1$85                   lab3_2_1
C:   000001FB  C$i2c.h$121$1$86                   lab3_2_1
C:   000001FB  G$read_keypad$0$0                  lab3_2_1
C:   000001FB  _read_keypad                       lab3_2_1
C:   000001FE  A$lab3-2-1$1507                    lab3_2_1
C:   00000201  A$lab3-2-1$1508                    lab3_2_1
C:   00000204  A$lab3-2-1$1509                    lab3_2_1
C:   00000207  A$lab3-2-1$1510                    lab3_2_1
C:   0000020A  A$lab3-2-1$1511                    lab3_2_1
C:   0000020D  A$lab3-2-1$1512                    lab3_2_1
C:   00000210  A$lab3-2-1$1515                    lab3_2_1
C:   00000210  C$i2c.h$122$1$86                   lab3_2_1
C:   00000212  A$lab3-2-1$1516                    lab3_2_1
C:   00000215  A$lab3-2-1$1517                    lab3_2_1
C:   00000218  A$lab3-2-1$1518                    lab3_2_1
C:   0000021A  A$lab3-2-1$1522                    lab3_2_1
C:   0000021C  A$lab3-2-1$1523                    lab3_2_1
C:   0000021E  A$lab3-2-1$1527                    lab3_2_1
C:   0000021E  C$i2c.h$126$2$87                   lab3_2_1
C:   00000220  A$lab3-2-1$1528                    lab3_2_1
C:   00000222  A$lab3-2-1$1529                    lab3_2_1
C:   00000224  A$lab3-2-1$1530                    lab3_2_1
C:   00000226  A$lab3-2-1$1531                    lab3_2_1
C:   00000228  A$lab3-2-1$1533                    lab3_2_1
C:   00000229  A$lab3-2-1$1534                    lab3_2_1
C:   0000022A  A$lab3-2-1$1535                    lab3_2_1
ASxxxx Linker V03.00 + NoICE + sdld,  page 34.
Hexadecimal  [32-Bits]

Area                                    Addr        Size        Decimal Bytes (Attributes)
--------------------------------        ----        ----        ------- ----- ------------
CSEG                                000000C2    00000DED =        3565. bytes (REL,CON,CODE)

      Value  Global                              Global Defined In Module
      -----  --------------------------------   ------------------------
C:   0000022B  A$lab3-2-1$1536                    lab3_2_1
C:   0000022C  A$lab3-2-1$1537                    lab3_2_1
C:   0000022D  A$lab3-2-1$1538                    lab3_2_1
C:   0000022E  A$lab3-2-1$1540                    lab3_2_1
C:   00000231  A$lab3-2-1$1541                    lab3_2_1
C:   00000233  A$lab3-2-1$1542                    lab3_2_1
C:   00000235  A$lab3-2-1$1543                    lab3_2_1
C:   00000236  A$lab3-2-1$1544                    lab3_2_1
C:   00000238  A$lab3-2-1$1545                    lab3_2_1
C:   00000239  A$lab3-2-1$1546                    lab3_2_1
C:   0000023B  A$lab3-2-1$1547                    lab3_2_1
C:   0000023C  A$lab3-2-1$1548                    lab3_2_1
C:   0000023D  A$lab3-2-1$1549                    lab3_2_1
C:   0000023F  A$lab3-2-1$1552                    lab3_2_1
C:   0000023F  C$i2c.h$127$2$87                   lab3_2_1
C:   00000241  A$lab3-2-1$1553                    lab3_2_1
C:   00000242  A$lab3-2-1$1554                    lab3_2_1
C:   00000244  A$lab3-2-1$1555                    lab3_2_1
C:   00000246  A$lab3-2-1$1559                    lab3_2_1
C:   00000246  C$i2c.h$124$1$86                   lab3_2_1
C:   00000247  A$lab3-2-1$1560                    lab3_2_1
C:   00000249  A$lab3-2-1$1561                    lab3_2_1
C:   0000024C  A$lab3-2-1$1563                    lab3_2_1
C:   0000024E  A$lab3-2-1$1566                    lab3_2_1
C:   0000024E  C$i2c.h$130$1$86                   lab3_2_1
C:   00000250  A$lab3-2-1$1567                    lab3_2_1
C:   00000253  A$lab3-2-1$1568                    lab3_2_1
C:   00000256  A$lab3-2-1$1569                    lab3_2_1
C:   00000258  A$lab3-2-1$1573                    lab3_2_1
C:   00000258  C$i2c.h$132$1$86                   lab3_2_1
C:   0000025A  A$lab3-2-1$1574                    lab3_2_1
C:   0000025D  A$lab3-2-1$1575                    lab3_2_1
C:   00000260  A$lab3-2-1$1576                    lab3_2_1
C:   00000262  A$lab3-2-1$1580                    lab3_2_1
C:   00000262  C$i2c.h$134$1$86                   lab3_2_1
C:   00000264  A$lab3-2-1$1581                    lab3_2_1
C:   00000267  A$lab3-2-1$1582                    lab3_2_1
C:   0000026A  A$lab3-2-1$1583                    lab3_2_1
C:   0000026C  A$lab3-2-1$1587                    lab3_2_1
C:   0000026C  C$i2c.h$136$1$86                   lab3_2_1
C:   0000026E  A$lab3-2-1$1588                    lab3_2_1
C:   00000271  A$lab3-2-1$1589                    lab3_2_1
C:   00000274  A$lab3-2-1$1590                    lab3_2_1
C:   00000276  A$lab3-2-1$1594                    lab3_2_1
C:   00000276  C$i2c.h$138$1$86                   lab3_2_1
C:   00000279  A$lab3-2-1$1598                    lab3_2_1
C:   00000279  C$i2c.h$139$1$86                   lab3_2_1
C:   00000279  XG$read_keypad$0$0                 lab3_2_1
C:   0000027A  A$lab3-2-1$1614                    lab3_2_1
C:   0000027A  C$i2c.h$151$1$86                   lab3_2_1
C:   0000027A  G$kpd_input$0$0                    lab3_2_1
ASxxxx Linker V03.00 + NoICE + sdld,  page 35.
Hexadecimal  [32-Bits]

Area                                    Addr        Size        Decimal Bytes (Attributes)
--------------------------------        ----        ----        ------- ----- ------------
CSEG                                000000C2    00000DED =        3565. bytes (REL,CON,CODE)

      Value  Global                              Global Defined In Module
      -----  --------------------------------   ------------------------
C:   0000027A  _kpd_input                         lab3_2_1
C:   0000027C  A$lab3-2-1$1619                    lab3_2_1
C:   0000027C  C$i2c.h$156$1$89                   lab3_2_1
C:   0000027C  C$i2c.h$159$1$89                   lab3_2_1
C:   0000027D  A$lab3-2-1$1620                    lab3_2_1
C:   0000027E  A$lab3-2-1$1621                    lab3_2_1
C:   0000027F  A$lab3-2-1$1622                    lab3_2_1
C:   00000280  A$lab3-2-1$1623                    lab3_2_1
C:   00000282  A$lab3-2-1$1624                    lab3_2_1
C:   00000284  A$lab3-2-1$1625                    lab3_2_1
C:   00000286  A$lab3-2-1$1626                    lab3_2_1
C:   00000288  A$lab3-2-1$1627                    lab3_2_1
C:   0000028A  A$lab3-2-1$1628                    lab3_2_1
C:   0000028C  A$lab3-2-1$1629                    lab3_2_1
C:   0000028E  A$lab3-2-1$1630                    lab3_2_1
C:   00000290  A$lab3-2-1$1631                    lab3_2_1
C:   00000292  A$lab3-2-1$1632                    lab3_2_1
C:   00000295  A$lab3-2-1$1633                    lab3_2_1
C:   00000297  A$lab3-2-1$1634                    lab3_2_1
C:   00000299  A$lab3-2-1$1635                    lab3_2_1
C:   0000029B  A$lab3-2-1$1636                    lab3_2_1
C:   0000029D  A$lab3-2-1$1637                    lab3_2_1
C:   0000029F  A$lab3-2-1$1641                    lab3_2_1
C:   0000029F  C$i2c.h$161$1$89                   lab3_2_1
C:   000002A1  A$lab3-2-1$1642                    lab3_2_1
C:   000002A3  A$lab3-2-1$1643                    lab3_2_1
C:   000002A5  A$lab3-2-1$1644                    lab3_2_1
C:   000002A7  A$lab3-2-1$1645                    lab3_2_1
[...]
C:   000005F4  A$lab3-2-1$2406                    lab3_2_1
C:   000005F6  A$lab3-2-1$2407                    lab3_2_1
C:   000005F8  A$lab3-2-1$2410                    lab3_2_1
C:   000005F8  C$lab3_2_1.c$55$3$123              lab3_2_1
C:   000005FB  A$lab3-2-1$2413                    lab3_2_1
C:   000005FB  C$lab3_2_1.c$56$3$123              lab3_2_1
C:   000005FE  A$lab3-2-1$2414                    lab3_2_1
C:   00000601  A$lab3-2-1$2415                    lab3_2_1
C:   00000604  A$lab3-2-1$2416                    lab3_2_1
C:   00000607  A$lab3-2-1$2417                    lab3_2_1
C:   0000060A  A$lab3-2-1$2418                    lab3_2_1
C:   0000060D  A$lab3-2-1$2419                    lab3_2_1
C:   00000610  A$lab3-2-1$2422                    lab3_2_1
C:   00000610  C$lab3_2_1.c$57$3$123              lab3_2_1
C:   00000611  A$lab3-2-1$2423                    lab3_2_1
C:   00000613  A$lab3-2-1$2424                    lab3_2_1
C:   00000615  A$lab3-2-1$2427                    lab3_2_1
C:   00000615  C$lab3_2_1.c$59$3$123              lab3_2_1
C:   00000617  A$lab3-2-1$2428                    lab3_2_1
C:   00000619  A$lab3-2-1$2429                    lab3_2_1
C:   0000061B  A$lab3-2-1$2430                    lab3_2_1
C:   0000061D  A$lab3-2-1$2431                    lab3_2_1
C:   0000061F  A$lab3-2-1$2432                    lab3_2_1
C:   00000621  A$lab3-2-1$2433                    lab3_2_1
C:   00000623  A$lab3-2-1$2434                    lab3_2_1
C:   00000625  A$lab3-2-1$2435                    lab3_2_1
C:   00000628  A$lab3-2-1$2436                    lab3_2_1
C:   0000062A  A$lab3-2-1$2437                    lab3_2_1
C:   0000062C  A$lab3-2-1$2438                    lab3_2_1
C:   0000062E  A$lab3-2-1$2439                    lab3_2_1
C:   00000630  A$lab3-2-1$2442                    lab3_2_1
C:   00000630  C$lab3_2_1.c$64$1$121              lab3_2_1
C:   00000630  XG$main$0$0                        lab3_2_1
C:   00000631  A$lab3-2-1$2457                    lab3_2_1
C:   00000631  C$lab3_2_1.c$67$1$121              lab3_2_1
C:   00000631  C$lab3_2_1.c$71$1$124              lab3_2_1
C:   00000631  G$Set_DrivePulsewidth$0$0          lab3_2_1
C:   00000631  _Set_DrivePulsewidth               lab3_2_1
C:   00000634  A$lab3-2-1$2458                    lab3_2_1
ASxxxx Linker V03.00 + NoICE + sdld,  page 47.
Hexadecimal  [32-Bits]

Area                                    Addr        Size        Decimal Bytes (Attributes)
--------------------------------        ----        ----        ------- ----- ------------
CSEG                                000000C2    00000DED =        3565. bytes (REL,CON,CODE)

      Value  Global                              Global Defined In Module
      -----  --------------------------------   ------------------------
C:   00000636  A$lab3-2-1$2461                    lab3_2_1
C:   00000636  C$lab3_2_1.c$72$1$124              lab3_2_1
C:   00000638  A$lab3-2-1$2462                    lab3_2_1
C:   0000063A  A$lab3-2-1$2463                    lab3_2_1
C:   0000063C  A$lab3-2-1$2464                    lab3_2_1
C:   0000063E  A$lab3-2-1$2465                    lab3_2_1
C:   00000640  A$lab3-2-1$2466                    lab3_2_1
C:   00000642  A$lab3-2-1$2467                    lab3_2_1
C:   00000644  A$lab3-2-1$2468                    lab3_2_1
C:   00000647  A$lab3-2-1$2469                    lab3_2_1
C:   00000649  A$lab3-2-1$2470                    lab3_2_1
C:   0000064B  A$lab3-2-1$2471                    lab3_2_1
C:   0000064D  A$lab3-2-1$2472                    lab3_2_1
C:   0000064F  A$lab3-2-1$2475                    lab3_2_1
C:   0000064F  C$lab3_2_1.c$73$1$124              lab3_2_1
C:   00000652  A$lab3-2-1$2478                    lab3_2_1
C:   00000652  C$lab3_2_1.c$75$2$125              lab3_2_1
C:   00000653  A$lab3-2-1$2479                    lab3_2_1
C:   00000655  A$lab3-2-1$2480                    lab3_2_1
C:   00000657  A$lab3-2-1$2481                    lab3_2_1
C:   00000659  A$lab3-2-1$2482                    lab3_2_1
C:   0000065B  A$lab3-2-1$2483                    lab3_2_1
C:   0000065D  A$lab3-2-1$2486                    lab3_2_1
C:   0000065D  C$lab3_2_1.c$77$3$126              lab3_2_1
C:   00000660  A$lab3-2-1$2487                    lab3_2_1
C:   00000663  A$lab3-2-1$2488                    lab3_2_1
C:   00000665  A$lab3-2-1$2492                    lab3_2_1
C:   00000665  C$lab3_2_1.c$81$3$127              lab3_2_1
C:   00000667  A$lab3-2-1$2493                    lab3_2_1
C:   00000669  A$lab3-2-1$2494                    lab3_2_1
C:   0000066B  A$lab3-2-1$2495                    lab3_2_1
C:   0000066C  A$lab3-2-1$2496                    lab3_2_1
C:   0000066E  A$lab3-2-1$2497                    lab3_2_1
C:   00000670  A$lab3-2-1$2498                    lab3_2_1
C:   00000672  A$lab3-2-1$2502                    lab3_2_1
C:   00000672  C$lab3_2_1.c$85$1$124              lab3_2_1
C:   00000675  A$lab3-2-1$2505                    lab3_2_1
C:   00000675  C$lab3_2_1.c$87$2$128              lab3_2_1
C:   00000676  A$lab3-2-1$2506                    lab3_2_1
C:   00000678  A$lab3-2-1$2507                    lab3_2_1
C:   0000067A  A$lab3-2-1$2508                    lab3_2_1
C:   0000067C  A$lab3-2-1$2509                    lab3_2_1
C:   0000067E  A$lab3-2-1$2510                    lab3_2_1
C:   00000680  A$lab3-2-1$2513                    lab3_2_1
C:   00000680  C$lab3_2_1.c$89$3$129              lab3_2_1
C:   00000683  A$lab3-2-1$2514                    lab3_2_1
C:   00000686  A$lab3-2-1$2515                    lab3_2_1
C:   00000688  A$lab3-2-1$2519                    lab3_2_1
C:   00000688  C$lab3_2_1.c$93$3$130              lab3_2_1
C:   0000068A  A$lab3-2-1$2520                    lab3_2_1
C:   0000068C  A$lab3-2-1$2521                    lab3_2_1
ASxxxx Linker V03.00 + NoICE + sdld,  page 48.
Hexadecimal  [32-Bits]

Area                                    Addr        Size        Decimal Bytes (Attributes)
--------------------------------        ----        ----        ------- ----- ------------
CSEG                                000000C2    00000DED =        3565. bytes (REL,CON,CODE)

      Value  Global                              Global Defined In Module
      -----  --------------------------------   ------------------------
C:   0000068E  A$lab3-2-1$2522                    lab3_2_1
C:   00000690  A$lab3-2-1$2523                    lab3_2_1
C:   00000692  A$lab3-2-1$2524                    lab3_2_1
C:   00000694  A$lab3-2-1$2528                    lab3_2_1
C:   00000694  C$lab3_2_1.c$97$1$124              lab3_2_1
C:   00000696  A$lab3-2-1$2529                    lab3_2_1
C:   00000698  A$lab3-2-1$2530                    lab3_2_1
C:   0000069A  A$lab3-2-1$2531                    lab3_2_1
C:   0000069C  A$lab3-2-1$2532                    lab3_2_1
C:   0000069E  A$lab3-2-1$2533                    lab3_2_1
C:   000006A0  A$lab3-2-1$2534                    lab3_2_1
C:   000006A2  A$lab3-2-1$2535                    lab3_2_1
C:   000006A4  A$lab3-2-1$2536                    lab3_2_1
C:   000006A7  A$lab3-2-1$2537                    lab3_2_1
C:   000006A9  A$lab3-2-1$2538                    lab3_2_1
C:   000006AB  A$lab3-2-1$2539                    lab3_2_1
C:   000006AD  A$lab3-2-1$2542                    lab3_2_1
C:   000006AD  C$lab3_2_1.c$98$1$124              lab3_2_1
C:   000006AF  A$lab3-2-1$2543                    lab3_2_1
C:   000006B0  A$lab3-2-1$2544                    lab3_2_1
C:   000006B2  A$lab3-2-1$2545                    lab3_2_1
C:   000006B4  A$lab3-2-1$2546                    lab3_2_1
C:   000006B6  A$lab3-2-1$2547                    lab3_2_1
C:   000006B8  A$lab3-2-1$2548                    lab3_2_1
C:   000006BA  A$lab3-2-1$2551                    lab3_2_1
C:   000006BA  C$lab3_2_1.c$99$1$124              lab3_2_1
C:   000006BA  XG$Set_DrivePulsewidth$0$0         lab3_2_1
C:   000006BB  A$lab3-2-1$2564                    lab3_2_1
C:   000006BB  C$lab3_2_1.c$105$1$124             lab3_2_1
C:   000006BB  C$lab3_2_1.c$107$1$131             lab3_2_1
C:   000006BB  G$Port_Init$0$0                    lab3_2_1
C:   000006BB  _Port_Init                         lab3_2_1
C:   000006BE  A$lab3-2-1$2567                    lab3_2_1
C:   000006BE  C$lab3_2_1.c$108$1$131             lab3_2_1
C:   000006C1  A$lab3-2-1$2570                    lab3_2_1
C:   000006C1  C$lab3_2_1.c$109$1$131             lab3_2_1
C:   000006C1  XG$Port_Init$0$0                   lab3_2_1
C:   000006C2  A$lab3-2-1$2583                    lab3_2_1
C:   000006C2  C$lab3_2_1.c$115$1$131             lab3_2_1
C:   000006C2  C$lab3_2_1.c$117$1$132             lab3_2_1
C:   000006C2  G$XBR0_Init$0$0                    lab3_2_1
C:   000006C2  _XBR0_Init                         lab3_2_1
C:   000006C5  A$lab3-2-1$2586                    lab3_2_1
C:   000006C5  C$lab3_2_1.c$118$1$132             lab3_2_1
C:   000006C5  XG$XBR0_Init$0$0                   lab3_2_1
C:   000006C6  A$lab3-2-1$2599                    lab3_2_1
C:   000006C6  C$lab3_2_1.c$124$1$132             lab3_2_1
C:   000006C6  C$lab3_2_1.c$126$1$134             lab3_2_1
C:   000006C6  G$PCA_Init$0$0                     lab3_2_1
C:   000006C6  _PCA_Init                          lab3_2_1
C:   000006C9  A$lab3-2-1$2602                    lab3_2_1
ASxxxx Linker V03.00 + NoICE + sdld,  page 49.
Hexadecimal  [32-Bits]

Area                                    Addr        Size        Decimal Bytes (Attributes)
--------------------------------        ----        ----        ------- ----- ------------
CSEG                                000000C2    00000DED =        3565. bytes (REL,CON,CODE)

      Value  Global                              Global Defined In Module
      -----  --------------------------------   ------------------------
C:   000006C9  C$lab3_2_1.c$127$1$134             lab3_2_1
C:   000006CC  A$lab3-2-1$2605                    lab3_2_1
C:   000006CC  C$lab3_2_1.c$128$1$134             lab3_2_1
C:   000006CF  A$lab3-2-1$2608                    lab3_2_1
C:   000006CF  C$lab3_2_1.c$129$1$134             lab3_2_1
C:   000006CF  XG$PCA_Init$0$0                    lab3_2_1
C:   000006D0  A$lab3-2-1$2621                    lab3_2_1
C:   000006D0  C$lab3_2_1.c$135$1$134             lab3_2_1
C:   000006D0  C$lab3_2_1.c$137$1$135             lab3_2_1
C:   000006D0  G$Interrupt_Init$0$0               lab3_2_1
C:   000006D0  _Interrupt_Init                    lab3_2_1
C:   000006D2  A$lab3-2-1$2624                    lab3_2_1
C:   000006D2  C$lab3_2_1.c$138$1$135             lab3_2_1
C:   000006D5  A$lab3-2-1$2627                    lab3_2_1
C:   000006D5  C$lab3_2_1.c$139$1$135             lab3_2_1
C:   000006D5  XG$Interrupt_Init$0$0              lab3_2_1
C:   000006D6  A$lab3-2-1$2638                    lab3_2_1
C:   000006D6  C$lab3_2_1.c$145$1$135             lab3_2_1
C:   000006D6  G$PCA_ISR$0$0                      lab3_2_1
C:   000006D6  _PCA_ISR                           lab3_2_1
C:   000006D8  A$lab3-2-1$2639                    lab3_2_1
C:   000006DA  A$lab3-2-1$2642                    lab3_2_1
C:   000006DA  C$lab3_2_1.c$147$1$137             lab3_2_1
C:   000006DC  A$lab3-2-1$2643                    lab3_2_1
C:   000006DD  A$lab3-2-1$2644                    lab3_2_1
C:   000006E0  A$lab3-2-1$2645                    lab3_2_1
C:   000006E2  A$lab3-2-1$2649                    lab3_2_1
C:   000006E2  C$lab3_2_1.c$148$1$137             lab3_2_1
C:   000006E4  A$lab3-2-1$2650                    lab3_2_1
C:   000006E5  A$lab3-2-1$2651                    lab3_2_1
C:   000006E8  A$lab3-2-1$2652                    lab3_2_1
C:   000006EA  A$lab3-2-1$2656                    lab3_2_1
C:   000006EA  C$lab3_2_1.c$149$1$137             lab3_2_1
C:   000006ED  A$lab3-2-1$2657                    lab3_2_1
C:   000006F0  A$lab3-2-1$2660                    lab3_2_1
C:   000006F0  C$lab3_2_1.c$150$1$137             lab3_2_1
C:   000006F2  A$lab3-2-1$2663                    lab3_2_1
C:   000006F2  C$lab3_2_1.c$151$1$137             lab3_2_1
C:   000006F5  A$lab3-2-1$2666                    lab3_2_1
C:   000006F5  C$lab3_2_1.c$153$1$137             lab3_2_1
C:   000006F7  A$lab3-2-1$2667                    lab3_2_1
C:   000006FA  A$lab3-2-1$2668                    lab3_2_1
C:   000006FB  A$lab3-2-1$2669                    lab3_2_1
C:   000006FE  A$lab3-2-1$2670                    lab3_2_1
C:   00000700  A$lab3-2-1$2672                    lab3_2_1
C:   00000702  A$lab3-2-1$2676                    lab3_2_1
C:   00000702  C$lab3_2_1.c$155$2$138             lab3_2_1
C:   00000705  A$lab3-2-1$2679                    lab3_2_1
C:   00000705  C$lab3_2_1.c$156$2$138             lab3_2_1
C:   00000706  A$lab3-2-1$2680                    lab3_2_1
C:   00000708  A$lab3-2-1$2681                    lab3_2_1
ASxxxx Linker V03.00 + NoICE + sdld,  page 50.
Hexadecimal  [32-Bits]

Area                                    Addr        Size        Decimal Bytes (Attributes)
--------------------------------        ----        ----        ------- ----- ------------
CSEG                                000000C2    00000DED =        3565. bytes (REL,CON,CODE)

      Value  Global                              Global Defined In Module
      -----  --------------------------------   ------------------------
C:   0000070A  A$lab3-2-1$2682                    lab3_2_1
C:   0000070C  A$lab3-2-1$2684                    lab3_2_1
C:   0000070E  A$lab3-2-1$2685                    lab3_2_1
C:   00000710  A$lab3-2-1$2688                    lab3_2_1
C:   00000710  C$lab3_2_1.c$158$1$137             lab3_2_1
C:   00000710  XG$PCA_ISR$0$0                     lab3_2_1
C:   00000711  A$lab3-2-1$2705                    lab3_2_1
C:   00000711  C$lab3_2_1.c$164$1$137             lab3_2_1
C:   00000711  C$lab3_2_1.c$166$1$140             lab3_2_1
C:   00000711  G$SMB_Init$0$0                     lab3_2_1
C:   00000711  _SMB_Init                          lab3_2_1
C:   00000714  A$lab3-2-1$2708                    lab3_2_1
C:   00000714  C$lab3_2_1.c$167$1$140             lab3_2_1
C:   00000716  A$lab3-2-1$2711                    lab3_2_1
C:   00000716  C$lab3_2_1.c$168$1$140             lab3_2_1
C:   00000716  XG$SMB_Init$0$0                    lab3_2_1
C:   00000717  A$lab3-2-1$2726                    lab3_2_1
C:   00000717  C$lab3_2_1.c$170$1$140             lab3_2_1
C:   00000717  C$lab3_2_1.c$173$1$142             lab3_2_1
C:   00000717  G$ReadRanger$0$0                   lab3_2_1
C:   00000717  _ReadRanger                        lab3_2_1
C:   0000071A  A$lab3-2-1$2727                    lab3_2_1
C:   0000071D  A$lab3-2-1$2728                    lab3_2_1
C:   00000720  A$lab3-2-1$2729                    lab3_2_1
C:   00000723  A$lab3-2-1$2730                    lab3_2_1
C:   00000726  A$lab3-2-1$2731                    lab3_2_1
C:   00000729  A$lab3-2-1$2732                    lab3_2_1
C:   0000072C  A$lab3-2-1$2735                    lab3_2_1
C:   0000072C  C$lab3_2_1.c$174$1$142             lab3_2_1
C:   0000072E  A$lab3-2-1$2736                    lab3_2_1
C:   00000730  A$lab3-2-1$2737                    lab3_2_1
C:   00000732  A$lab3-2-1$2738                    lab3_2_1
C:   00000734  A$lab3-2-1$2739                    lab3_2_1
C:   00000735  A$lab3-2-1$2740                    lab3_2_1
C:   00000736  A$lab3-2-1$2741                    lab3_2_1
C:   00000738  A$lab3-2-1$2742                    lab3_2_1
C:   00000739  A$lab3-2-1$2743                    lab3_2_1
C:   0000073A  A$lab3-2-1$2744                    lab3_2_1
C:   0000073C  A$lab3-2-1$2747                    lab3_2_1
C:   0000073C  C$lab3_2_1.c$175$1$142             lab3_2_1
C:   0000073C  XG$ReadRanger$0$0                  lab3_2_1
C:   0000073D  __gptrput                          _gptrput
C:   00000758  __mulint                           _mulint
C:   00000758  __mulint_dummy                     _mulint
C:   000007E5  _vsprintf                          sprintf
C:   00000822  _sprintf                           sprintf
C:   0000087B  _vprintf                           vprintf
C:   00000894  _printf                            vprintf
C:   0000096B  __print_format                     printf_large
C:   00000E77  _strlen                            _strlen
C:   00000E8F  __gptrget                          _gptrget
ASxxxx Linker V03.00 + NoICE + sdld,  page 51.
Hexadecimal  [32-Bits]

Area                                    Addr        Size        Decimal Bytes (Attributes)
--------------------------------        ----        ----        ------- ----- ------------
CSEG                                000000C2    00000DED =        3565. bytes (REL,CON,CODE)

      Value  Global                              Global Defined In Module
      -----  --------------------------------   ------------------------
C:   00000EAB  __sdcc_external_startup            _startup
ASxxxx Linker V03.00 + NoICE + sdld,  page 52.
Hexadecimal  [32-Bits]

Area                                    Addr        Size        Decimal Bytes (Attributes)
--------------------------------        ----        ----        ------- ----- ------------
CONST                               00000EAF    00000087 =         135. bytes (REL,CON,CODE)

      Value  Global                              Global Defined In Module
      -----  --------------------------------   ------------------------
C:   00000EAF  Flab3_2_1$__str_0$0$0              lab3_2_1
C:   00000EC5  Flab3_2_1$__str_1$0$0              lab3_2_1
C:   00000ED5  Flab3_2_1$__str_2$0$0              lab3_2_1
C:   00000ED8  Flab3_2_1$__str_3$0$0              lab3_2_1
C:   00000EE6  Flab3_2_1$__str_4$0$0              lab3_2_1
C:   00000F1D  Flab3_2_1$__str_5$0$0              lab3_2_1
ASxxxx Linker V03.00 + NoICE + sdld,  page 53.

Files Linked                              [ module(s) ]

C:\Users\XuMartin\OneDrive2\OneDrive - Rensselaer Polytechnic Institute\1. LITEC\Labs\Lab 3-2\lab3-2-1.rel
                                          [  ]


Libraries Linked                          [ object file ]

C:\Program Files\SDCC\bin\..\lib\small/mcs51.lib
                                          [ crtclear.rel ]
C:\Program Files\SDCC\bin\..\lib\small/mcs51.lib
                                          [ crtxinit.rel ]
C:\Program Files\SDCC\bin\..\lib\small/libsdcc.lib
                                          [ _gptrput.rel ]
C:\Program Files\SDCC\bin\..\lib\small/libint.lib
                                          [ _mulint.rel ]
C:\Program Files\SDCC\bin\..\lib\small/libsdcc.lib
                                          [ sprintf.rel ]
C:\Program Files\SDCC\bin\..\lib\small/mcs51.lib
                                          [ crtxclear.rel ]
C:\Program Files\SDCC\bin\..\lib\small/libsdcc.lib
                                          [ _bp.rel ]
C:\Program Files\SDCC\bin\..\lib\small/libsdcc.lib
                                          [ vprintf.rel ]
C:\Program Files\SDCC\bin\..\lib\small/libsdcc.lib
                                          [ printf_large.rel ]
C:\Program Files\SDCC\bin\..\lib\small/libsdcc.lib
                                          [ _strlen.rel ]
C:\Program Files\SDCC\bin\..\lib\small/mcs51.lib
                                          [ crtstart.rel ]
C:\Program Files\SDCC\bin\..\lib\small/libsdcc.lib
                                          [ _gptrget.rel ]
C:\Program Files\SDCC\bin\..\lib\small/libsdcc.lib
                                          [ _startup.rel ]

ASxxxx Linker V03.00 + NoICE + sdld,  page 54.

User Base Address Definitions

HOME = 0x0000
XSEG = 0x0001
PSEG = 0x0001
ISEG = 0x0000
BSEG = 0x0000

