ASxxxx Linker V03.00 + NoICE + sdld,  page 1.
Hexadecimal  [32-Bits]

Area                                    Addr        Size        Decimal Bytes (Attributes)
--------------------------------        ----        ----        ------- ----- ------------
CABS                                00000000    00000000 =           0. bytes (ABS,CON,CODE)

      Value  Global                              Global Defined In Module
      -----  --------------------------------   ------------------------
C:   00000000  l_BIT_BANK                      
C:   00000000  l_CABS                          
C:   00000000  l_GSINIT1                       
C:   00000000  l_GSINIT5                       
C:   00000000  l_IABS                          
C:   00000000  l_PSEG                          
C:   00000000  l_REG_BANK_1                    
C:   00000000  l_REG_BANK_2                    
C:   00000000  l_REG_BANK_3                    
C:   00000000  l_RSEG                          
C:   00000000  l_RSEG0                         
C:   00000000  l_RSEG1                         
C:   00000000  l_XABS                          
C:   00000000  l_XINIT                         
C:   00000000  l_XISEG                         
C:   00000000  l_XSEG                          
C:   00000000  l__CODE                         
C:   00000000  s_BSEG                          
C:   00000000  s_CABS                          
C:   00000000  s_DSEG                          
C:   00000000  s_HOME                          
C:   00000000  s_IABS                          
C:   00000000  s_REG_BANK_0                    
C:   00000000  s_RSEG                          
C:   00000000  s_RSEG0                         
C:   00000000  s_RSEG1                         
C:   00000000  s_XABS                          
C:   00000001  s_PSEG                          
C:   00000001  s_XISEG                         
C:   00000001  s_XSEG                          
C:   00000002  l_BSEG_BYTES                    
C:   00000003  l_GSFINAL                       
C:   00000003  l_GSINIT0                       
C:   00000006  l_ISEG                          
C:   00000006  l_OSEG                          
C:   00000008  l_REG_BANK_0                    
C:   00000008  s_REG_BANK_1                    
C:   0000000A  l_BSEG                          
C:   0000000A  l_GSINIT                        
C:   0000000A  l_GSINIT2                       
C:   0000000E  s_OSEG                          
C:   00000010  s_REG_BANK_2                    
C:   00000011  l_HOME                          
C:   00000011  s_GSINIT0                       
C:   00000014  s_GSINIT1                       
C:   00000014  s_GSINIT2                       
C:   00000014  s_ISEG                          
C:   00000018  s_BIT_BANK                      
C:   00000018  s_REG_BANK_3                    
C:   0000001E  s_GSINIT3                       
ASxxxx Linker V03.00 + NoICE + sdld,  page 2.
Hexadecimal  [32-Bits]

Area                                    Addr        Size        Decimal Bytes (Attributes)
--------------------------------        ----        ----        ------- ----- ------------
CABS                                00000000    00000000 =           0. bytes (ABS,CON,CODE)

      Value  Global                              Global Defined In Module
      -----  --------------------------------   ------------------------
C:   00000020  s_BSEG_BYTES                    
C:   00000020  s__CODE                         
C:   00000022  l_GSINIT3                       
C:   0000002A  l_GSINIT4                       
C:   00000040  s_GSINIT4                       
C:   00000059  s_SSEG                          
C:   0000006A  s_GSINIT                        
C:   0000006A  s_GSINIT5                       
C:   00000074  s_GSFINAL                       
C:   00000077  s_CSEG                          
C:   0000007A  l_DSEG                          
C:   000000A7  l_SSEG                          
C:   00000100  l_IRAM                          
C:   00000111  l_CONST                         
C:   000018B9  l_CSEG                          
C:   00001930  s_CONST                         
C:   00001A41  s_XINIT                         

ASxxxx Linker V03.00 + NoICE + sdld,  page 3.
Hexadecimal  [32-Bits]

Area                                    Addr        Size        Decimal Bytes (Attributes)
--------------------------------        ----        ----        ------- ----- ------------
.  .ABS.                            00000000    00000000 =           0. bytes (ABS,CON)

      Value  Global                              Global Defined In Module
      -----  --------------------------------   ------------------------
     00000000  .__.ABS.                           _fsget1arg
     00000080  G$P0$0$0                           Lab2
     00000080  G$P0_0$0$0                         Lab2
     00000080  _P0                                Lab2
     00000080  _P0_0                              Lab2
     00000081  G$P0_1$0$0                         Lab2
     00000081  G$SP$0$0                           Lab2
     00000081  _P0_1                              Lab2
     00000081  _SP                                Lab2
     00000082  G$DPL$0$0                          Lab2
     00000082  G$P0_2$0$0                         Lab2
     00000082  _DPL                               Lab2
     00000082  _P0_2                              Lab2
     00000083  G$DPH$0$0                          Lab2
     00000083  G$P0_3$0$0                         Lab2
     00000083  _DPH                               Lab2
     00000083  _P0_3                              Lab2
     00000084  G$P0_4$0$0                         Lab2
     00000084  G$P4$0$0                           Lab2
     00000084  _P0_4                              Lab2
     00000084  _P4                                Lab2
     00000085  G$P0_5$0$0                         Lab2
     00000085  G$P5$0$0                           Lab2
     00000085  _P0_5                              Lab2
     00000085  _P5                                Lab2
     00000086  G$P0_6$0$0                         Lab2
     00000086  G$P6$0$0                           Lab2
     00000086  _P0_6                              Lab2
     00000086  _P6                                Lab2
     00000087  G$P0_7$0$0                         Lab2
     00000087  G$PCON$0$0                         Lab2
     00000087  _P0_7                              Lab2
     00000087  _PCON                              Lab2
     00000088  G$IT0$0$0                          Lab2
     00000088  G$TCON$0$0                         Lab2
     00000088  _IT0                               Lab2
     00000088  _TCON                              Lab2
     00000089  G$IE0$0$0                          Lab2
     00000089  G$TMOD$0$0                         Lab2
     00000089  _IE0                               Lab2
     00000089  _TMOD                              Lab2
     0000008A  G$IT1$0$0                          Lab2
     0000008A  G$TL0$0$0                          Lab2
     0000008A  _IT1                               Lab2
     0000008A  _TL0                               Lab2
     0000008B  G$IE1$0$0                          Lab2
     0000008B  G$TL1$0$0                          Lab2
     0000008B  _IE1                               Lab2
     0000008B  _TL1                               Lab2
     0000008C  G$TH0$0$0                          Lab2
ASxxxx Linker V03.00 + NoICE + sdld,  page 4.
Hexadecimal  [32-Bits]

Area                                    Addr        Size        Decimal Bytes (Attributes)
--------------------------------        ----        ----        ------- ----- ------------
.  .ABS.                            00000000    00000000 =           0. bytes (ABS,CON)

      Value  Global                              Global Defined In Module
      -----  --------------------------------   ------------------------
     0000008C  G$TR0$0$0                          Lab2
     0000008C  _TH0                               Lab2
     0000008C  _TR0                               Lab2
     0000008D  G$TF0$0$0                          Lab2
     0000008D  G$TH1$0$0                          Lab2
     0000008D  _TF0                               Lab2
     0000008D  _TH1                               Lab2
     0000008E  G$CKCON$0$0                        Lab2
     0000008E  G$TR1$0$0                          Lab2
     0000008E  _CKCON                             Lab2
     0000008E  _TR1                               Lab2
     0000008F  G$PSCTL$0$0                        Lab2
     0000008F  G$TF1$0$0                          Lab2
     0000008F  _PSCTL                             Lab2
     0000008F  _TF1                               Lab2
     00000090  G$P1$0$0                           Lab2
     00000090  G$P1_0$0$0                         Lab2
     00000090  _P1                                Lab2
     00000090  _P1_0                              Lab2
     00000091  G$P1_1$0$0                         Lab2
     00000091  G$POT$0$0                          Lab2
     00000091  G$TMR3CN$0$0                       Lab2
     00000091  _P1_1                              Lab2
     00000091  _POT                               Lab2
     00000091  _TMR3CN                            Lab2
     00000092  G$P1_2$0$0                         Lab2
     00000092  G$TMR3RLL$0$0                      Lab2
     00000092  _P1_2                              Lab2
     00000092  _TMR3RLL                           Lab2
     00000093  G$P1_3$0$0                         Lab2
     00000093  G$TMR3RLH$0$0                      Lab2
     00000093  _P1_3                              Lab2
     00000093  _TMR3RLH                           Lab2
     00000094  G$P1_4$0$0                         Lab2
     00000094  G$TMR3L$0$0                        Lab2
     00000094  _P1_4                              Lab2
     00000094  _TMR3L                             Lab2
     00000095  G$P1_5$0$0                         Lab2
     00000095  G$TMR3H$0$0                        Lab2
     00000095  _P1_5                              Lab2
     00000095  _TMR3H                             Lab2
     00000096  G$P1_6$0$0                         Lab2
     00000096  G$P7$0$0                           Lab2
     00000096  _P1_6                              Lab2
     00000096  _P7                                Lab2
     00000097  G$P1_7$0$0                         Lab2
     00000097  _P1_7                              Lab2
     00000098  G$RI$0$0                           Lab2
     00000098  G$RI0$0$0                          Lab2
     00000098  G$SCON$0$0                         Lab2
     00000098  G$SCON0$0$0                        Lab2
ASxxxx Linker V03.00 + NoICE + sdld,  page 5.
Hexadecimal  [32-Bits]

Area                                    Addr        Size        Decimal Bytes (Attributes)
--------------------------------        ----        ----        ------- ----- ------------
.  .ABS.                            00000000    00000000 =           0. bytes (ABS,CON)

      Value  Global                              Global Defined In Module
      -----  --------------------------------   ------------------------
     00000098  _RI                                Lab2
     00000098  _RI0                               Lab2
     00000098  _SCON                              Lab2
     00000098  _SCON0                             Lab2
     00000099  G$SBUF$0$0                         Lab2
     00000099  G$SBUF0$0$0                        Lab2
     00000099  G$TI$0$0                           Lab2
     00000099  G$TI0$0$0                          Lab2
     00000099  _SBUF                              Lab2
     00000099  _SBUF0                             Lab2
     00000099  _TI                                Lab2
     00000099  _TI0                               Lab2
     0000009A  G$RB8$0$0                          Lab2
     0000009A  G$RB80$0$0                         Lab2
     0000009A  G$SPI0CFG$0$0                      Lab2
     0000009A  _RB8                               Lab2
     0000009A  _RB80                              Lab2
     0000009A  _SPI0CFG                           Lab2
     0000009B  G$SPI0DAT$0$0                      Lab2
     0000009B  G$TB8$0$0                          Lab2
     0000009B  G$TB80$0$0                         Lab2
     0000009B  _SPI0DAT                           Lab2
     0000009B  _TB8                               Lab2
     0000009B  _TB80                              Lab2
     0000009C  G$ADC1$0$0                         Lab2
     0000009C  G$REN$0$0                          Lab2
     0000009C  G$REN0$0$0                         Lab2
     0000009C  _ADC1                              Lab2
     0000009C  _REN                               Lab2
     0000009C  _REN0                              Lab2
     0000009D  G$MCE0$0$0                         Lab2
     0000009D  G$SM2$0$0                          Lab2
     0000009D  G$SM20$0$0                         Lab2
     0000009D  G$SPI0CKR$0$0                      Lab2
     0000009D  _MCE0                              Lab2
     0000009D  _SM2                               Lab2
     0000009D  _SM20                              Lab2
     0000009D  _SPI0CKR                           Lab2
     0000009E  G$CPT0CN$0$0                       Lab2
     0000009E  G$SM1$0$0                          Lab2
     0000009E  G$SM10$0$0                         Lab2
     0000009E  _CPT0CN                            Lab2
     0000009E  _SM1                               Lab2
     0000009E  _SM10                              Lab2
     0000009F  G$CPT1CN$0$0                       Lab2
     0000009F  G$S0MODE$0$0                       Lab2
     0000009F  G$SM0$0$0                          Lab2
     0000009F  G$SM00$0$0                         Lab2
     0000009F  _CPT1CN                            Lab2
     0000009F  _S0MODE                            Lab2
     0000009F  _SM0                               Lab2
ASxxxx Linker V03.00 + NoICE + sdld,  page 6.
Hexadecimal  [32-Bits]

Area                                    Addr        Size        Decimal Bytes (Attributes)
--------------------------------        ----        ----        ------- ----- ------------
.  .ABS.                            00000000    00000000 =           0. bytes (ABS,CON)

      Value  Global                              Global Defined In Module
      -----  --------------------------------   ------------------------
     0000009F  _SM00                              Lab2
     000000A0  G$P2$0$0                           Lab2
     000000A0  G$P2_0$0$0                         Lab2
     000000A0  G$SS0$0$0                          Lab2
     000000A0  _P2                                Lab2
     000000A0  _P2_0                              Lab2
     000000A0  _SS0                               Lab2
     000000A1  G$EMI0TC$0$0                       Lab2
     000000A1  G$LED3$0$0                         Lab2
     000000A1  G$P2_1$0$0                         Lab2
     000000A1  _EMI0TC                            Lab2
     000000A1  _LED3                              Lab2
     000000A1  _P2_1                              Lab2
     000000A2  G$P2_2$0$0                         Lab2
     000000A2  G$PB3$0$0                          Lab2
     000000A2  _P2_2                              Lab2
     000000A2  _PB3                               Lab2
     000000A3  G$EMI0CF$0$0                       Lab2
     000000A3  G$P2_3$0$0                         Lab2
     000000A3  G$PB2$0$0                          Lab2
     000000A3  _EMI0CF                            Lab2
     000000A3  _P2_3                              Lab2
     000000A3  _PB2                               Lab2
     000000A4  G$P0MDOUT$0$0                      Lab2
     000000A4  G$P2_4$0$0                         Lab2
     000000A4  G$PRT0CF$0$0                       Lab2
     000000A4  _P0MDOUT                           Lab2
     000000A4  _P2_4                              Lab2
     000000A4  _PRT0CF                            Lab2
     000000A5  G$P1MDOUT$0$0                      Lab2
     000000A5  G$P2_5$0$0                         Lab2
     000000A5  G$PRT1CF$0$0                       Lab2
     000000A5  G$SS1$0$0                          Lab2
     000000A5  _P1MDOUT                           Lab2
     000000A5  _P2_5                              Lab2
     000000A5  _PRT1CF                            Lab2
     000000A5  _SS1                               Lab2
     000000A6  G$P2MDOUT$0$0                      Lab2
     000000A6  G$P2_6$0$0                         Lab2
     000000A6  G$PRT2CF$0$0                       Lab2
     000000A6  _P2MDOUT                           Lab2
     000000A6  _P2_6                              Lab2
     000000A6  _PRT2CF                            Lab2
     000000A7  G$P2_7$0$0                         Lab2
     000000A7  G$P3MDOUT$0$0                      Lab2
     000000A7  G$PRT3CF$0$0                       Lab2
     000000A7  _P2_7                              Lab2
     000000A7  _P3MDOUT                           Lab2
     000000A7  _PRT3CF                            Lab2
     000000A8  G$EX0$0$0                          Lab2
     000000A8  G$IE$0$0                           Lab2
ASxxxx Linker V03.00 + NoICE + sdld,  page 7.
Hexadecimal  [32-Bits]

Area                                    Addr        Size        Decimal Bytes (Attributes)
--------------------------------        ----        ----        ------- ----- ------------
.  .ABS.                            00000000    00000000 =           0. bytes (ABS,CON)

      Value  Global                              Global Defined In Module
      -----  --------------------------------   ------------------------
     000000A8  _EX0                               Lab2
     000000A8  _IE                                Lab2
     000000A9  G$ET0$0$0                          Lab2
     000000A9  G$SADDR0$0$0                       Lab2
     000000A9  _ET0                               Lab2
     000000A9  _SADDR0                            Lab2
     000000AA  G$ADC1CN$0$0                       Lab2
     000000AA  G$EX1$0$0                          Lab2
     000000AA  _ADC1CN                            Lab2
     000000AA  _EX1                               Lab2
     000000AB  G$ADC1CF$0$0                       Lab2
     000000AB  G$ET1$0$0                          Lab2
     000000AB  _ADC1CF                            Lab2
     000000AB  _ET1                               Lab2
     000000AC  G$AMX1SL$0$0                       Lab2
     000000AC  G$ES$0$0                           Lab2
     000000AC  G$ES0$0$0                          Lab2
     000000AC  _AMX1SL                            Lab2
     000000AC  _ES                                Lab2
     000000AC  _ES0                               Lab2
     000000AD  G$ET2$0$0                          Lab2
     000000AD  G$P3IF$0$0                         Lab2
     000000AD  _ET2                               Lab2
     000000AD  _P3IF                              Lab2
     000000AE  G$SADEN1$0$0                       Lab2
     000000AE  _SADEN1                            Lab2
     000000AF  G$EA$0$0                           Lab2
     000000AF  G$EMI0CN$0$0                       Lab2
     000000AF  G$_XPAGE$0$0                       Lab2
     000000AF  _EA                                Lab2
     000000AF  _EMI0CN                            Lab2
     000000AF  __XPAGE                            Lab2
     000000B0  G$P3$0$0                           Lab2
     000000B0  G$P3_0$0$0                         Lab2
     000000B0  G$PB1$0$0                          Lab2
     000000B0  _P3                                Lab2
     000000B0  _P3_0                              Lab2
     000000B0  _PB1                               Lab2
     000000B1  G$OSCXCN$0$0                       Lab2
     000000B1  G$P3_1$0$0                         Lab2
     000000B1  G$PB0$0$0                          Lab2
     000000B1  _OSCXCN                            Lab2
     000000B1  _P3_1                              Lab2
     000000B1  _PB0                               Lab2
     000000B2  G$LED2$0$0                         Lab2
     000000B2  G$OSCICN$0$0                       Lab2
     000000B2  G$P3_2$0$0                         Lab2
     000000B2  _LED2                              Lab2
     000000B2  _OSCICN                            Lab2
     000000B2  _P3_2                              Lab2
     000000B3  G$BILED1$0$0                       Lab2
ASxxxx Linker V03.00 + NoICE + sdld,  page 8.
Hexadecimal  [32-Bits]

Area                                    Addr        Size        Decimal Bytes (Attributes)
--------------------------------        ----        ----        ------- ----- ------------
.  .ABS.                            00000000    00000000 =           0. bytes (ABS,CON)

      Value  Global                              Global Defined In Module
      -----  --------------------------------   ------------------------
     000000B3  G$P3_3$0$0                         Lab2
     000000B3  _BILED1                            Lab2
     000000B3  _P3_3                              Lab2
     000000B4  G$BILED2$0$0                       Lab2
     000000B4  G$P3_4$0$0                         Lab2
     000000B4  _BILED2                            Lab2
     000000B4  _P3_4                              Lab2
     000000B5  G$LED1$0$0                         Lab2
     000000B5  G$P3_5$0$0                         Lab2
     000000B5  G$P74OUT$0$0                       Lab2
     000000B5  _LED1                              Lab2
     000000B5  _P3_5                              Lab2
     000000B5  _P74OUT                            Lab2
     000000B6  G$FLSCL$0$0                        Lab2
     000000B6  G$LED0$0$0                         Lab2
     000000B6  G$P3_6$0$0                         Lab2
     000000B6  _FLSCL                             Lab2
     000000B6  _LED0                              Lab2
     000000B6  _P3_6                              Lab2
     000000B7  G$FLACL$0$0                        Lab2
     000000B7  G$P3_7$0$0                         Lab2
     000000B7  _FLACL                             Lab2
     000000B7  _P3_7                              Lab2
     000000B8  G$IP$0$0                           Lab2
     000000B8  G$PX0$0$0                          Lab2
     000000B8  _IP                                Lab2
     000000B8  _PX0                               Lab2
     000000B9  G$PT0$0$0                          Lab2
     000000B9  G$SADEN0$0$0                       Lab2
     000000B9  _PT0                               Lab2
     000000B9  _SADEN0                            Lab2
     000000BA  G$AMX0CF$0$0                       Lab2
     000000BA  G$PX1$0$0                          Lab2
     000000BA  _AMX0CF                            Lab2
     000000BA  _PX1                               Lab2
     000000BB  G$AMX0SL$0$0                       Lab2
     000000BB  G$PT1$0$0                          Lab2
     000000BB  _AMX0SL                            Lab2
     000000BB  _PT1                               Lab2
     000000BC  G$ADC0CF$0$0                       Lab2
     000000BC  G$PS$0$0                           Lab2
     000000BC  G$PS0$0$0                          Lab2
     000000BC  _ADC0CF                            Lab2
     000000BC  _PS                                Lab2
     000000BC  _PS0                               Lab2
     000000BD  G$P1MDIN$0$0                       Lab2
     000000BD  G$PT2$0$0                          Lab2
     000000BD  _P1MDIN                            Lab2
     000000BD  _PT2                               Lab2
     000000BE  G$ADC0L$0$0                        Lab2
     000000BE  _ADC0L                             Lab2
ASxxxx Linker V03.00 + NoICE + sdld,  page 9.
Hexadecimal  [32-Bits]

Area                                    Addr        Size        Decimal Bytes (Attributes)
--------------------------------        ----        ----        ------- ----- ------------
.  .ABS.                            00000000    00000000 =           0. bytes (ABS,CON)

      Value  Global                              Global Defined In Module
      -----  --------------------------------   ------------------------
     000000BF  G$ADC0H$0$0                        Lab2
     000000BF  _ADC0H                             Lab2
     000000C0  G$SMB0CN$0$0                       Lab2
     000000C0  G$SMBTOE$0$0                       Lab2
     000000C0  _SMB0CN                            Lab2
     000000C0  _SMBTOE                            Lab2
     000000C1  G$SMB0STA$0$0                      Lab2
     000000C1  G$SMBFTE$0$0                       Lab2
     000000C1  _SMB0STA                           Lab2
     000000C1  _SMBFTE                            Lab2
     000000C2  G$AA$0$0                           Lab2
     000000C2  G$SMB0DAT$0$0                      Lab2
     000000C2  _AA                                Lab2
     000000C2  _SMB0DAT                           Lab2
     000000C3  G$SI$0$0                           Lab2
     000000C3  G$SMB0ADR$0$0                      Lab2
     000000C3  _SI                                Lab2
     000000C3  _SMB0ADR                           Lab2
     000000C4  G$ADC0GTL$0$0                      Lab2
     000000C4  G$STO$0$0                          Lab2
     000000C4  _ADC0GTL                           Lab2
     000000C4  _STO                               Lab2
     000000C5  G$ADC0GTH$0$0                      Lab2
     000000C5  G$STA$0$0                          Lab2
     000000C5  _ADC0GTH                           Lab2
     000000C5  _STA                               Lab2
     000000C6  G$ADC0LTL$0$0                      Lab2
     000000C6  G$ENSMB$0$0                        Lab2
     000000C6  _ADC0LTL                           Lab2
     000000C6  _ENSMB                             Lab2
     000000C7  G$ADC0LTH$0$0                      Lab2
     000000C7  G$BUSY$0$0                         Lab2
     000000C7  _ADC0LTH                           Lab2
     000000C7  _BUSY                              Lab2
     000000C8  G$CPRL2$0$0                        Lab2
     000000C8  G$T2CON$0$0                        Lab2
     000000C8  _CPRL2                             Lab2
     000000C8  _T2CON                             Lab2
     000000C9  G$CT2$0$0                          Lab2
     000000C9  G$T4CON$0$0                        Lab2
     000000C9  _CT2                               Lab2
     000000C9  _T4CON                             Lab2
     000000CA  G$RCAP2L$0$0                       Lab2
     000000CA  G$TR2$0$0                          Lab2
     000000CA  _RCAP2L                            Lab2
     000000CA  _TR2                               Lab2
     000000CB  G$EXEN2$0$0                        Lab2
     000000CB  G$RCAP2H$0$0                       Lab2
     000000CB  _EXEN2                             Lab2
     000000CB  _RCAP2H                            Lab2
     000000CC  G$TCLK$0$0                         Lab2
ASxxxx Linker V03.00 + NoICE + sdld,  page 10.
Hexadecimal  [32-Bits]

Area                                    Addr        Size        Decimal Bytes (Attributes)
--------------------------------        ----        ----        ------- ----- ------------
.  .ABS.                            00000000    00000000 =           0. bytes (ABS,CON)

      Value  Global                              Global Defined In Module
      -----  --------------------------------   ------------------------
     000000CC  G$TL2$0$0                          Lab2
     000000CC  _TCLK                              Lab2
     000000CC  _TL2                               Lab2
     000000CD  G$RCLK$0$0                         Lab2
     000000CD  G$TH2$0$0                          Lab2
     000000CD  _RCLK                              Lab2
     000000CD  _TH2                               Lab2
     000000CE  G$EXF2$0$0                         Lab2
     000000CE  _EXF2                              Lab2
     000000CF  G$SMB0CR$0$0                       Lab2
     000000CF  G$TF2$0$0                          Lab2
     000000CF  _SMB0CR                            Lab2
     000000CF  _TF2                               Lab2
     000000D0  G$P$0$0                            Lab2
     000000D0  G$PSW$0$0                          Lab2
     000000D0  _P                                 Lab2
     000000D0  _PSW                               Lab2
     000000D1  G$F1$0$0                           Lab2
     000000D1  G$REF0CN$0$0                       Lab2
     000000D1  _F1                                Lab2
     000000D1  _REF0CN                            Lab2
     000000D2  G$DAC0L$0$0                        Lab2
     000000D2  G$OV$0$0                           Lab2
     000000D2  _DAC0L                             Lab2
     000000D2  _OV                                Lab2
     000000D3  G$DAC0H$0$0                        Lab2
     000000D3  G$RS0$0$0                          Lab2
     000000D3  _DAC0H                             Lab2
     000000D3  _RS0                               Lab2
     000000D4  G$DAC0CN$0$0                       Lab2
     000000D4  G$RS1$0$0                          Lab2
     000000D4  _DAC0CN                            Lab2
     000000D4  _RS1                               Lab2
     000000D5  G$DAC1L$0$0                        Lab2
     000000D5  G$F0$0$0                           Lab2
     000000D5  _DAC1L                             Lab2
     000000D5  _F0                                Lab2
     000000D6  G$AC$0$0                           Lab2
     000000D6  G$DAC1H$0$0                        Lab2
     000000D6  _AC                                Lab2
     000000D6  _DAC1H                             Lab2
     000000D7  G$CY$0$0                           Lab2
     000000D7  G$DAC1CN$0$0                       Lab2
     000000D7  _CY                                Lab2
     000000D7  _DAC1CN                            Lab2
     000000D8  G$CCF0$0$0                         Lab2
     000000D8  G$PCA0CN$0$0                       Lab2
     000000D8  _CCF0                              Lab2
     000000D8  _PCA0CN                            Lab2
     000000D9  G$CCF1$0$0                         Lab2
     000000D9  G$PCA0MD$0$0                       Lab2
ASxxxx Linker V03.00 + NoICE + sdld,  page 11.
Hexadecimal  [32-Bits]

Area                                    Addr        Size        Decimal Bytes (Attributes)
--------------------------------        ----        ----        ------- ----- ------------
.  .ABS.                            00000000    00000000 =           0. bytes (ABS,CON)

      Value  Global                              Global Defined In Module
      -----  --------------------------------   ------------------------
     000000D9  _CCF1                              Lab2
     000000D9  _PCA0MD                            Lab2
     000000DA  G$CCF2$0$0                         Lab2
     000000DA  G$PCA0CPM0$0$0                     Lab2
     000000DA  _CCF2                              Lab2
     000000DA  _PCA0CPM0                          Lab2
     000000DB  G$CCF3$0$0                         Lab2
     000000DB  G$PCA0CPM1$0$0                     Lab2
     000000DB  _CCF3                              Lab2
     000000DB  _PCA0CPM1                          Lab2
     000000DC  G$CCF4$0$0                         Lab2
     000000DC  G$PCA0CPM2$0$0                     Lab2
     000000DC  _CCF4                              Lab2
     000000DC  _PCA0CPM2                          Lab2
     000000DD  G$PCA0CPM3$0$0                     Lab2
     000000DD  _PCA0CPM3                          Lab2
     000000DE  G$CR$0$0                           Lab2
     000000DE  G$PCA0CPM4$0$0                     Lab2
     000000DE  _CR                                Lab2
     000000DE  _PCA0CPM4                          Lab2
     000000DF  G$CF$0$0                           Lab2
     000000DF  _CF                                Lab2
     000000E0  G$ACC$0$0                          Lab2
     000000E0  _ACC                               Lab2
     000000E1  G$XBR0$0$0                         Lab2
     000000E1  _XBR0                              Lab2
     000000E2  G$XBR1$0$0                         Lab2
     000000E2  _XBR1                              Lab2
     000000E3  G$XBR2$0$0                         Lab2
     000000E3  _XBR2                              Lab2
     000000E4  G$RCAP4L$0$0                       Lab2
     000000E4  _RCAP4L                            Lab2
     000000E5  G$RCAP4H$0$0                       Lab2
     000000E5  _RCAP4H                            Lab2
     000000E6  G$EIE1$0$0                         Lab2
     000000E6  _EIE1                              Lab2
     000000E7  G$EIE2$0$0                         Lab2
     000000E7  _EIE2                              Lab2
     000000E8  G$AD0LJST$0$0                      Lab2
     000000E8  G$ADC0CN$0$0                       Lab2
     000000E8  G$ADLJST$0$0                       Lab2
     000000E8  _AD0LJST                           Lab2
     000000E8  _ADC0CN                            Lab2
     000000E8  _ADLJST                            Lab2
     000000E9  G$AD0WINT$0$0                      Lab2
     000000E9  G$ADWINT$0$0                       Lab2
     000000E9  G$PCA0L$0$0                        Lab2
     000000E9  _AD0WINT                           Lab2
     000000E9  _ADWINT                            Lab2
     000000E9  _PCA0L                             Lab2
     000000EA  G$AD0CM0$0$0                       Lab2
ASxxxx Linker V03.00 + NoICE + sdld,  page 12.
Hexadecimal  [32-Bits]

Area                                    Addr        Size        Decimal Bytes (Attributes)
--------------------------------        ----        ----        ------- ----- ------------
.  .ABS.                            00000000    00000000 =           0. bytes (ABS,CON)

      Value  Global                              Global Defined In Module
      -----  --------------------------------   ------------------------
     000000EA  G$ADSTM0$0$0                       Lab2
     000000EA  G$PCA0CPL0$0$0                     Lab2
     000000EA  _AD0CM0                            Lab2
     000000EA  _ADSTM0                            Lab2
     000000EA  _PCA0CPL0                          Lab2
     000000EB  G$AD0CM1$0$0                       Lab2
     000000EB  G$ADSTM1$0$0                       Lab2
     000000EB  G$PCA0CPL1$0$0                     Lab2
     000000EB  _AD0CM1                            Lab2
     000000EB  _ADSTM1                            Lab2
     000000EB  _PCA0CPL1                          Lab2
     000000EC  G$AD0BUSY$0$0                      Lab2
     000000EC  G$ADBUSY$0$0                       Lab2
     000000EC  G$PCA0CPL2$0$0                     Lab2
     000000EC  _AD0BUSY                           Lab2
     000000EC  _ADBUSY                            Lab2
     000000EC  _PCA0CPL2                          Lab2
     000000ED  G$AD0INT$0$0                       Lab2
     000000ED  G$ADCINT$0$0                       Lab2
     000000ED  G$PCA0CPL3$0$0                     Lab2
     000000ED  _AD0INT                            Lab2
     000000ED  _ADCINT                            Lab2
     000000ED  _PCA0CPL3                          Lab2
     000000EE  G$AD0TM$0$0                        Lab2
     000000EE  G$ADCTM$0$0                        Lab2
     000000EE  G$PCA0CPL4$0$0                     Lab2
     000000EE  _AD0TM                             Lab2
     000000EE  _ADCTM                             Lab2
     000000EE  _PCA0CPL4                          Lab2
     000000EF  G$AD0EN$0$0                        Lab2
     000000EF  G$ADCEN$0$0                        Lab2
     000000EF  G$RSTSRC$0$0                       Lab2
     000000EF  _AD0EN                             Lab2
     000000EF  _ADCEN                             Lab2
     000000EF  _RSTSRC                            Lab2
     000000F0  G$B$0$0                            Lab2
     000000F0  _B                                 Lab2
     000000F1  G$SCON1$0$0                        Lab2
     000000F1  _SCON1                             Lab2
     000000F2  G$SBUF1$0$0                        Lab2
     000000F2  _SBUF1                             Lab2
     000000F3  G$SADDR1$0$0                       Lab2
     000000F3  _SADDR1                            Lab2
     000000F4  G$TL4$0$0                          Lab2
     000000F4  _TL4                               Lab2
     000000F5  G$TH4$0$0                          Lab2
     000000F5  _B_5                               _gptrget
     000000F5  _TH4                               Lab2
     000000F6  G$EIP1$0$0                         Lab2
     000000F6  _B_6                               _gptrget
     000000F6  _EIP1                              Lab2
ASxxxx Linker V03.00 + NoICE + sdld,  page 13.
Hexadecimal  [32-Bits]

Area                                    Addr        Size        Decimal Bytes (Attributes)
--------------------------------        ----        ----        ------- ----- ------------
.  .ABS.                            00000000    00000000 =           0. bytes (ABS,CON)

      Value  Global                              Global Defined In Module
      -----  --------------------------------   ------------------------
     000000F7  G$EIP2$0$0                         Lab2
     000000F7  _B_7                               _gptrget
     000000F7  _EIP2                              Lab2
     000000F8  G$SPI0CN$0$0                       Lab2
     000000F8  G$SPIEN$0$0                        Lab2
     000000F8  _SPI0CN                            Lab2
     000000F8  _SPIEN                             Lab2
     000000F9  G$MSTEN$0$0                        Lab2
     000000F9  G$PCA0H$0$0                        Lab2
     000000F9  _MSTEN                             Lab2
     000000F9  _PCA0H                             Lab2
     000000FA  G$PCA0CPH0$0$0                     Lab2
     000000FA  G$SLVSEL$0$0                       Lab2
     000000FA  _PCA0CPH0                          Lab2
     000000FA  _SLVSEL                            Lab2
     000000FB  G$PCA0CPH1$0$0                     Lab2
     000000FB  G$TXBSY$0$0                        Lab2
     000000FB  _PCA0CPH1                          Lab2
     000000FB  _TXBSY                             Lab2
     000000FC  G$PCA0CPH2$0$0                     Lab2
     000000FC  G$RXOVRN$0$0                       Lab2
     000000FC  _PCA0CPH2                          Lab2
     000000FC  _RXOVRN                            Lab2
     000000FD  G$MODF$0$0                         Lab2
     000000FD  G$PCA0CPH3$0$0                     Lab2
     000000FD  _MODF                              Lab2
     000000FD  _PCA0CPH3                          Lab2
     000000FE  G$PCA0CPH4$0$0                     Lab2
     000000FE  G$WCOL$0$0                         Lab2
     000000FE  _PCA0CPH4                          Lab2
     000000FE  _WCOL                              Lab2
     000000FF  G$SPIF$0$0                         Lab2
     000000FF  G$WDTCN$0$0                        Lab2
     000000FF  _SPIF                              Lab2
     000000FF  _WDTCN                             Lab2
     00008C8A  G$TMR0$0$0                         Lab2
     00008C8A  _TMR0                              Lab2
     00008D8B  G$TMR1$0$0                         Lab2
     00008D8B  _TMR1                              Lab2
     00009392  G$TMR3RL$0$0                       Lab2
     00009392  _TMR3RL                            Lab2
     00009594  G$TMR3$0$0                         Lab2
     00009594  _TMR3                              Lab2
     0000BFBE  G$ADC0$0$0                         Lab2
     0000BFBE  _ADC0                              Lab2
     0000C5C4  G$ADC0GT$0$0                       Lab2
     0000C5C4  _ADC0GT                            Lab2
     0000C7C6  G$ADC0LT$0$0                       Lab2
     0000C7C6  _ADC0LT                            Lab2
     0000CBCA  G$RCAP2$0$0                        Lab2
     0000CBCA  _RCAP2                             Lab2
ASxxxx Linker V03.00 + NoICE + sdld,  page 14.
Hexadecimal  [32-Bits]

Area                                    Addr        Size        Decimal Bytes (Attributes)
--------------------------------        ----        ----        ------- ----- ------------
.  .ABS.                            00000000    00000000 =           0. bytes (ABS,CON)

      Value  Global                              Global Defined In Module
      -----  --------------------------------   ------------------------
     0000CDCC  G$TMR2$0$0                         Lab2
     0000CDCC  _TMR2                              Lab2
     0000D3D2  G$DAC0$0$0                         Lab2
     0000D3D2  _DAC0                              Lab2
     0000D6D5  G$DAC1$0$0                         Lab2
     0000D6D5  _DAC1                              Lab2
     0000E5E4  G$RCAP4$0$0                        Lab2
     0000E5E4  _RCAP4                             Lab2
     0000F5F4  G$TMR4$0$0                         Lab2
     0000F5F4  _TMR4                              Lab2
     0000F9E9  G$PCA0$0$0                         Lab2
     0000F9E9  _PCA0                              Lab2
     0000FAEA  G$PCA0CP0$0$0                      Lab2
     0000FAEA  _PCA0CP0                           Lab2
     0000FBEB  G$PCA0CP1$0$0                      Lab2
     0000FBEB  _PCA0CP1                           Lab2
     0000FCEC  G$PCA0CP2$0$0                      Lab2
     0000FCEC  _PCA0CP2                           Lab2
     0000FDED  G$PCA0CP3$0$0                      Lab2
     0000FDED  _PCA0CP3                           Lab2
     0000FEEE  G$PCA0CP4$0$0                      Lab2
     0000FEEE  _PCA0CP4                           Lab2
ASxxxx Linker V03.00 + NoICE + sdld,  page 15.
Hexadecimal  [32-Bits]

Area                                    Addr        Size        Decimal Bytes (Attributes)
--------------------------------        ----        ----        ------- ----- ------------
BSEG_BYTES                          00000020    00000002 =           2. bytes (REL,CON)

      Value  Global                              Global Defined In Module
      -----  --------------------------------   ------------------------
ASxxxx Linker V03.00 + NoICE + sdld,  page 16.
Hexadecimal  [32-Bits]

Area                                    Addr        Size        Decimal Bytes (Attributes)
--------------------------------        ----        ----        ------- ----- ------------
REG_BANK_0                          00000000    00000008 =           8. bytes (REL,OVR)

      Value  Global                              Global Defined In Module
      -----  --------------------------------   ------------------------
ASxxxx Linker V03.00 + NoICE + sdld,  page 17.
Hexadecimal  [32-Bits]

Area                                    Addr        Size        Decimal Bytes (Attributes)
--------------------------------        ----        ----        ------- ----- ------------
DSEG                                00000000    0000007A =         122. bytes (REL,CON)

      Value  Global                              Global Defined In Module
      -----  --------------------------------   ------------------------
     0000000C  _vprintf_PARM_2                    vprintf
     0000000D  _bp                                _bp
     00000022  G$counts$0$0                       Lab2
     00000022  _counts                            Lab2
     00000024  G$ad_result$0$0                    Lab2
     00000024  _ad_result                         Lab2
     00000025  G$blink_time$0$0                   Lab2
     00000025  _blink_time                        Lab2
     00000027  G$blink_counts$0$0                 Lab2
     00000027  _blink_counts                      Lab2
     00000029  G$player1press$0$0                 Lab2
     00000029  _player1press                      Lab2
     0000002B  G$player2press$0$0                 Lab2
     0000002B  _player2press                      Lab2
     0000002D  G$Mode2Rounds$0$0                  Lab2
     0000002D  _Mode2Rounds                       Lab2
     0000002F  G$instant_lose$0$0                 Lab2
     0000002F  _instant_lose                      Lab2
     00000031  G$startLED$0$0                     Lab2
     00000031  _startLED                          Lab2
     00000033  G$player1turn$0$0                  Lab2
     00000033  _player1turn                       Lab2
     00000035  G$player1blink$0$0                 Lab2
     00000035  _player1blink                      Lab2
     00000037  G$player2blink$0$0                 Lab2
     00000037  _player2blink                      Lab2
     00000039  G$Mode3Rounds$0$0                  Lab2
     00000039  _Mode3Rounds                       Lab2
     0000003B  G$debounce_time$0$0                Lab2
     0000003B  _debounce_time                     Lab2
     0000003D  LLab2.aligned_alloc$size$1$39      Lab2
     0000003D  _aligned_alloc_PARM_2              Lab2
     0000004B  __print_format_PARM_2              printf_large
     0000004E  __print_format_PARM_3              printf_large
     00000051  __print_format_PARM_4              printf_large

ASxxxx Linker V03.00 + NoICE + sdld,  page 18.
Hexadecimal  [32-Bits]

Area                                    Addr        Size        Decimal Bytes (Attributes)
--------------------------------        ----        ----        ------- ----- ------------
OSEG                                0000000E    00000006 =           6. bytes (REL,OVR)

      Value  Global                              Global Defined In Module
      -----  --------------------------------   ------------------------
     0000000E  __modsint_PARM_2                   _moduint
     0000000E  __moduint_PARM_2                   _moduint
     0000000E  __mullong_PARM_2                   _mullong
ASxxxx Linker V03.00 + NoICE + sdld,  page 19.
Hexadecimal  [32-Bits]

Area                                    Addr        Size        Decimal Bytes (Attributes)
--------------------------------        ----        ----        ------- ----- ------------
ISEG                                00000014    00000006 =           6. bytes (REL,CON)

      Value  Global                              Global Defined In Module
      -----  --------------------------------   ------------------------
ASxxxx Linker V03.00 + NoICE + sdld,  page 20.
Hexadecimal  [32-Bits]

Area                                    Addr        Size        Decimal Bytes (Attributes)
--------------------------------        ----        ----        ------- ----- ------------
SSEG                                00000059    000000A7 =         167. bytes (REL,OVR)

      Value  Global                              Global Defined In Module
      -----  --------------------------------   ------------------------
     00000059  __start__stack                     Lab2

ASxxxx Linker V03.00 + NoICE + sdld,  page 21.
Hexadecimal  [32-Bits]

Area                                    Addr        Size        Decimal Bytes (Attributes)
--------------------------------        ----        ----        ------- ----- ------------
HOME                                00000000    00000011 =          17. bytes (REL,CON,CODE)

      Value  Global                              Global Defined In Module
      -----  --------------------------------   ------------------------
C:   00000000  A$Lab2$1035                        Lab2
C:   00000003  A$Lab2$1036                        Lab2
C:   0000000B  A$Lab2$1038                        Lab2
C:   0000000E  A$Lab2$1060                        Lab2
C:   0000000E  __sdcc_program_startup             Lab2

ASxxxx Linker V03.00 + NoICE + sdld,  page 22.
Hexadecimal  [32-Bits]

Area                                    Addr        Size        Decimal Bytes (Attributes)
--------------------------------        ----        ----        ------- ----- ------------
GSINIT0                             00000011    00000003 =           3. bytes (REL,CON,CODE)

      Value  Global                              Global Defined In Module
      -----  --------------------------------   ------------------------
C:   00000011  __sdcc_gsinit_startup              

ASxxxx Linker V03.00 + NoICE + sdld,  page 23.
Hexadecimal  [32-Bits]

Area                                    Addr        Size        Decimal Bytes (Attributes)
--------------------------------        ----        ----        ------- ----- ------------
GSINIT2                             00000014    0000000A =          10. bytes (REL,CON,CODE)

      Value  Global                              Global Defined In Module
      -----  --------------------------------   ------------------------
ASxxxx Linker V03.00 + NoICE + sdld,  page 24.
Hexadecimal  [32-Bits]

Area                                    Addr        Size        Decimal Bytes (Attributes)
--------------------------------        ----        ----        ------- ----- ------------
GSINIT3                             0000001E    00000022 =          34. bytes (REL,CON,CODE)

      Value  Global                              Global Defined In Module
      -----  --------------------------------   ------------------------
C:   0000001E  __mcs51_genXINIT                   

ASxxxx Linker V03.00 + NoICE + sdld,  page 25.
Hexadecimal  [32-Bits]

Area                                    Addr        Size        Decimal Bytes (Attributes)
--------------------------------        ----        ----        ------- ----- ------------
GSINIT4                             00000040    0000002A =          42. bytes (REL,CON,CODE)

      Value  Global                              Global Defined In Module
      -----  --------------------------------   ------------------------
C:   00000040  __mcs51_genRAMCLEAR                
C:   00000046  __mcs51_genXRAMCLEAR               

ASxxxx Linker V03.00 + NoICE + sdld,  page 26.
Hexadecimal  [32-Bits]

Area                                    Addr        Size        Decimal Bytes (Attributes)
--------------------------------        ----        ----        ------- ----- ------------
GSINIT                              0000006A    0000000A =          10. bytes (REL,CON,CODE)

      Value  Global                              Global Defined In Module
      -----  --------------------------------   ------------------------
ASxxxx Linker V03.00 + NoICE + sdld,  page 27.
Hexadecimal  [32-Bits]

Area                                    Addr        Size        Decimal Bytes (Attributes)
--------------------------------        ----        ----        ------- ----- ------------
GSFINAL                             00000074    00000003 =           3. bytes (REL,CON,CODE)

      Value  Global                              Global Defined In Module
      -----  --------------------------------   ------------------------
C:   00000074  A$Lab2$1053                        Lab2

ASxxxx Linker V03.00 + NoICE + sdld,  page 28.
Hexadecimal  [32-Bits]

Area                                    Addr        Size        Decimal Bytes (Attributes)
--------------------------------        ----        ----        ------- ----- ------------
CSEG                                00000077    000018B9 =        6329. bytes (REL,CON,CODE)

      Value  Global                              Global Defined In Module
      -----  --------------------------------   ------------------------
C:   00000077  A$Lab2$1088                        Lab2
C:   00000077  C$c8051_SDCC.h$62$0$0              Lab2
C:   00000077  C$c8051_SDCC.h$66$1$2              Lab2
C:   00000077  G$SYSCLK_Init$0$0                  Lab2
C:   00000077  _SYSCLK_Init                       Lab2
C:   0000007A  A$Lab2$1091                        Lab2
C:   0000007A  C$c8051_SDCC.h$69$1$2              Lab2
C:   0000007C  A$Lab2$1092                        Lab2
C:   0000007E  A$Lab2$1094                        Lab2
C:   0000007F  A$Lab2$1095                        Lab2
C:   00000081  A$Lab2$1096                        Lab2
C:   00000082  A$Lab2$1097                        Lab2
C:   00000083  A$Lab2$1098                        Lab2
C:   00000085  A$Lab2$1099                        Lab2
C:   00000086  A$Lab2$1100                        Lab2
C:   00000088  A$Lab2$1101                        Lab2
C:   0000008A  A$Lab2$1102                        Lab2
C:   0000008B  A$Lab2$1103                        Lab2
C:   0000008C  A$Lab2$1104                        Lab2
C:   0000008E  A$Lab2$1108                        Lab2
C:   0000008E  C$c8051_SDCC.h$71$1$2              Lab2
C:   00000090  A$Lab2$1109                        Lab2
C:   00000093  A$Lab2$1112                        Lab2
C:   00000093  C$c8051_SDCC.h$73$1$2              Lab2
C:   00000096  A$Lab2$1115                        Lab2
C:   00000096  C$c8051_SDCC.h$76$1$2              Lab2
C:   00000096  XG$SYSCLK_Init$0$0                 Lab2
C:   00000097  A$Lab2$1128                        Lab2
C:   00000097  C$c8051_SDCC.h$84$1$2              Lab2
C:   00000097  C$c8051_SDCC.h$86$1$4              Lab2
C:   00000097  G$UART0_Init$0$0                   Lab2
C:   00000097  _UART0_Init                        Lab2
C:   0000009A  A$Lab2$1131                        Lab2
C:   0000009A  C$c8051_SDCC.h$87$1$4              Lab2
C:   0000009D  A$Lab2$1134                        Lab2
C:   0000009D  C$c8051_SDCC.h$88$1$4              Lab2
C:   000000A0  A$Lab2$1137                        Lab2
C:   000000A0  C$c8051_SDCC.h$89$1$4              Lab2
C:   000000A2  A$Lab2$1140                        Lab2
C:   000000A2  C$c8051_SDCC.h$90$1$4              Lab2
C:   000000A5  A$Lab2$1143                        Lab2
C:   000000A5  C$c8051_SDCC.h$91$1$4              Lab2
C:   000000A8  A$Lab2$1146                        Lab2
C:   000000A8  C$c8051_SDCC.h$93$1$4              Lab2
C:   000000AA  A$Lab2$1149                        Lab2
C:   000000AA  C$c8051_SDCC.h$94$1$4              Lab2
C:   000000AD  A$Lab2$1152                        Lab2
C:   000000AD  C$c8051_SDCC.h$95$1$4              Lab2
C:   000000AD  XG$UART0_Init$0$0                  Lab2
C:   000000AE  A$Lab2$1165                        Lab2
ASxxxx Linker V03.00 + NoICE + sdld,  page 29.
Hexadecimal  [32-Bits]

Area                                    Addr        Size        Decimal Bytes (Attributes)
--------------------------------        ----        ----        ------- ----- ------------
CSEG                                00000077    000018B9 =        6329. bytes (REL,CON,CODE)

      Value  Global                              Global Defined In Module
      -----  --------------------------------   ------------------------
C:   000000AE  C$c8051_SDCC.h$103$1$4             Lab2
C:   000000AE  C$c8051_SDCC.h$105$1$6             Lab2
C:   000000AE  G$Sys_Init$0$0                     Lab2
C:   000000AE  _Sys_Init                          Lab2
C:   000000B1  A$Lab2$1168                        Lab2
C:   000000B1  C$c8051_SDCC.h$106$1$6             Lab2
C:   000000B4  A$Lab2$1171                        Lab2
C:   000000B4  C$c8051_SDCC.h$108$1$6             Lab2
C:   000000B7  A$Lab2$1174                        Lab2
C:   000000B7  C$c8051_SDCC.h$109$1$6             Lab2
C:   000000BA  A$Lab2$1177                        Lab2
C:   000000BA  C$c8051_SDCC.h$111$1$6             Lab2
C:   000000BD  A$Lab2$1180                        Lab2
C:   000000BD  C$c8051_SDCC.h$112$1$6             Lab2
C:   000000C0  A$Lab2$1183                        Lab2
C:   000000C0  C$c8051_SDCC.h$113$1$6             Lab2
C:   000000C0  XG$Sys_Init$0$0                    Lab2
C:   000000C1  A$Lab2$1196                        Lab2
C:   000000C1  C$c8051_SDCC.h$129$1$6             Lab2
C:   000000C1  G$putchar$0$0                      Lab2
C:   000000C1  _putchar                           Lab2
C:   000000C3  A$Lab2$1202                        Lab2
C:   000000C3  C$c8051_SDCC.h$132$1$8             Lab2
C:   000000C3  C$c8051_SDCC.h$133$1$8             Lab2
C:   000000C6  A$Lab2$1203                        Lab2
C:   000000C8  A$Lab2$1207                        Lab2
C:   000000C8  C$c8051_SDCC.h$134$1$8             Lab2
C:   000000CA  A$Lab2$1210                        Lab2
C:   000000CA  C$c8051_SDCC.h$135$1$8             Lab2
C:   000000CA  XG$putchar$0$0                     Lab2
C:   000000CB  A$Lab2$1228                        Lab2
C:   000000CB  C$c8051_SDCC.h$154$1$8             Lab2
C:   000000CB  C$c8051_SDCC.h$157$1$10            Lab2
C:   000000CB  C$c8051_SDCC.h$158$1$10            Lab2
C:   000000CB  G$getchar$0$0                      Lab2
C:   000000CE  A$Lab2$1229                        Lab2
C:   000000D0  A$Lab2$1233                        Lab2
C:   000000D0  C$c8051_SDCC.h$159$1$10            Lab2
C:   000000D2  A$Lab2$1236                        Lab2
C:   000000D2  C$c8051_SDCC.h$160$1$10            Lab2
C:   000000D4  A$Lab2$1237                        Lab2
C:   000000D6  A$Lab2$1238                        Lab2
C:   000000D9  A$Lab2$1239                        Lab2
C:   000000DB  A$Lab2$1242                        Lab2
C:   000000DB  C$c8051_SDCC.h$161$1$10            Lab2
C:   000000DD  A$Lab2$1245                        Lab2
C:   000000DD  C$c8051_SDCC.h$162$1$10            Lab2
C:   000000DD  XG$getchar$0$0                     Lab2
C:   000000DE  A$Lab2$1260                        Lab2
C:   000000DE  C$c8051_SDCC.h$168$1$10            Lab2
C:   000000DE  C$c8051_SDCC.h$171$1$12            Lab2
ASxxxx Linker V03.00 + NoICE + sdld,  page 30.
Hexadecimal  [32-Bits]

Area                                    Addr        Size        Decimal Bytes (Attributes)
--------------------------------        ----        ----        ------- ----- ------------
CSEG                                00000077    000018B9 =        6329. bytes (REL,CON,CODE)

      Value  Global                              Global Defined In Module
      -----  --------------------------------   ------------------------
C:   000000DE  G$getchar_nw$0$0                   Lab2
C:   000000DE  _getchar_nw                        Lab2
C:   000000E1  A$Lab2$1261                        Lab2
C:   000000E4  A$Lab2$1262                        Lab2
C:   000000E6  A$Lab2$1266                        Lab2
C:   000000E6  C$c8051_SDCC.h$174$2$13            Lab2
C:   000000E8  A$Lab2$1269                        Lab2
C:   000000E8  C$c8051_SDCC.h$175$2$13            Lab2
C:   000000EB  A$Lab2$1272                        Lab2
C:   000000EB  C$c8051_SDCC.h$176$2$13            Lab2
C:   000000EE  A$Lab2$1275                        Lab2
C:   000000EE  C$c8051_SDCC.h$177$2$13            Lab2
C:   000000F1  A$Lab2$1279                        Lab2
C:   000000F1  C$c8051_SDCC.h$179$1$12            Lab2
C:   000000F1  XG$getchar_nw$0$0                  Lab2
C:   000000F2  A$Lab2$1292                        Lab2
C:   000000F2  C$Lab2.c$62$1$12                   Lab2
C:   000000F2  C$Lab2.c$64$1$61                   Lab2
C:   000000F2  G$main$0$0                         Lab2
C:   000000F2  _main                              Lab2
C:   000000F5  A$Lab2$1295                        Lab2
C:   000000F5  C$Lab2.c$65$1$61                   Lab2
C:   000000F8  A$Lab2$1296                        Lab2
C:   000000FB  A$Lab2$1299                        Lab2
C:   000000FB  C$Lab2.c$66$1$61                   Lab2
C:   000000FE  A$Lab2$1302                        Lab2
C:   000000FE  C$Lab2.c$67$1$61                   Lab2
C:   00000101  A$Lab2$1305                        Lab2
C:   00000101  C$Lab2.c$68$1$61                   Lab2
C:   00000104  A$Lab2$1308                        Lab2
C:   00000104  C$Lab2.c$69$1$61                   Lab2
C:   00000107  A$Lab2$1311                        Lab2
C:   00000107  C$Lab2.c$70$1$61                   Lab2
C:   00000109  A$Lab2$1317                        Lab2
C:   00000109  C$Lab2.c$72$1$61                   Lab2
C:   00000109  C$Lab2.c$74$2$62                   Lab2
C:   0000010C  A$Lab2$1318                        Lab2
C:   0000010F  A$Lab2$1321                        Lab2
C:   0000010F  C$Lab2.c$76$3$63                   Lab2
C:   00000112  A$Lab2$1324                        Lab2
C:   00000112  C$Lab2.c$78$4$64                   Lab2
C:   00000115  A$Lab2$1328                        Lab2
C:   00000115  C$Lab2.c$81$2$62                   Lab2
C:   00000118  A$Lab2$1329                        Lab2
C:   0000011B  A$Lab2$1332                        Lab2
C:   0000011B  C$Lab2.c$83$3$65                   Lab2
C:   0000011E  A$Lab2$1335                        Lab2
C:   0000011E  C$Lab2.c$85$4$66                   Lab2
C:   00000121  A$Lab2$1339                        Lab2
C:   00000121  C$Lab2.c$89$2$62                   Lab2
C:   00000124  A$Lab2$1340                        Lab2
ASxxxx Linker V03.00 + NoICE + sdld,  page 31.
Hexadecimal  [32-Bits]

Area                                    Addr        Size        Decimal Bytes (Attributes)
--------------------------------        ----        ----        ------- ----- ------------
CSEG                                00000077    000018B9 =        6329. bytes (REL,CON,CODE)

      Value  Global                              Global Defined In Module
      -----  --------------------------------   ------------------------
C:   00000127  A$Lab2$1343                        Lab2
C:   00000127  C$Lab2.c$91$3$67                   Lab2
C:   0000012A  A$Lab2$1346                        Lab2
C:   0000012A  C$Lab2.c$93$4$68                   Lab2
C:   0000012D  A$Lab2$1350                        Lab2
C:   0000012D  C$Lab2.c$97$2$62                   Lab2
C:   00000130  A$Lab2$1351                        Lab2
C:   00000133  A$Lab2$1354                        Lab2
C:   00000133  C$Lab2.c$99$3$69                   Lab2
C:   00000136  A$Lab2$1357                        Lab2
C:   00000136  C$Lab2.c$101$4$70                  Lab2
C:   00000139  A$Lab2$1358                        Lab2
C:   0000013B  A$Lab2$1361                        Lab2
C:   0000013B  C$Lab2.c$105$1$61                  Lab2
C:   0000013B  XG$main$0$0                        Lab2
C:   0000013C  A$Lab2$1374                        Lab2
C:   0000013C  C$Lab2.c$108$1$61                  Lab2
C:   0000013C  C$Lab2.c$110$1$72                  Lab2
C:   0000013C  G$Mode_1$0$0                       Lab2
C:   0000013C  _Mode_1                            Lab2
C:   0000013F  A$Lab2$1377                        Lab2
C:   0000013F  C$Lab2.c$113$1$72                  Lab2
C:   00000142  A$Lab2$1378                        Lab2
C:   00000145  A$Lab2$1381                        Lab2
C:   00000145  C$Lab2.c$114$1$72                  Lab2
C:   00000147  A$Lab2$1382                        Lab2
C:   00000149  A$Lab2$1383                        Lab2
C:   0000014C  A$Lab2$1384                        Lab2
C:   0000014D  A$Lab2$1385                        Lab2
C:   0000014F  A$Lab2$1386                        Lab2
C:   00000151  A$Lab2$1387                        Lab2
C:   00000152  A$Lab2$1388                        Lab2
C:   00000154  A$Lab2$1389                        Lab2
C:   00000156  A$Lab2$1392                        Lab2
C:   00000156  C$Lab2.c$115$1$72                  Lab2
C:   00000159  A$Lab2$1393                        Lab2
C:   0000015C  A$Lab2$1394                        Lab2
C:   0000015F  A$Lab2$1395                        Lab2
C:   00000161  A$Lab2$1396                        Lab2
C:   00000163  A$Lab2$1397                        Lab2
C:   00000165  A$Lab2$1398                        Lab2
C:   00000166  A$Lab2$1399                        Lab2
C:   00000168  A$Lab2$1400                        Lab2
C:   0000016A  A$Lab2$1401                        Lab2
C:   0000016C  A$Lab2$1402                        Lab2
C:   0000016E  A$Lab2$1403                        Lab2
C:   00000171  A$Lab2$1404                        Lab2
C:   00000174  A$Lab2$1405                        Lab2
C:   00000176  A$Lab2$1406                        Lab2
C:   00000179  A$Lab2$1407                        Lab2
C:   0000017B  A$Lab2$1408                        Lab2
ASxxxx Linker V03.00 + NoICE + sdld,  page 32.
Hexadecimal  [32-Bits]

Area                                    Addr        Size        Decimal Bytes (Attributes)
--------------------------------        ----        ----        ------- ----- ------------
CSEG                                00000077    000018B9 =        6329. bytes (REL,CON,CODE)

      Value  Global                              Global Defined In Module
      -----  --------------------------------   ------------------------
C:   0000017D  A$Lab2$1409                        Lab2
C:   0000017F  A$Lab2$1410                        Lab2
C:   00000180  A$Lab2$1411                        Lab2
C:   00000182  A$Lab2$1412                        Lab2
C:   00000184  A$Lab2$1413                        Lab2
C:   00000186  A$Lab2$1414                        Lab2
C:   00000188  A$Lab2$1415                        Lab2
C:   0000018A  A$Lab2$1416                        Lab2
C:   0000018C  A$Lab2$1417                        Lab2
C:   0000018D  A$Lab2$1418                        Lab2
C:   00000190  A$Lab2$1419                        Lab2
C:   00000193  A$Lab2$1420                        Lab2
C:   00000196  A$Lab2$1423                        Lab2
C:   00000196  C$Lab2.c$117$1$72                  Lab2
C:   00000197  A$Lab2$1424                        Lab2
C:   00000199  A$Lab2$1425                        Lab2
C:   0000019B  A$Lab2$1428                        Lab2
C:   0000019B  C$Lab2.c$118$1$72                  Lab2
C:   0000019D  A$Lab2$1432                        Lab2
C:   0000019D  C$Lab2.c$119$1$72                  Lab2
C:   0000019E  A$Lab2$1433                        Lab2
C:   000001A0  A$Lab2$1434                        Lab2
C:   000001A2  A$Lab2$1435                        Lab2
C:   000001A4  A$Lab2$1436                        Lab2
C:   000001A6  A$Lab2$1437                        Lab2
C:   000001A8  A$Lab2$1440                        Lab2
C:   000001A8  C$Lab2.c$120$1$72                  Lab2
C:   000001AA  A$Lab2$1443                        Lab2
C:   000001AA  C$Lab2.c$122$1$72                  Lab2
C:   000001AB  A$Lab2$1444                        Lab2
C:   000001AD  A$Lab2$1445                        Lab2
C:   000001AF  A$Lab2$1448                        Lab2
C:   000001AF  C$Lab2.c$123$1$72                  Lab2
C:   000001B1  A$Lab2$1452                        Lab2
C:   000001B1  C$Lab2.c$124$1$72                  Lab2
C:   000001B2  A$Lab2$1453                        Lab2
C:   000001B4  A$Lab2$1454                        Lab2
C:   000001B6  A$Lab2$1455                        Lab2
C:   000001B8  A$Lab2$1456                        Lab2
C:   000001BA  A$Lab2$1457                        Lab2
C:   000001BC  A$Lab2$1460                        Lab2
C:   000001BC  C$Lab2.c$125$1$72                  Lab2
C:   000001BE  A$Lab2$1463                        Lab2
C:   000001BE  C$Lab2.c$127$1$72                  Lab2
C:   000001BF  A$Lab2$1464                        Lab2
C:   000001C1  A$Lab2$1465                        Lab2
C:   000001C3  A$Lab2$1468                        Lab2
C:   000001C3  C$Lab2.c$128$1$72                  Lab2
C:   000001C5  A$Lab2$1472                        Lab2
C:   000001C5  C$Lab2.c$129$1$72                  Lab2
C:   000001C6  A$Lab2$1473                        Lab2
ASxxxx Linker V03.00 + NoICE + sdld,  page 33.
Hexadecimal  [32-Bits]

Area                                    Addr        Size        Decimal Bytes (Attributes)
--------------------------------        ----        ----        ------- ----- ------------
CSEG                                00000077    000018B9 =        6329. bytes (REL,CON,CODE)

      Value  Global                              Global Defined In Module
      -----  --------------------------------   ------------------------
C:   000001C8  A$Lab2$1474                        Lab2
C:   000001CA  A$Lab2$1475                        Lab2
C:   000001CC  A$Lab2$1476                        Lab2
C:   000001CE  A$Lab2$1477                        Lab2
C:   000001D0  A$Lab2$1480                        Lab2
C:   000001D0  C$Lab2.c$130$1$72                  Lab2
C:   000001D2  A$Lab2$1483                        Lab2
C:   000001D2  C$Lab2.c$132$1$72                  Lab2
C:   000001D3  A$Lab2$1484                        Lab2
C:   000001D5  A$Lab2$1485                        Lab2
C:   000001D7  A$Lab2$1488                        Lab2
C:   000001D7  C$Lab2.c$133$1$72                  Lab2
C:   000001D9  A$Lab2$1492                        Lab2
C:   000001D9  C$Lab2.c$134$1$72                  Lab2
C:   000001DA  A$Lab2$1493                        Lab2
C:   000001DC  A$Lab2$1494                        Lab2
C:   000001DE  A$Lab2$1495                        Lab2
C:   000001E0  A$Lab2$1496                        Lab2
C:   000001E2  A$Lab2$1497                        Lab2
C:   000001E4  A$Lab2$1500                        Lab2
C:   000001E4  C$Lab2.c$135$1$72                  Lab2
C:   000001E6  A$Lab2$1503                        Lab2
C:   000001E6  C$Lab2.c$137$1$72                  Lab2
C:   000001E7  A$Lab2$1504                        Lab2
C:   000001E9  A$Lab2$1505                        Lab2
C:   000001EB  A$Lab2$1508                        Lab2
C:   000001EB  C$Lab2.c$138$1$72                  Lab2
C:   000001ED  A$Lab2$1512                        Lab2
C:   000001ED  C$Lab2.c$139$1$72                  Lab2
C:   000001EE  A$Lab2$1513                        Lab2
C:   000001F0  A$Lab2$1514                        Lab2
C:   000001F2  A$Lab2$1515                        Lab2
C:   000001F4  A$Lab2$1516                        Lab2
C:   000001F6  A$Lab2$1517                        Lab2
C:   000001F8  A$Lab2$1520                        Lab2
C:   000001F8  C$Lab2.c$140$1$72                  Lab2
C:   000001FA  A$Lab2$1523                        Lab2
C:   000001FA  C$Lab2.c$142$1$72                  Lab2
C:   000001FB  A$Lab2$1524                        Lab2
C:   000001FD  A$Lab2$1525                        Lab2
C:   000001FF  A$Lab2$1528                        Lab2
C:   000001FF  C$Lab2.c$143$1$72                  Lab2
C:   00000201  A$Lab2$1532                        Lab2
C:   00000201  C$Lab2.c$144$1$72                  Lab2
C:   00000202  A$Lab2$1533                        Lab2
C:   00000204  A$Lab2$1534                        Lab2
C:   00000206  A$Lab2$1535                        Lab2
C:   00000208  A$Lab2$1536                        Lab2
C:   0000020A  A$Lab2$1537                        Lab2
C:   0000020C  A$Lab2$1540                        Lab2
C:   0000020C  C$Lab2.c$145$1$72                  Lab2
ASxxxx Linker V03.00 + NoICE + sdld,  page 34.
Hexadecimal  [32-Bits]

Area                                    Addr        Size        Decimal Bytes (Attributes)
--------------------------------        ----        ----        ------- ----- ------------
CSEG                                00000077    000018B9 =        6329. bytes (REL,CON,CODE)

      Value  Global                              Global Defined In Module
      -----  --------------------------------   ------------------------
C:   0000020E  A$Lab2$1543                        Lab2
C:   0000020E  C$Lab2.c$147$1$72                  Lab2
C:   0000020F  A$Lab2$1544                        Lab2
C:   00000211  A$Lab2$1545                        Lab2
C:   00000213  A$Lab2$1548                        Lab2
C:   00000213  C$Lab2.c$148$1$72                  Lab2
C:   00000215  A$Lab2$1552                        Lab2
C:   00000215  C$Lab2.c$149$1$72                  Lab2
C:   00000216  A$Lab2$1553                        Lab2
C:   00000218  A$Lab2$1554                        Lab2
C:   0000021A  A$Lab2$1555                        Lab2
C:   0000021C  A$Lab2$1556                        Lab2
C:   0000021E  A$Lab2$1557                        Lab2
C:   00000220  A$Lab2$1560                        Lab2
C:   00000220  C$Lab2.c$150$1$72                  Lab2
C:   00000222  A$Lab2$1563                        Lab2
C:   00000222  C$Lab2.c$152$1$72                  Lab2
C:   00000223  A$Lab2$1564                        Lab2
C:   00000225  A$Lab2$1565                        Lab2
C:   00000227  A$Lab2$1568                        Lab2
C:   00000227  C$Lab2.c$153$1$72                  Lab2
C:   00000229  A$Lab2$1572                        Lab2
C:   00000229  C$Lab2.c$154$1$72                  Lab2
C:   0000022A  A$Lab2$1573                        Lab2
C:   0000022C  A$Lab2$1574                        Lab2
C:   0000022E  A$Lab2$1575                        Lab2
C:   00000230  A$Lab2$1576                        Lab2
C:   00000232  A$Lab2$1577                        Lab2
C:   00000234  A$Lab2$1580                        Lab2
C:   00000234  C$Lab2.c$155$1$72                  Lab2
C:   00000236  A$Lab2$1583                        Lab2
C:   00000236  C$Lab2.c$158$1$72                  Lab2
C:   00000239  A$Lab2$1584                        Lab2
C:   0000023C  A$Lab2$1587                        Lab2
C:   0000023C  C$Lab2.c$159$1$72                  Lab2
C:   0000023E  A$Lab2$1588                        Lab2
C:   00000240  A$Lab2$1589                        Lab2
C:   00000243  A$Lab2$1590                        Lab2
C:   00000244  A$Lab2$1591                        Lab2
C:   00000246  A$Lab2$1592                        Lab2
C:   00000248  A$Lab2$1593                        Lab2
C:   00000249  A$Lab2$1594                        Lab2
C:   0000024B  A$Lab2$1595                        Lab2
C:   0000024D  A$Lab2$1598                        Lab2
C:   0000024D  C$Lab2.c$160$1$72                  Lab2
C:   00000250  A$Lab2$1599                        Lab2
C:   00000253  A$Lab2$1600                        Lab2
C:   00000256  A$Lab2$1601                        Lab2
C:   00000258  A$Lab2$1602                        Lab2
C:   0000025A  A$Lab2$1603                        Lab2
C:   0000025C  A$Lab2$1604                        Lab2
ASxxxx Linker V03.00 + NoICE + sdld,  page 35.
Hexadecimal  [32-Bits]

Area                                    Addr        Size        Decimal Bytes (Attributes)
--------------------------------        ----        ----        ------- ----- ------------
CSEG                                00000077    000018B9 =        6329. bytes (REL,CON,CODE)

      Value  Global                              Global Defined In Module
      -----  --------------------------------   ------------------------
C:   0000025D  A$Lab2$1605                        Lab2
C:   0000025F  A$Lab2$1606                        Lab2
C:   00000261  A$Lab2$1607                        Lab2
C:   00000263  A$Lab2$1608                        Lab2
C:   00000265  A$Lab2$1609                        Lab2
C:   00000268  A$Lab2$1610                        Lab2
C:   0000026B  A$Lab2$1611                        Lab2
C:   0000026D  A$Lab2$1612                        Lab2
C:   00000270  A$Lab2$1613                        Lab2
C:   00000272  A$Lab2$1614                        Lab2
C:   00000274  A$Lab2$1615                        Lab2
C:   00000276  A$Lab2$1616                        Lab2
C:   00000277  A$Lab2$1617                        Lab2
C:   00000279  A$Lab2$1618                        Lab2
C:   0000027B  A$Lab2$1619                        Lab2
C:   0000027D  A$Lab2$1620                        Lab2
C:   0000027F  A$Lab2$1621                        Lab2
C:   00000281  A$Lab2$1622                        Lab2
C:   00000283  A$Lab2$1623                        Lab2
C:   00000284  A$Lab2$1624                        Lab2
C:   00000287  A$Lab2$1625                        Lab2
C:   0000028A  A$Lab2$1626                        Lab2
C:   0000028D  A$Lab2$1629                        Lab2
C:   0000028D  C$Lab2.c$162$1$72                  Lab2
C:   0000028E  A$Lab2$1630                        Lab2
C:   00000290  A$Lab2$1631                        Lab2
C:   00000292  A$Lab2$1634                        Lab2
C:   00000292  C$Lab2.c$163$1$72                  Lab2
C:   00000294  A$Lab2$1638                        Lab2
C:   00000294  C$Lab2.c$164$1$72                  Lab2
C:   00000295  A$Lab2$1639                        Lab2
C:   00000297  A$Lab2$1640                        Lab2
C:   00000299  A$Lab2$1641                        Lab2
C:   0000029B  A$Lab2$1642                        Lab2
C:   0000029D  A$Lab2$1643                        Lab2
C:   0000029F  A$Lab2$1646                        Lab2
C:   0000029F  C$Lab2.c$165$1$72                  Lab2
C:   000002A1  A$Lab2$1649                        Lab2
C:   000002A1  C$Lab2.c$167$1$72                  Lab2
C:   000002A2  A$Lab2$1650                        Lab2
C:   000002A4  A$Lab2$1651                        Lab2
C:   000002A6  A$Lab2$1654                        Lab2
C:   000002A6  C$Lab2.c$168$1$72                  Lab2
C:   000002A8  A$Lab2$1658                        Lab2
C:   000002A8  C$Lab2.c$169$1$72                  Lab2
C:   000002A9  A$Lab2$1659                        Lab2
C:   000002AB  A$Lab2$1660                        Lab2
C:   000002AD  A$Lab2$1661                        Lab2
C:   000002AF  A$Lab2$1662                        Lab2
C:   000002B1  A$Lab2$1663                        Lab2
C:   000002B3  A$Lab2$1666                        Lab2
ASxxxx Linker V03.00 + NoICE + sdld,  page 36.
Hexadecimal  [32-Bits]

Area                                    Addr        Size        Decimal Bytes (Attributes)
--------------------------------        ----        ----        ------- ----- ------------
CSEG                                00000077    000018B9 =        6329. bytes (REL,CON,CODE)

      Value  Global                              Global Defined In Module
      -----  --------------------------------   ------------------------
C:   000002B3  C$Lab2.c$170$1$72                  Lab2
C:   000002B5  A$Lab2$1669                        Lab2
C:   000002B5  C$Lab2.c$172$1$72                  Lab2
C:   000002B6  A$Lab2$1670                        Lab2
C:   000002B8  A$Lab2$1671                        Lab2
C:   000002BA  A$Lab2$1674                        Lab2
C:   000002BA  C$Lab2.c$173$1$72                  Lab2
C:   000002BC  A$Lab2$1678                        Lab2
[...]
C:   00000E4B  A$Lab2$4107                        Lab2
C:   00000E4D  A$Lab2$4111                        Lab2
C:   00000E4D  C$Lab2.c$879$3$161                 Lab2
C:   00000E4E  A$Lab2$4112                        Lab2
C:   00000E50  A$Lab2$4113                        Lab2
C:   00000E52  A$Lab2$4116                        Lab2
C:   00000E52  C$Lab2.c$880$3$161                 Lab2
C:   00000E55  A$Lab2$4119                        Lab2
C:   00000E55  C$Lab2.c$881$3$161                 Lab2
C:   00000E57  A$Lab2$4123                        Lab2
C:   00000E57  C$Lab2.c$882$3$161                 Lab2
C:   00000E58  A$Lab2$4124                        Lab2
C:   00000E5A  A$Lab2$4125                        Lab2
C:   00000E5C  A$Lab2$4126                        Lab2
C:   00000E5E  A$Lab2$4127                        Lab2
C:   00000E60  A$Lab2$4128                        Lab2
C:   00000E62  A$Lab2$4131                        Lab2
C:   00000E62  C$Lab2.c$883$3$161                 Lab2
C:   00000E65  A$Lab2$4132                        Lab2
C:   00000E68  A$Lab2$4133                        Lab2
ASxxxx Linker V03.00 + NoICE + sdld,  page 72.
Hexadecimal  [32-Bits]

Area                                    Addr        Size        Decimal Bytes (Attributes)
--------------------------------        ----        ----        ------- ----- ------------
CSEG                                00000077    000018B9 =        6329. bytes (REL,CON,CODE)

      Value  Global                              Global Defined In Module
      -----  --------------------------------   ------------------------
C:   00000E6B  A$Lab2$4134                        Lab2
C:   00000E6E  A$Lab2$4137                        Lab2
C:   00000E6E  C$Lab2.c$885$4$168                 Lab2
C:   00000E71  A$Lab2$4140                        Lab2
C:   00000E71  C$Lab2.c$886$4$168                 Lab2
C:   00000E74  A$Lab2$4141                        Lab2
C:   00000E77  A$Lab2$4144                        Lab2
C:   00000E77  C$Lab2.c$887$4$168                 Lab2
C:   00000E79  A$Lab2$4145                        Lab2
C:   00000E7A  A$Lab2$4146                        Lab2
C:   00000E7D  A$Lab2$4147                        Lab2
C:   00000E7F  A$Lab2$4151                        Lab2
C:   00000E7F  C$Lab2.c$888$4$168                 Lab2
C:   00000E82  A$Lab2$4155                        Lab2
C:   00000E82  C$Lab2.c$892$4$169                 Lab2
C:   00000E84  A$Lab2$4156                        Lab2
C:   00000E85  A$Lab2$4157                        Lab2
C:   00000E88  A$Lab2$4158                        Lab2
C:   00000E8A  A$Lab2$4160                        Lab2
C:   00000E8D  A$Lab2$4164                        Lab2
C:   00000E8D  C$Lab2.c$896$1$95                  Lab2
C:   00000E8D  XG$Mode_3_Run$0$0                  Lab2
C:   00000E8E  A$Lab2$4177                        Lab2
C:   00000E8E  C$Lab2.c$900$1$95                  Lab2
C:   00000E8E  C$Lab2.c$902$1$171                 Lab2
C:   00000E8E  G$turnOff$0$0                      Lab2
C:   00000E8E  _turnOff                           Lab2
C:   00000E90  A$Lab2$4180                        Lab2
C:   00000E90  C$Lab2.c$903$1$171                 Lab2
C:   00000E92  A$Lab2$4183                        Lab2
C:   00000E92  C$Lab2.c$904$1$171                 Lab2
C:   00000E94  A$Lab2$4186                        Lab2
C:   00000E94  C$Lab2.c$905$1$171                 Lab2
C:   00000E96  A$Lab2$4189                        Lab2
C:   00000E96  C$Lab2.c$906$1$171                 Lab2
C:   00000E98  A$Lab2$4192                        Lab2
C:   00000E98  C$Lab2.c$907$1$171                 Lab2
C:   00000E9A  A$Lab2$4195                        Lab2
C:   00000E9A  C$Lab2.c$908$1$171                 Lab2
C:   00000E9A  XG$turnOff$0$0                     Lab2
C:   00000E9B  A$Lab2$4208                        Lab2
C:   00000E9B  C$Lab2.c$910$1$171                 Lab2
C:   00000E9B  C$Lab2.c$912$1$173                 Lab2
C:   00000E9B  G$debounce$0$0                     Lab2
C:   00000E9B  _debounce                          Lab2
C:   00000E9E  A$Lab2$4209                        Lab2
C:   00000EA1  A$Lab2$4210                        Lab2
C:   00000EA4  A$Lab2$4211                        Lab2
C:   00000EA6  A$Lab2$4212                        Lab2
C:   00000EA8  A$Lab2$4213                        Lab2
C:   00000EAA  A$Lab2$4214                        Lab2
ASxxxx Linker V03.00 + NoICE + sdld,  page 73.
Hexadecimal  [32-Bits]

Area                                    Addr        Size        Decimal Bytes (Attributes)
--------------------------------        ----        ----        ------- ----- ------------
CSEG                                00000077    000018B9 =        6329. bytes (REL,CON,CODE)

      Value  Global                              Global Defined In Module
      -----  --------------------------------   ------------------------
C:   00000EAB  A$Lab2$4215                        Lab2
C:   00000EAC  A$Lab2$4216                        Lab2
C:   00000EAE  A$Lab2$4217                        Lab2
C:   00000EB0  A$Lab2$4218                        Lab2
C:   00000EB2  A$Lab2$4219                        Lab2
C:   00000EB4  A$Lab2$4220                        Lab2
C:   00000EB6  A$Lab2$4221                        Lab2
C:   00000EB8  A$Lab2$4222                        Lab2
C:   00000EBA  A$Lab2$4223                        Lab2
C:   00000EBC  A$Lab2$4224                        Lab2
C:   00000EBE  A$Lab2$4225                        Lab2
C:   00000EBF  A$Lab2$4226                        Lab2
C:   00000EC2  A$Lab2$4227                        Lab2
C:   00000EC4  A$Lab2$4228                        Lab2
C:   00000EC6  A$Lab2$4229                        Lab2
C:   00000EC8  A$Lab2$4230                        Lab2
C:   00000EC9  A$Lab2$4231                        Lab2
C:   00000ECB  A$Lab2$4232                        Lab2
C:   00000ECD  A$Lab2$4233                        Lab2
C:   00000ECF  A$Lab2$4234                        Lab2
C:   00000ED1  A$Lab2$4235                        Lab2
C:   00000ED3  A$Lab2$4236                        Lab2
C:   00000ED5  A$Lab2$4237                        Lab2
C:   00000ED6  A$Lab2$4238                        Lab2
C:   00000ED9  A$Lab2$4239                        Lab2
C:   00000EDC  A$Lab2$4240                        Lab2
C:   00000EDF  A$Lab2$4244                        Lab2
C:   00000EDF  C$Lab2.c$913$1$173                 Lab2
C:   00000EE0  A$Lab2$4245                        Lab2
C:   00000EE2  A$Lab2$4246                        Lab2
C:   00000EE4  A$Lab2$4247                        Lab2
C:   00000EE6  A$Lab2$4248                        Lab2
C:   00000EE8  A$Lab2$4249                        Lab2
C:   00000EEA  A$Lab2$4252                        Lab2
C:   00000EEA  C$Lab2.c$914$1$173                 Lab2
C:   00000EEA  XG$debounce$0$0                    Lab2
C:   00000EEB  A$Lab2$4265                        Lab2
C:   00000EEB  C$Lab2.c$917$1$173                 Lab2
C:   00000EEB  C$Lab2.c$919$1$175                 Lab2
C:   00000EEB  G$Port_Init$0$0                    Lab2
C:   00000EEB  _Port_Init                         Lab2
C:   00000EEE  A$Lab2$4268                        Lab2
C:   00000EEE  C$Lab2.c$920$1$175                 Lab2
C:   00000EF1  A$Lab2$4271                        Lab2
C:   00000EF1  C$Lab2.c$921$1$175                 Lab2
C:   00000EF4  A$Lab2$4274                        Lab2
C:   00000EF4  C$Lab2.c$923$1$175                 Lab2
C:   00000EF7  A$Lab2$4277                        Lab2
C:   00000EF7  C$Lab2.c$924$1$175                 Lab2
C:   00000EFA  A$Lab2$4280                        Lab2
C:   00000EFA  C$Lab2.c$925$1$175                 Lab2
ASxxxx Linker V03.00 + NoICE + sdld,  page 74.
Hexadecimal  [32-Bits]

Area                                    Addr        Size        Decimal Bytes (Attributes)
--------------------------------        ----        ----        ------- ----- ------------
CSEG                                00000077    000018B9 =        6329. bytes (REL,CON,CODE)

      Value  Global                              Global Defined In Module
      -----  --------------------------------   ------------------------
C:   00000EFD  A$Lab2$4283                        Lab2
C:   00000EFD  C$Lab2.c$927$1$175                 Lab2
C:   00000F00  A$Lab2$4286                        Lab2
C:   00000F00  C$Lab2.c$928$1$175                 Lab2
C:   00000F03  A$Lab2$4289                        Lab2
C:   00000F03  C$Lab2.c$929$1$175                 Lab2
C:   00000F06  A$Lab2$4292                        Lab2
C:   00000F06  C$Lab2.c$930$1$175                 Lab2
C:   00000F06  XG$Port_Init$0$0                   Lab2
C:   00000F07  A$Lab2$4305                        Lab2
C:   00000F07  C$Lab2.c$932$1$175                 Lab2
C:   00000F07  C$Lab2.c$934$1$177                 Lab2
C:   00000F07  G$Interrupt_Init$0$0               Lab2
C:   00000F07  _Interrupt_Init                    Lab2
C:   00000F0A  A$Lab2$4308                        Lab2
C:   00000F0A  C$Lab2.c$935$1$177                 Lab2
C:   00000F0A  XG$Interrupt_Init$0$0              Lab2
C:   00000F0B  A$Lab2$4321                        Lab2
C:   00000F0B  C$Lab2.c$937$1$177                 Lab2
C:   00000F0B  C$Lab2.c$939$1$179                 Lab2
C:   00000F0B  G$Timer_Init$0$0                   Lab2
C:   00000F0B  _Timer_Init                        Lab2
C:   00000F0E  A$Lab2$4324                        Lab2
C:   00000F0E  C$Lab2.c$940$1$179                 Lab2
C:   00000F11  A$Lab2$4327                        Lab2
C:   00000F11  C$Lab2.c$941$1$179                 Lab2
C:   00000F14  A$Lab2$4330                        Lab2
C:   00000F14  C$Lab2.c$942$1$179                 Lab2
C:   00000F16  A$Lab2$4333                        Lab2
C:   00000F16  C$Lab2.c$943$1$179                 Lab2
C:   00000F17  A$Lab2$4334                        Lab2
C:   00000F19  A$Lab2$4335                        Lab2
C:   00000F1B  A$Lab2$4338                        Lab2
C:   00000F1B  C$Lab2.c$944$1$179                 Lab2
C:   00000F1B  XG$Timer_Init$0$0                  Lab2
C:   00000F1C  A$Lab2$4349                        Lab2
C:   00000F1C  C$Lab2.c$946$1$179                 Lab2
C:   00000F1C  G$Timer0_ISR$0$0                   Lab2
C:   00000F1C  _Timer0_ISR                        Lab2
C:   00000F1E  A$Lab2$4350                        Lab2
C:   00000F20  A$Lab2$4353                        Lab2
C:   00000F20  C$Lab2.c$948$1$181                 Lab2
C:   00000F22  A$Lab2$4354                        Lab2
C:   00000F23  A$Lab2$4355                        Lab2
C:   00000F26  A$Lab2$4356                        Lab2
C:   00000F28  A$Lab2$4358                        Lab2
C:   00000F2A  A$Lab2$4359                        Lab2
C:   00000F2C  A$Lab2$4362                        Lab2
C:   00000F2C  C$Lab2.c$949$1$181                 Lab2
C:   00000F2C  XG$Timer0_ISR$0$0                  Lab2
C:   00000F2D  A$Lab2$4379                        Lab2
ASxxxx Linker V03.00 + NoICE + sdld,  page 75.
Hexadecimal  [32-Bits]

Area                                    Addr        Size        Decimal Bytes (Attributes)
--------------------------------        ----        ----        ------- ----- ------------
CSEG                                00000077    000018B9 =        6329. bytes (REL,CON,CODE)

      Value  Global                              Global Defined In Module
      -----  --------------------------------   ------------------------
C:   00000F2D  C$Lab2.c$951$1$181                 Lab2
C:   00000F2D  C$Lab2.c$953$1$183                 Lab2
C:   00000F2D  G$ADC_Init$0$0                     Lab2
C:   00000F2D  _ADC_Init                          Lab2
C:   00000F30  A$Lab2$4382                        Lab2
C:   00000F30  C$Lab2.c$954$1$183                 Lab2
C:   00000F33  A$Lab2$4385                        Lab2
C:   00000F33  C$Lab2.c$955$1$183                 Lab2
C:   00000F36  A$Lab2$4388                        Lab2
C:   00000F36  C$Lab2.c$956$1$183                 Lab2
C:   00000F36  XG$ADC_Init$0$0                    Lab2
C:   00000F37  A$Lab2$4401                        Lab2
C:   00000F37  C$Lab2.c$958$1$183                 Lab2
C:   00000F37  G$read_AD_input$0$0                Lab2
C:   00000F37  _read_AD_input                     Lab2
C:   00000F3A  A$Lab2$4404                        Lab2
C:   00000F3A  C$Lab2.c$961$1$185                 Lab2
C:   00000F3D  A$Lab2$4407                        Lab2
C:   00000F3D  C$Lab2.c$962$1$185                 Lab2
C:   00000F40  A$Lab2$4411                        Lab2
C:   00000F40  C$Lab2.c$963$1$185                 Lab2
C:   00000F42  A$Lab2$4412                        Lab2
C:   00000F45  A$Lab2$4415                        Lab2
C:   00000F45  C$Lab2.c$964$1$185                 Lab2
C:   00000F48  A$Lab2$4418                        Lab2
C:   00000F48  C$Lab2.c$965$1$185                 Lab2
C:   00000F48  XG$read_AD_input$0$0               Lab2
C:   00000F49  _rand                              rand
C:   00000F85  _srand                             rand
C:   00000F94  ___fsmul                           _fsmul
C:   00001037  fsgetargs                          _fsget2args
C:   00001065  fs_normalize_a                     _fsnormalize
C:   00001098  __mullong                          _mullong
C:   00001098  __mullong_dummy                    _mullong
C:   00001106  __moduint                          _moduint
C:   00001153  ___fsadd                           _fsadd
C:   00001156  fsadd_direct_entry                 _fsadd
C:   000011AC  ___uint2fs                         _uint2fs
C:   000011B8  ___fs2uint                         _fs2uint
C:   000011C3  fs_round_and_return                _fsreturnval
C:   000011DB  fs_zerocheck_return                _fsreturnval
C:   000011E4  fs_return_zero                     _fsreturnval
C:   000011EC  fs_direct_return                   _fsreturnval
C:   000011FA  fs_return_inf                      _fsreturnval
C:   00001207  fs_return_nan                      _fsreturnval
C:   0000121D  _vprintf                           vprintf
C:   00001236  _printf                            vprintf
C:   0000130D  __print_format                     printf_large
C:   00001819  fs_swap_a_b                        _fsswapargs
C:   00001833  _strlen                            _strlen
C:   0000184B  __gptrget                          _gptrget
ASxxxx Linker V03.00 + NoICE + sdld,  page 76.
Hexadecimal  [32-Bits]

Area                                    Addr        Size        Decimal Bytes (Attributes)
--------------------------------        ----        ----        ------- ----- ------------
CSEG                                00000077    000018B9 =        6329. bytes (REL,CON,CODE)

      Value  Global                              Global Defined In Module
      -----  --------------------------------   ------------------------
C:   00001867  __modsint                          _modsint
C:   0000189D  ___ulong2fs                        _ulong2fs
C:   000018A6  ulong2fs_doit                      _ulong2fs
C:   000018B0  fs_rshift_a                        _fsrshift
C:   000018F3  __sdcc_external_startup            _startup
C:   000018F7  ___fs2ulong                        _fs2ulong
C:   000018F9  fs2ulong_begin                     _fs2ulong
C:   0000191E  fsgetarg                           _fsget1arg

ASxxxx Linker V03.00 + NoICE + sdld,  page 77.
Hexadecimal  [32-Bits]

Area                                    Addr        Size        Decimal Bytes (Attributes)
--------------------------------        ----        ----        ------- ----- ------------
CONST                               00001930    00000111 =         273. bytes (REL,CON,CODE)

      Value  Global                              Global Defined In Module
      -----  --------------------------------   ------------------------
C:   00001930  FLab2$__str_0$0$0                  Lab2
C:   00001948  FLab2$__str_1$0$0                  Lab2
C:   00001960  FLab2$__str_2$0$0                  Lab2
C:   00001972  FLab2$__str_3$0$0                  Lab2
C:   00001984  FLab2$__str_4$0$0                  Lab2
C:   0000198C  FLab2$__str_5$0$0                  Lab2
C:   000019CA  FLab2$__str_6$0$0                  Lab2
C:   00001A08  FLab2$__str_7$0$0                  Lab2
C:   00001A1F  FLab2$__str_8$0$0                  Lab2
ASxxxx Linker V03.00 + NoICE + sdld,  page 78.

Files Linked                              [ module(s) ]

Lab2.rel                                  [  ]


Libraries Linked                          [ object file ]

C:\Program Files\SDCC\bin\..\lib\small/libsdcc.lib
                                          [ rand.rel ]
C:\Program Files\SDCC\bin\..\lib\small/libfloat.lib
                                          [ _fsmul.rel ]
C:\Program Files\SDCC\bin\..\lib\small/libfloat.lib
                                          [ _fsget2args.rel ]
C:\Program Files\SDCC\bin\..\lib\small/mcs51.lib
                                          [ crtclear.rel ]
C:\Program Files\SDCC\bin\..\lib\small/libfloat.lib
                                          [ _fsnormalize.rel ]
C:\Program Files\SDCC\bin\..\lib\small/mcs51.lib
                                          [ crtxinit.rel ]
C:\Program Files\SDCC\bin\..\lib\small/liblong.lib
                                          [ _mullong.rel ]
C:\Program Files\SDCC\bin\..\lib\small/libint.lib
                                          [ _moduint.rel ]
C:\Program Files\SDCC\bin\..\lib\small/mcs51.lib
                                          [ crtxclear.rel ]
C:\Program Files\SDCC\bin\..\lib\small/libfloat.lib
                                          [ _fsadd.rel ]
C:\Program Files\SDCC\bin\..\lib\small/libfloat.lib
                                          [ _uint2fs.rel ]
C:\Program Files\SDCC\bin\..\lib\small/libfloat.lib
                                          [ _fs2uint.rel ]
C:\Program Files\SDCC\bin\..\lib\small/libfloat.lib
                                          [ _fsreturnval.rel ]
C:\Program Files\SDCC\bin\..\lib\small/libsdcc.lib
                                          [ vprintf.rel ]
C:\Program Files\SDCC\bin\..\lib\small/libsdcc.lib
                                          [ printf_large.rel ]
C:\Program Files\SDCC\bin\..\lib\small/libfloat.lib
                                          [ _fsswapargs.rel ]
C:\Program Files\SDCC\bin\..\lib\small/libsdcc.lib
                                          [ _strlen.rel ]
C:\Program Files\SDCC\bin\..\lib\small/mcs51.lib
                                          [ crtstart.rel ]
C:\Program Files\SDCC\bin\..\lib\small/libsdcc.lib
                                          [ _gptrget.rel ]
C:\Program Files\SDCC\bin\..\lib\small/libint.lib
                                          [ _modsint.rel ]
C:\Program Files\SDCC\bin\..\lib\small/libfloat.lib
                                          [ _ulong2fs.rel ]
C:\Program Files\SDCC\bin\..\lib\small/libfloat.lib
                                          [ _fsrshift.rel ]
C:\Program Files\SDCC\bin\..\lib\small/libsdcc.lib
                                          [ _startup.rel ]
C:\Program Files\SDCC\bin\..\lib\small/libfloat.lib
                                          [ _fs2ulong.rel ]
C:\Program Files\SDCC\bin\..\lib\small/libsdcc.lib
                                          [ _bp.rel ]
C:\Program Files\SDCC\bin\..\lib\small/libfloat.lib
                                          [ _fsget1arg.rel ]

ASxxxx Linker V03.00 + NoICE + sdld,  page 79.

User Base Address Definitions

HOME = 0x0000
XSEG = 0x0001
PSEG = 0x0001
ISEG = 0x0000
BSEG = 0x0000

