ASxxxx Linker V03.00 + NoICE + sdld,  page 1.
Hexadecimal  [32-Bits]

Area                                    Addr        Size        Decimal Bytes (Attributes)
--------------------------------        ----        ----        ------- ----- ------------
CABS                                00000000    00000000 =           0. bytes (ABS,CON,CODE)

      Value  Global                              Global Defined In Module
      -----  --------------------------------   ------------------------
C:   00000000  l_BIT_BANK                      
C:   00000000  l_CABS                          
C:   00000000  l_GSINIT1                       
C:   00000000  l_GSINIT5                       
C:   00000000  l_IABS                          
C:   00000000  l_PSEG                          
C:   00000000  l_REG_BANK_1                    
C:   00000000  l_REG_BANK_2                    
C:   00000000  l_REG_BANK_3                    
C:   00000000  l_RSEG                          
C:   00000000  l_RSEG0                         
C:   00000000  l_RSEG1                         
C:   00000000  l_XABS                          
C:   00000000  l_XINIT                         
C:   00000000  l_XISEG                         
C:   00000000  l__CODE                         
C:   00000000  s_BSEG                          
C:   00000000  s_CABS                          
C:   00000000  s_DSEG                          
C:   00000000  s_HOME                          
C:   00000000  s_IABS                          
C:   00000000  s_REG_BANK_0                    
C:   00000000  s_RSEG                          
C:   00000000  s_RSEG0                         
C:   00000000  s_RSEG1                         
C:   00000000  s_XABS                          
C:   00000001  s_PSEG                          
C:   00000001  s_XSEG                          
C:   00000002  l_BSEG_BYTES                    
C:   00000003  l_GSFINAL                       
C:   00000003  l_GSINIT0                       
C:   00000006  l_ISEG                          
C:   00000006  l_OSEG                          
C:   00000008  l_REG_BANK_0                    
C:   00000008  s_REG_BANK_1                    
C:   0000000A  l_BSEG                          
C:   0000000A  l_GSINIT2                       
C:   00000010  s_REG_BANK_2                    
C:   00000011  s_OSEG                          
C:   00000015  l_GSINIT                        
C:   00000017  s_ISEG                          
C:   00000018  s_BIT_BANK                      
C:   00000018  s_REG_BANK_3                    
C:   00000020  s_BSEG_BYTES                    
C:   00000020  s__CODE                         
C:   00000022  l_GSINIT3                       
C:   0000002A  l_GSINIT4                       
C:   00000050  l_XSEG                          
C:   00000051  l_HOME                          
C:   00000051  s_GSINIT0                       
ASxxxx Linker V03.00 + NoICE + sdld,  page 2.
Hexadecimal  [32-Bits]

Area                                    Addr        Size        Decimal Bytes (Attributes)
--------------------------------        ----        ----        ------- ----- ------------
CABS                                00000000    00000000 =           0. bytes (ABS,CON,CODE)

      Value  Global                              Global Defined In Module
      -----  --------------------------------   ------------------------
C:   00000051  s_XISEG                         
C:   00000054  s_GSINIT1                       
C:   00000054  s_GSINIT2                       
C:   00000056  l_CONST                         
C:   0000005E  s_GSINIT3                       
C:   0000006D  s_SSEG                          
C:   0000007D  l_DSEG                          
C:   00000080  s_GSINIT4                       
C:   00000093  l_SSEG                          
C:   000000AA  s_GSINIT                        
C:   000000AA  s_GSINIT5                       
C:   000000BF  s_GSFINAL                       
C:   000000C2  s_CSEG                          
C:   00000100  l_IRAM                          
C:   00000DFE  l_CSEG                          
C:   00000EC0  s_CONST                         
C:   00000F16  s_XINIT                         

ASxxxx Linker V03.00 + NoICE + sdld,  page 3.
Hexadecimal  [32-Bits]

Area                                    Addr        Size        Decimal Bytes (Attributes)
--------------------------------        ----        ----        ------- ----- ------------
.  .ABS.                            00000000    00000000 =           0. bytes (ABS,CON)

      Value  Global                              Global Defined In Module
      -----  --------------------------------   ------------------------
     00000000  .__.ABS.                           _startup
     00000080  G$P0$0$0                           lab3_3_1
     00000080  G$P0_0$0$0                         lab3_3_1
     00000080  _P0                                lab3_3_1
     00000080  _P0_0                              lab3_3_1
     00000081  G$P0_1$0$0                         lab3_3_1
     00000081  G$SP$0$0                           lab3_3_1
     00000081  _P0_1                              lab3_3_1
     00000081  _SP                                lab3_3_1
     00000082  G$DPL$0$0                          lab3_3_1
     00000082  G$P0_2$0$0                         lab3_3_1
     00000082  _DPL                               lab3_3_1
     00000082  _P0_2                              lab3_3_1
     00000083  G$BUS_SCL$0$0                      lab3_3_1
     00000083  G$DPH$0$0                          lab3_3_1
     00000083  G$P0_3$0$0                         lab3_3_1
     00000083  _BUS_SCL                           lab3_3_1
     00000083  _DPH                               lab3_3_1
     00000083  _P0_3                              lab3_3_1
     00000084  G$P0_4$0$0                         lab3_3_1
     00000084  G$P4$0$0                           lab3_3_1
     00000084  _P0_4                              lab3_3_1
     00000084  _P4                                lab3_3_1
     00000085  G$P0_5$0$0                         lab3_3_1
     00000085  G$P5$0$0                           lab3_3_1
     00000085  _P0_5                              lab3_3_1
     00000085  _P5                                lab3_3_1
     00000086  G$P0_6$0$0                         lab3_3_1
     00000086  G$P6$0$0                           lab3_3_1
     00000086  _P0_6                              lab3_3_1
     00000086  _P6                                lab3_3_1
     00000087  G$P0_7$0$0                         lab3_3_1
     00000087  G$PCON$0$0                         lab3_3_1
     00000087  _P0_7                              lab3_3_1
     00000087  _PCON                              lab3_3_1
     00000088  G$IT0$0$0                          lab3_3_1
     00000088  G$TCON$0$0                         lab3_3_1
     00000088  _IT0                               lab3_3_1
     00000088  _TCON                              lab3_3_1
     00000089  G$IE0$0$0                          lab3_3_1
     00000089  G$TMOD$0$0                         lab3_3_1
     00000089  _IE0                               lab3_3_1
     00000089  _TMOD                              lab3_3_1
     0000008A  G$IT1$0$0                          lab3_3_1
     0000008A  G$TL0$0$0                          lab3_3_1
     0000008A  _IT1                               lab3_3_1
     0000008A  _TL0                               lab3_3_1
     0000008B  G$IE1$0$0                          lab3_3_1
     0000008B  G$TL1$0$0                          lab3_3_1
     0000008B  _IE1                               lab3_3_1
ASxxxx Linker V03.00 + NoICE + sdld,  page 4.
Hexadecimal  [32-Bits]

Area                                    Addr        Size        Decimal Bytes (Attributes)
--------------------------------        ----        ----        ------- ----- ------------
.  .ABS.                            00000000    00000000 =           0. bytes (ABS,CON)

      Value  Global                              Global Defined In Module
      -----  --------------------------------   ------------------------
     0000008B  _TL1                               lab3_3_1
     0000008C  G$TH0$0$0                          lab3_3_1
     0000008C  G$TR0$0$0                          lab3_3_1
     0000008C  _TH0                               lab3_3_1
     0000008C  _TR0                               lab3_3_1
     0000008D  G$TF0$0$0                          lab3_3_1
     0000008D  G$TH1$0$0                          lab3_3_1
     0000008D  _TF0                               lab3_3_1
     0000008D  _TH1                               lab3_3_1
     0000008E  G$CKCON$0$0                        lab3_3_1
     0000008E  G$TR1$0$0                          lab3_3_1
     0000008E  _CKCON                             lab3_3_1
     0000008E  _TR1                               lab3_3_1
     0000008F  G$PSCTL$0$0                        lab3_3_1
     0000008F  G$TF1$0$0                          lab3_3_1
     0000008F  _PSCTL                             lab3_3_1
     0000008F  _TF1                               lab3_3_1
     00000090  G$P1$0$0                           lab3_3_1
     00000090  G$P1_0$0$0                         lab3_3_1
     00000090  _P1                                lab3_3_1
     00000090  _P1_0                              lab3_3_1
     00000091  G$P1_1$0$0                         lab3_3_1
     00000091  G$TMR3CN$0$0                       lab3_3_1
     00000091  _P1_1                              lab3_3_1
     00000091  _TMR3CN                            lab3_3_1
     00000092  G$P1_2$0$0                         lab3_3_1
     00000092  G$TMR3RLL$0$0                      lab3_3_1
     00000092  _P1_2                              lab3_3_1
     00000092  _TMR3RLL                           lab3_3_1
     00000093  G$P1_3$0$0                         lab3_3_1
     00000093  G$TMR3RLH$0$0                      lab3_3_1
     00000093  _P1_3                              lab3_3_1
     00000093  _TMR3RLH                           lab3_3_1
     00000094  G$P1_4$0$0                         lab3_3_1
     00000094  G$TMR3L$0$0                        lab3_3_1
     00000094  _P1_4                              lab3_3_1
     00000094  _TMR3L                             lab3_3_1
     00000095  G$P1_5$0$0                         lab3_3_1
     00000095  G$TMR3H$0$0                        lab3_3_1
     00000095  _P1_5                              lab3_3_1
     00000095  _TMR3H                             lab3_3_1
     00000096  G$P1_6$0$0                         lab3_3_1
     00000096  G$P7$0$0                           lab3_3_1
     00000096  _P1_6                              lab3_3_1
     00000096  _P7                                lab3_3_1
     00000097  G$P1_7$0$0                         lab3_3_1
     00000097  _P1_7                              lab3_3_1
     00000098  G$RI$0$0                           lab3_3_1
     00000098  G$RI0$0$0                          lab3_3_1
     00000098  G$SCON$0$0                         lab3_3_1
     00000098  G$SCON0$0$0                        lab3_3_1
ASxxxx Linker V03.00 + NoICE + sdld,  page 5.
Hexadecimal  [32-Bits]

Area                                    Addr        Size        Decimal Bytes (Attributes)
--------------------------------        ----        ----        ------- ----- ------------
.  .ABS.                            00000000    00000000 =           0. bytes (ABS,CON)

      Value  Global                              Global Defined In Module
      -----  --------------------------------   ------------------------
     00000098  _RI                                lab3_3_1
     00000098  _RI0                               lab3_3_1
     00000098  _SCON                              lab3_3_1
     00000098  _SCON0                             lab3_3_1
     00000099  G$SBUF$0$0                         lab3_3_1
     00000099  G$SBUF0$0$0                        lab3_3_1
     00000099  G$TI$0$0                           lab3_3_1
     00000099  G$TI0$0$0                          lab3_3_1
     00000099  _SBUF                              lab3_3_1
     00000099  _SBUF0                             lab3_3_1
     00000099  _TI                                lab3_3_1
     00000099  _TI0                               lab3_3_1
     0000009A  G$RB8$0$0                          lab3_3_1
     0000009A  G$RB80$0$0                         lab3_3_1
     0000009A  G$SPI0CFG$0$0                      lab3_3_1
     0000009A  _RB8                               lab3_3_1
     0000009A  _RB80                              lab3_3_1
     0000009A  _SPI0CFG                           lab3_3_1
     0000009B  G$SPI0DAT$0$0                      lab3_3_1
     0000009B  G$TB8$0$0                          lab3_3_1
     0000009B  G$TB80$0$0                         lab3_3_1
     0000009B  _SPI0DAT                           lab3_3_1
     0000009B  _TB8                               lab3_3_1
     0000009B  _TB80                              lab3_3_1
     0000009C  G$ADC1$0$0                         lab3_3_1
     0000009C  G$REN$0$0                          lab3_3_1
     0000009C  G$REN0$0$0                         lab3_3_1
     0000009C  _ADC1                              lab3_3_1
     0000009C  _REN                               lab3_3_1
     0000009C  _REN0                              lab3_3_1
     0000009D  G$MCE0$0$0                         lab3_3_1
     0000009D  G$SM2$0$0                          lab3_3_1
     0000009D  G$SM20$0$0                         lab3_3_1
     0000009D  G$SPI0CKR$0$0                      lab3_3_1
     0000009D  _MCE0                              lab3_3_1
     0000009D  _SM2                               lab3_3_1
     0000009D  _SM20                              lab3_3_1
     0000009D  _SPI0CKR                           lab3_3_1
     0000009E  G$CPT0CN$0$0                       lab3_3_1
     0000009E  G$SM1$0$0                          lab3_3_1
     0000009E  G$SM10$0$0                         lab3_3_1
     0000009E  _CPT0CN                            lab3_3_1
     0000009E  _SM1                               lab3_3_1
     0000009E  _SM10                              lab3_3_1
     0000009F  G$CPT1CN$0$0                       lab3_3_1
     0000009F  G$S0MODE$0$0                       lab3_3_1
     0000009F  G$SM0$0$0                          lab3_3_1
     0000009F  G$SM00$0$0                         lab3_3_1
     0000009F  _CPT1CN                            lab3_3_1
     0000009F  _S0MODE                            lab3_3_1
     0000009F  _SM0                               lab3_3_1
ASxxxx Linker V03.00 + NoICE + sdld,  page 6.
Hexadecimal  [32-Bits]

Area                                    Addr        Size        Decimal Bytes (Attributes)
--------------------------------        ----        ----        ------- ----- ------------
.  .ABS.                            00000000    00000000 =           0. bytes (ABS,CON)

      Value  Global                              Global Defined In Module
      -----  --------------------------------   ------------------------
     0000009F  _SM00                              lab3_3_1
     000000A0  G$P2$0$0                           lab3_3_1
     000000A0  G$P2_0$0$0                         lab3_3_1
     000000A0  _P2                                lab3_3_1
     000000A0  _P2_0                              lab3_3_1
     000000A1  G$EMI0TC$0$0                       lab3_3_1
     000000A1  G$P2_1$0$0                         lab3_3_1
     000000A1  _EMI0TC                            lab3_3_1
     000000A1  _P2_1                              lab3_3_1
     000000A2  G$P2_2$0$0                         lab3_3_1
     000000A2  _P2_2                              lab3_3_1
     000000A3  G$EMI0CF$0$0                       lab3_3_1
     000000A3  G$P2_3$0$0                         lab3_3_1
     000000A3  _EMI0CF                            lab3_3_1
     000000A3  _P2_3                              lab3_3_1
     000000A4  G$P0MDOUT$0$0                      lab3_3_1
     000000A4  G$P2_4$0$0                         lab3_3_1
     000000A4  G$PRT0CF$0$0                       lab3_3_1
     000000A4  _P0MDOUT                           lab3_3_1
     000000A4  _P2_4                              lab3_3_1
     000000A4  _PRT0CF                            lab3_3_1
     000000A5  G$P1MDOUT$0$0                      lab3_3_1
     000000A5  G$P2_5$0$0                         lab3_3_1
     000000A5  G$PRT1CF$0$0                       lab3_3_1
     000000A5  _P1MDOUT                           lab3_3_1
     000000A5  _P2_5                              lab3_3_1
     000000A5  _PRT1CF                            lab3_3_1
     000000A6  G$P2MDOUT$0$0                      lab3_3_1
     000000A6  G$P2_6$0$0                         lab3_3_1
     000000A6  G$PRT2CF$0$0                       lab3_3_1
     000000A6  _P2MDOUT                           lab3_3_1
     000000A6  _P2_6                              lab3_3_1
     000000A6  _PRT2CF                            lab3_3_1
     000000A7  G$P2_7$0$0                         lab3_3_1
     000000A7  G$P3MDOUT$0$0                      lab3_3_1
     000000A7  G$PRT3CF$0$0                       lab3_3_1
     000000A7  _P2_7                              lab3_3_1
     000000A7  _P3MDOUT                           lab3_3_1
     000000A7  _PRT3CF                            lab3_3_1
     000000A8  G$EX0$0$0                          lab3_3_1
     000000A8  G$IE$0$0                           lab3_3_1
     000000A8  _EX0                               lab3_3_1
     000000A8  _IE                                lab3_3_1
     000000A9  G$ET0$0$0                          lab3_3_1
     000000A9  G$SADDR0$0$0                       lab3_3_1
     000000A9  _ET0                               lab3_3_1
     000000A9  _SADDR0                            lab3_3_1
     000000AA  G$ADC1CN$0$0                       lab3_3_1
     000000AA  G$EX1$0$0                          lab3_3_1
     000000AA  _ADC1CN                            lab3_3_1
     000000AA  _EX1                               lab3_3_1
ASxxxx Linker V03.00 + NoICE + sdld,  page 7.
Hexadecimal  [32-Bits]

Area                                    Addr        Size        Decimal Bytes (Attributes)
--------------------------------        ----        ----        ------- ----- ------------
.  .ABS.                            00000000    00000000 =           0. bytes (ABS,CON)

      Value  Global                              Global Defined In Module
      -----  --------------------------------   ------------------------
     000000AB  G$ADC1CF$0$0                       lab3_3_1
     000000AB  G$ET1$0$0                          lab3_3_1
     000000AB  _ADC1CF                            lab3_3_1
     000000AB  _ET1                               lab3_3_1
     000000AC  G$AMX1SL$0$0                       lab3_3_1
     000000AC  G$ES$0$0                           lab3_3_1
     000000AC  G$ES0$0$0                          lab3_3_1
     000000AC  _AMX1SL                            lab3_3_1
     000000AC  _ES                                lab3_3_1
     000000AC  _ES0                               lab3_3_1
     000000AD  G$ET2$0$0                          lab3_3_1
     000000AD  G$P3IF$0$0                         lab3_3_1
     000000AD  _ET2                               lab3_3_1
     000000AD  _P3IF                              lab3_3_1
     000000AE  G$SADEN1$0$0                       lab3_3_1
     000000AE  _SADEN1                            lab3_3_1
     000000AF  G$EA$0$0                           lab3_3_1
     000000AF  G$EMI0CN$0$0                       lab3_3_1
     000000AF  G$_XPAGE$0$0                       lab3_3_1
     000000AF  _EA                                lab3_3_1
     000000AF  _EMI0CN                            lab3_3_1
     000000AF  __XPAGE                            lab3_3_1
     000000B0  G$P3$0$0                           lab3_3_1
     000000B0  G$P3_0$0$0                         lab3_3_1
     000000B0  _P3                                lab3_3_1
     000000B0  _P3_0                              lab3_3_1
     000000B1  G$OSCXCN$0$0                       lab3_3_1
     000000B1  G$P3_1$0$0                         lab3_3_1
     000000B1  _OSCXCN                            lab3_3_1
     000000B1  _P3_1                              lab3_3_1
     000000B2  G$OSCICN$0$0                       lab3_3_1
     000000B2  G$P3_2$0$0                         lab3_3_1
     000000B2  _OSCICN                            lab3_3_1
     000000B2  _P3_2                              lab3_3_1
     000000B3  G$P3_3$0$0                         lab3_3_1
     000000B3  _P3_3                              lab3_3_1
     000000B4  G$P3_4$0$0                         lab3_3_1
     000000B4  _P3_4                              lab3_3_1
     000000B5  G$P3_5$0$0                         lab3_3_1
     000000B5  G$P74OUT$0$0                       lab3_3_1
     000000B5  _P3_5                              lab3_3_1
     000000B5  _P74OUT                            lab3_3_1
     000000B6  G$FLSCL$0$0                        lab3_3_1
     000000B6  G$P3_6$0$0                         lab3_3_1
     000000B6  G$drive_switch$0$0                 lab3_3_1
     000000B6  _FLSCL                             lab3_3_1
     000000B6  _P3_6                              lab3_3_1
     000000B6  _drive_switch                      lab3_3_1
     000000B7  G$FLACL$0$0                        lab3_3_1
     000000B7  G$P3_7$0$0                         lab3_3_1
     000000B7  _FLACL                             lab3_3_1
ASxxxx Linker V03.00 + NoICE + sdld,  page 8.
Hexadecimal  [32-Bits]

Area                                    Addr        Size        Decimal Bytes (Attributes)
--------------------------------        ----        ----        ------- ----- ------------
.  .ABS.                            00000000    00000000 =           0. bytes (ABS,CON)

      Value  Global                              Global Defined In Module
      -----  --------------------------------   ------------------------
     000000B7  _P3_7                              lab3_3_1
     000000B8  G$IP$0$0                           lab3_3_1
     000000B8  G$PX0$0$0                          lab3_3_1
     000000B8  _IP                                lab3_3_1
     000000B8  _PX0                               lab3_3_1
     000000B9  G$PT0$0$0                          lab3_3_1
     000000B9  G$SADEN0$0$0                       lab3_3_1
     000000B9  _PT0                               lab3_3_1
     000000B9  _SADEN0                            lab3_3_1
     000000BA  G$AMX0CF$0$0                       lab3_3_1
     000000BA  G$PX1$0$0                          lab3_3_1
     000000BA  _AMX0CF                            lab3_3_1
     000000BA  _PX1                               lab3_3_1
     000000BB  G$AMX0SL$0$0                       lab3_3_1
     000000BB  G$PT1$0$0                          lab3_3_1
     000000BB  _AMX0SL                            lab3_3_1
     000000BB  _PT1                               lab3_3_1
     000000BC  G$ADC0CF$0$0                       lab3_3_1
     000000BC  G$PS$0$0                           lab3_3_1
     000000BC  G$PS0$0$0                          lab3_3_1
     000000BC  _ADC0CF                            lab3_3_1
     000000BC  _PS                                lab3_3_1
     000000BC  _PS0                               lab3_3_1
     000000BD  G$P1MDIN$0$0                       lab3_3_1
     000000BD  G$PT2$0$0                          lab3_3_1
     000000BD  _P1MDIN                            lab3_3_1
     000000BD  _PT2                               lab3_3_1
     000000BE  G$ADC0L$0$0                        lab3_3_1
     000000BE  _ADC0L                             lab3_3_1
     000000BF  G$ADC0H$0$0                        lab3_3_1
     000000BF  _ADC0H                             lab3_3_1
     000000C0  G$BUS_TOE$0$0                      lab3_3_1
     000000C0  G$SMB0CN$0$0                       lab3_3_1
     000000C0  G$SMBTOE$0$0                       lab3_3_1
     000000C0  _BUS_TOE                           lab3_3_1
     000000C0  _SMB0CN                            lab3_3_1
     000000C0  _SMBTOE                            lab3_3_1
     000000C1  G$BUS_FTE$0$0                      lab3_3_1
     000000C1  G$SMB0STA$0$0                      lab3_3_1
     000000C1  G$SMBFTE$0$0                       lab3_3_1
     000000C1  _BUS_FTE                           lab3_3_1
     000000C1  _SMB0STA                           lab3_3_1
     000000C1  _SMBFTE                            lab3_3_1
     000000C2  G$AA$0$0                           lab3_3_1
     000000C2  G$BUS_AA$0$0                       lab3_3_1
     000000C2  G$SMB0DAT$0$0                      lab3_3_1
     000000C2  _AA                                lab3_3_1
     000000C2  _BUS_AA                            lab3_3_1
     000000C2  _SMB0DAT                           lab3_3_1
     000000C3  G$BUS_INT$0$0                      lab3_3_1
     000000C3  G$SI$0$0                           lab3_3_1
ASxxxx Linker V03.00 + NoICE + sdld,  page 9.
Hexadecimal  [32-Bits]

Area                                    Addr        Size        Decimal Bytes (Attributes)
--------------------------------        ----        ----        ------- ----- ------------
.  .ABS.                            00000000    00000000 =           0. bytes (ABS,CON)

      Value  Global                              Global Defined In Module
      -----  --------------------------------   ------------------------
     000000C3  G$SMB0ADR$0$0                      lab3_3_1
     000000C3  _BUS_INT                           lab3_3_1
     000000C3  _SI                                lab3_3_1
     000000C3  _SMB0ADR                           lab3_3_1
     000000C4  G$ADC0GTL$0$0                      lab3_3_1
     000000C4  G$BUS_STOP$0$0                     lab3_3_1
     000000C4  G$STO$0$0                          lab3_3_1
     000000C4  _ADC0GTL                           lab3_3_1
     000000C4  _BUS_STOP                          lab3_3_1
     000000C4  _STO                               lab3_3_1
     000000C5  G$ADC0GTH$0$0                      lab3_3_1
     000000C5  G$BUS_START$0$0                    lab3_3_1
     000000C5  G$STA$0$0                          lab3_3_1
     000000C5  _ADC0GTH                           lab3_3_1
     000000C5  _BUS_START                         lab3_3_1
     000000C5  _STA                               lab3_3_1
     000000C6  G$ADC0LTL$0$0                      lab3_3_1
     000000C6  G$BUS_EN$0$0                       lab3_3_1
     000000C6  G$ENSMB$0$0                        lab3_3_1
     000000C6  _ADC0LTL                           lab3_3_1
     000000C6  _BUS_EN                            lab3_3_1
     000000C6  _ENSMB                             lab3_3_1
     000000C7  G$ADC0LTH$0$0                      lab3_3_1
     000000C7  G$BUSY$0$0                         lab3_3_1
     000000C7  G$BUS_BUSY$0$0                     lab3_3_1
     000000C7  _ADC0LTH                           lab3_3_1
     000000C7  _BUSY                              lab3_3_1
     000000C7  _BUS_BUSY                          lab3_3_1
     000000C8  G$CPRL2$0$0                        lab3_3_1
     000000C8  G$T2CON$0$0                        lab3_3_1
     000000C8  _CPRL2                             lab3_3_1
     000000C8  _T2CON                             lab3_3_1
     000000C9  G$CT2$0$0                          lab3_3_1
     000000C9  G$T4CON$0$0                        lab3_3_1
     000000C9  _CT2                               lab3_3_1
     000000C9  _T4CON                             lab3_3_1
     000000CA  G$RCAP2L$0$0                       lab3_3_1
     000000CA  G$TR2$0$0                          lab3_3_1
     000000CA  _RCAP2L                            lab3_3_1
     000000CA  _TR2                               lab3_3_1
     000000CB  G$EXEN2$0$0                        lab3_3_1
     000000CB  G$RCAP2H$0$0                       lab3_3_1
     000000CB  _EXEN2                             lab3_3_1
     000000CB  _RCAP2H                            lab3_3_1
     000000CC  G$TCLK$0$0                         lab3_3_1
     000000CC  G$TL2$0$0                          lab3_3_1
     000000CC  _TCLK                              lab3_3_1
     000000CC  _TL2                               lab3_3_1
     000000CD  G$RCLK$0$0                         lab3_3_1
     000000CD  G$TH2$0$0                          lab3_3_1
     000000CD  _RCLK                              lab3_3_1
ASxxxx Linker V03.00 + NoICE + sdld,  page 10.
Hexadecimal  [32-Bits]

Area                                    Addr        Size        Decimal Bytes (Attributes)
--------------------------------        ----        ----        ------- ----- ------------
.  .ABS.                            00000000    00000000 =           0. bytes (ABS,CON)

      Value  Global                              Global Defined In Module
      -----  --------------------------------   ------------------------
     000000CD  _TH2                               lab3_3_1
     000000CE  G$EXF2$0$0                         lab3_3_1
     000000CE  _EXF2                              lab3_3_1
     000000CF  G$SMB0CR$0$0                       lab3_3_1
     000000CF  G$TF2$0$0                          lab3_3_1
     000000CF  _SMB0CR                            lab3_3_1
     000000CF  _TF2                               lab3_3_1
     000000D0  G$P$0$0                            lab3_3_1
     000000D0  G$PSW$0$0                          lab3_3_1
     000000D0  _P                                 lab3_3_1
     000000D0  _PSW                               lab3_3_1
     000000D1  G$F1$0$0                           lab3_3_1
     000000D1  G$REF0CN$0$0                       lab3_3_1
     000000D1  _F1                                lab3_3_1
     000000D1  _REF0CN                            lab3_3_1
     000000D2  G$DAC0L$0$0                        lab3_3_1
     000000D2  G$OV$0$0                           lab3_3_1
     000000D2  _DAC0L                             lab3_3_1
     000000D2  _OV                                lab3_3_1
     000000D3  G$DAC0H$0$0                        lab3_3_1
     000000D3  G$RS0$0$0                          lab3_3_1
     000000D3  _DAC0H                             lab3_3_1
     000000D3  _RS0                               lab3_3_1
     000000D4  G$DAC0CN$0$0                       lab3_3_1
     000000D4  G$RS1$0$0                          lab3_3_1
     000000D4  _DAC0CN                            lab3_3_1
     000000D4  _RS1                               lab3_3_1
     000000D5  G$DAC1L$0$0                        lab3_3_1
     000000D5  G$F0$0$0                           lab3_3_1
     000000D5  _DAC1L                             lab3_3_1
     000000D5  _F0                                lab3_3_1
     000000D6  G$AC$0$0                           lab3_3_1
     000000D6  G$DAC1H$0$0                        lab3_3_1
     000000D6  _AC                                lab3_3_1
     000000D6  _DAC1H                             lab3_3_1
     000000D7  G$CY$0$0                           lab3_3_1
     000000D7  G$DAC1CN$0$0                       lab3_3_1
     000000D7  _CY                                lab3_3_1
     000000D7  _DAC1CN                            lab3_3_1
     000000D8  G$CCF0$0$0                         lab3_3_1
     000000D8  G$PCA0CN$0$0                       lab3_3_1
     000000D8  _CCF0                              lab3_3_1
     000000D8  _PCA0CN                            lab3_3_1
     000000D9  G$CCF1$0$0                         lab3_3_1
     000000D9  G$PCA0MD$0$0                       lab3_3_1
     000000D9  _CCF1                              lab3_3_1
     000000D9  _PCA0MD                            lab3_3_1
     000000DA  G$CCF2$0$0                         lab3_3_1
     000000DA  G$PCA0CPM0$0$0                     lab3_3_1
     000000DA  _CCF2                              lab3_3_1
     000000DA  _PCA0CPM0                          lab3_3_1
ASxxxx Linker V03.00 + NoICE + sdld,  page 11.
Hexadecimal  [32-Bits]

Area                                    Addr        Size        Decimal Bytes (Attributes)
--------------------------------        ----        ----        ------- ----- ------------
.  .ABS.                            00000000    00000000 =           0. bytes (ABS,CON)

      Value  Global                              Global Defined In Module
      -----  --------------------------------   ------------------------
     000000DB  G$CCF3$0$0                         lab3_3_1
     000000DB  G$PCA0CPM1$0$0                     lab3_3_1
     000000DB  _CCF3                              lab3_3_1
     000000DB  _PCA0CPM1                          lab3_3_1
     000000DC  G$CCF4$0$0                         lab3_3_1
     000000DC  G$PCA0CPM2$0$0                     lab3_3_1
     000000DC  _CCF4                              lab3_3_1
     000000DC  _PCA0CPM2                          lab3_3_1
     000000DD  G$PCA0CPM3$0$0                     lab3_3_1
     000000DD  _PCA0CPM3                          lab3_3_1
     000000DE  G$CR$0$0                           lab3_3_1
     000000DE  G$PCA0CPM4$0$0                     lab3_3_1
     000000DE  _CR                                lab3_3_1
     000000DE  _PCA0CPM4                          lab3_3_1
     000000DF  G$CF$0$0                           lab3_3_1
     000000DF  _CF                                lab3_3_1
     000000E0  G$ACC$0$0                          lab3_3_1
     000000E0  _ACC                               lab3_3_1
     000000E1  G$XBR0$0$0                         lab3_3_1
     000000E1  _XBR0                              lab3_3_1
     000000E2  G$XBR1$0$0                         lab3_3_1
     000000E2  _XBR1                              lab3_3_1
     000000E3  G$XBR2$0$0                         lab3_3_1
     000000E3  _XBR2                              lab3_3_1
     000000E4  G$RCAP4L$0$0                       lab3_3_1
     000000E4  _RCAP4L                            lab3_3_1
     000000E5  G$RCAP4H$0$0                       lab3_3_1
     000000E5  _RCAP4H                            lab3_3_1
     000000E6  G$EIE1$0$0                         lab3_3_1
     000000E6  _EIE1                              lab3_3_1
     000000E7  G$EIE2$0$0                         lab3_3_1
     000000E7  _EIE2                              lab3_3_1
     000000E8  G$AD0LJST$0$0                      lab3_3_1
     000000E8  G$ADC0CN$0$0                       lab3_3_1
     000000E8  G$ADLJST$0$0                       lab3_3_1
     000000E8  _AD0LJST                           lab3_3_1
     000000E8  _ADC0CN                            lab3_3_1
     000000E8  _ADLJST                            lab3_3_1
     000000E9  G$AD0WINT$0$0                      lab3_3_1
     000000E9  G$ADWINT$0$0                       lab3_3_1
     000000E9  G$PCA0L$0$0                        lab3_3_1
     000000E9  _AD0WINT                           lab3_3_1
     000000E9  _ADWINT                            lab3_3_1
     000000E9  _PCA0L                             lab3_3_1
     000000EA  G$AD0CM0$0$0                       lab3_3_1
     000000EA  G$ADSTM0$0$0                       lab3_3_1
     000000EA  G$PCA0CPL0$0$0                     lab3_3_1
     000000EA  _AD0CM0                            lab3_3_1
     000000EA  _ADSTM0                            lab3_3_1
     000000EA  _PCA0CPL0                          lab3_3_1
     000000EB  G$AD0CM1$0$0                       lab3_3_1
ASxxxx Linker V03.00 + NoICE + sdld,  page 12.
Hexadecimal  [32-Bits]

Area                                    Addr        Size        Decimal Bytes (Attributes)
--------------------------------        ----        ----        ------- ----- ------------
.  .ABS.                            00000000    00000000 =           0. bytes (ABS,CON)

      Value  Global                              Global Defined In Module
      -----  --------------------------------   ------------------------
     000000EB  G$ADSTM1$0$0                       lab3_3_1
     000000EB  G$PCA0CPL1$0$0                     lab3_3_1
     000000EB  _AD0CM1                            lab3_3_1
     000000EB  _ADSTM1                            lab3_3_1
     000000EB  _PCA0CPL1                          lab3_3_1
     000000EC  G$AD0BUSY$0$0                      lab3_3_1
     000000EC  G$ADBUSY$0$0                       lab3_3_1
     000000EC  G$PCA0CPL2$0$0                     lab3_3_1
     000000EC  _AD0BUSY                           lab3_3_1
     000000EC  _ADBUSY                            lab3_3_1
     000000EC  _PCA0CPL2                          lab3_3_1
     000000ED  G$AD0INT$0$0                       lab3_3_1
     000000ED  G$ADCINT$0$0                       lab3_3_1
     000000ED  G$PCA0CPL3$0$0                     lab3_3_1
     000000ED  _AD0INT                            lab3_3_1
     000000ED  _ADCINT                            lab3_3_1
     000000ED  _PCA0CPL3                          lab3_3_1
     000000EE  G$AD0TM$0$0                        lab3_3_1
     000000EE  G$ADCTM$0$0                        lab3_3_1
     000000EE  G$PCA0CPL4$0$0                     lab3_3_1
     000000EE  _AD0TM                             lab3_3_1
     000000EE  _ADCTM                             lab3_3_1
     000000EE  _PCA0CPL4                          lab3_3_1
     000000EF  G$AD0EN$0$0                        lab3_3_1
     000000EF  G$ADCEN$0$0                        lab3_3_1
     000000EF  G$RSTSRC$0$0                       lab3_3_1
     000000EF  _AD0EN                             lab3_3_1
     000000EF  _ADCEN                             lab3_3_1
     000000EF  _RSTSRC                            lab3_3_1
     000000F0  G$B$0$0                            lab3_3_1
     000000F0  _B                                 lab3_3_1
     000000F1  G$SCON1$0$0                        lab3_3_1
     000000F1  _SCON1                             lab3_3_1
     000000F2  G$SBUF1$0$0                        lab3_3_1
     000000F2  _SBUF1                             lab3_3_1
     000000F3  G$SADDR1$0$0                       lab3_3_1
     000000F3  _SADDR1                            lab3_3_1
     000000F4  G$TL4$0$0                          lab3_3_1
     000000F4  _TL4                               lab3_3_1
     000000F5  G$TH4$0$0                          lab3_3_1
     000000F5  _B_5                               _gptrget
     000000F5  _TH4                               lab3_3_1
     000000F6  G$EIP1$0$0                         lab3_3_1
     000000F6  _B_6                               _gptrget
     000000F6  _EIP1                              lab3_3_1
     000000F7  G$EIP2$0$0                         lab3_3_1
     000000F7  _B_7                               _gptrget
     000000F7  _EIP2                              lab3_3_1
     000000F8  G$SPI0CN$0$0                       lab3_3_1
     000000F8  G$SPIEN$0$0                        lab3_3_1
     000000F8  _SPI0CN                            lab3_3_1
ASxxxx Linker V03.00 + NoICE + sdld,  page 13.
Hexadecimal  [32-Bits]

Area                                    Addr        Size        Decimal Bytes (Attributes)
--------------------------------        ----        ----        ------- ----- ------------
.  .ABS.                            00000000    00000000 =           0. bytes (ABS,CON)

      Value  Global                              Global Defined In Module
      -----  --------------------------------   ------------------------
     000000F8  _SPIEN                             lab3_3_1
     000000F9  G$MSTEN$0$0                        lab3_3_1
     000000F9  G$PCA0H$0$0                        lab3_3_1
     000000F9  _MSTEN                             lab3_3_1
     000000F9  _PCA0H                             lab3_3_1
     000000FA  G$PCA0CPH0$0$0                     lab3_3_1
     000000FA  G$SLVSEL$0$0                       lab3_3_1
     000000FA  _PCA0CPH0                          lab3_3_1
     000000FA  _SLVSEL                            lab3_3_1
     000000FB  G$PCA0CPH1$0$0                     lab3_3_1
     000000FB  G$TXBSY$0$0                        lab3_3_1
     000000FB  _PCA0CPH1                          lab3_3_1
     000000FB  _TXBSY                             lab3_3_1
     000000FC  G$PCA0CPH2$0$0                     lab3_3_1
     000000FC  G$RXOVRN$0$0                       lab3_3_1
     000000FC  _PCA0CPH2                          lab3_3_1
     000000FC  _RXOVRN                            lab3_3_1
     000000FD  G$MODF$0$0                         lab3_3_1
     000000FD  G$PCA0CPH3$0$0                     lab3_3_1
     000000FD  _MODF                              lab3_3_1
     000000FD  _PCA0CPH3                          lab3_3_1
     000000FE  G$PCA0CPH4$0$0                     lab3_3_1
     000000FE  G$WCOL$0$0                         lab3_3_1
     000000FE  _PCA0CPH4                          lab3_3_1
     000000FE  _WCOL                              lab3_3_1
     000000FF  G$SPIF$0$0                         lab3_3_1
     000000FF  G$WDTCN$0$0                        lab3_3_1
     000000FF  _SPIF                              lab3_3_1
     000000FF  _WDTCN                             lab3_3_1
     00008C8A  G$TMR0$0$0                         lab3_3_1
     00008C8A  _TMR0                              lab3_3_1
     00008D8B  G$TMR1$0$0                         lab3_3_1
     00008D8B  _TMR1                              lab3_3_1
     00009392  G$TMR3RL$0$0                       lab3_3_1
     00009392  _TMR3RL                            lab3_3_1
     00009594  G$TMR3$0$0                         lab3_3_1
     00009594  _TMR3                              lab3_3_1
     0000BFBE  G$ADC0$0$0                         lab3_3_1
     0000BFBE  _ADC0                              lab3_3_1
     0000C5C4  G$ADC0GT$0$0                       lab3_3_1
     0000C5C4  _ADC0GT                            lab3_3_1
     0000C7C6  G$ADC0LT$0$0                       lab3_3_1
     0000C7C6  _ADC0LT                            lab3_3_1
     0000CBCA  G$RCAP2$0$0                        lab3_3_1
     0000CBCA  _RCAP2                             lab3_3_1
     0000CDCC  G$TMR2$0$0                         lab3_3_1
     0000CDCC  _TMR2                              lab3_3_1
     0000D3D2  G$DAC0$0$0                         lab3_3_1
     0000D3D2  _DAC0                              lab3_3_1
     0000D6D5  G$DAC1$0$0                         lab3_3_1
     0000D6D5  _DAC1                              lab3_3_1
ASxxxx Linker V03.00 + NoICE + sdld,  page 14.
Hexadecimal  [32-Bits]

Area                                    Addr        Size        Decimal Bytes (Attributes)
--------------------------------        ----        ----        ------- ----- ------------
.  .ABS.                            00000000    00000000 =           0. bytes (ABS,CON)

      Value  Global                              Global Defined In Module
      -----  --------------------------------   ------------------------
     0000E5E4  G$RCAP4$0$0                        lab3_3_1
     0000E5E4  _RCAP4                             lab3_3_1
     0000F5F4  G$TMR4$0$0                         lab3_3_1
     0000F5F4  _TMR4                              lab3_3_1
     0000F9E9  G$PCA0$0$0                         lab3_3_1
     0000F9E9  _PCA0                              lab3_3_1
     0000FAEA  G$PCA0CP0$0$0                      lab3_3_1
     0000FAEA  _PCA0CP0                           lab3_3_1
     0000FBEB  G$PCA0CP1$0$0                      lab3_3_1
     0000FBEB  _PCA0CP1                           lab3_3_1
     0000FCEC  G$PCA0CP2$0$0                      lab3_3_1
     0000FCEC  _PCA0CP2                           lab3_3_1
     0000FDED  G$PCA0CP3$0$0                      lab3_3_1
     0000FDED  _PCA0CP3                           lab3_3_1
     0000FEEE  G$PCA0CP4$0$0                      lab3_3_1
     0000FEEE  _PCA0CP4                           lab3_3_1
ASxxxx Linker V03.00 + NoICE + sdld,  page 15.
Hexadecimal  [32-Bits]

Area                                    Addr        Size        Decimal Bytes (Attributes)
--------------------------------        ----        ----        ------- ----- ------------
BSEG_BYTES                          00000020    00000002 =           2. bytes (REL,CON)

      Value  Global                              Global Defined In Module
      -----  --------------------------------   ------------------------
ASxxxx Linker V03.00 + NoICE + sdld,  page 16.
Hexadecimal  [32-Bits]

Area                                    Addr        Size        Decimal Bytes (Attributes)
--------------------------------        ----        ----        ------- ----- ------------
REG_BANK_0                          00000000    00000008 =           8. bytes (REL,OVR)

      Value  Global                              Global Defined In Module
      -----  --------------------------------   ------------------------
ASxxxx Linker V03.00 + NoICE + sdld,  page 17.
Hexadecimal  [32-Bits]

Area                                    Addr        Size        Decimal Bytes (Attributes)
--------------------------------        ----        ----        ------- ----- ------------
DSEG                                00000000    0000007D =         125. bytes (REL,CON)

      Value  Global                              Global Defined In Module
      -----  --------------------------------   ------------------------
     00000008  _vsprintf_PARM_2                   sprintf
     0000000B  _vsprintf_PARM_3                   sprintf
     0000000F  _bp                                _bp
     00000010  _vprintf_PARM_2                    vprintf
     00000022  G$Data2$0$0                        lab3_3_1
     00000022  _Data2                             lab3_3_1
     00000025  Llab3_3_1.aligned_alloc$size$1$3   lab3_3_1
     00000025  _aligned_alloc_PARM_2              lab3_3_1
     00000027  Llab3_3_1.lcd_clear$NumBytes$1$8   lab3_3_1
     00000028  Llab3_3_1.lcd_clear$Cmd$1$85       lab3_3_1
     0000002A  Llab3_3_1.read_keypad$Data$1$86    lab3_3_1
     0000002C  Llab3_3_1.i2c_write_data$start_r   lab3_3_1
     0000002C  _i2c_write_data_PARM_2             lab3_3_1
     0000002D  Llab3_3_1.i2c_write_data$buffer$   lab3_3_1
     0000002D  _i2c_write_data_PARM_3             lab3_3_1
     00000030  Llab3_3_1.i2c_write_data$num_byt   lab3_3_1
     00000030  _i2c_write_data_PARM_4             lab3_3_1
     00000031  Llab3_3_1.i2c_read_data$start_re   lab3_3_1
     00000031  _i2c_read_data_PARM_2              lab3_3_1
     00000032  Llab3_3_1.i2c_read_data$buffer$1   lab3_3_1
     00000032  _i2c_read_data_PARM_3              lab3_3_1
     00000035  Llab3_3_1.i2c_read_data$num_byte   lab3_3_1
     00000035  _i2c_read_data_PARM_4              lab3_3_1
     00000036  G$DrivePW_Neutral$0$0              lab3_3_1
     00000036  _DrivePW_Neutral                   lab3_3_1
     00000038  G$DrivePW_Min$0$0                  lab3_3_1
     00000038  _DrivePW_Min                       lab3_3_1
     0000003A  G$DrivePW_Max$0$0                  lab3_3_1
     0000003A  _DrivePW_Max                       lab3_3_1
     0000003C  G$DrivePW$0$0                      lab3_3_1
     0000003C  _DrivePW                           lab3_3_1
     0000003E  G$counts$0$0                       lab3_3_1
     0000003E  _counts                            lab3_3_1
     00000040  G$ranger_count$0$0                 lab3_3_1
     00000040  _ranger_count                      lab3_3_1
     00000042  G$new_range$0$0                    lab3_3_1
     00000042  _new_range                         lab3_3_1
     00000044  G$range$0$0                        lab3_3_1
     00000044  _range                             lab3_3_1
     00000046  G$data_array$0$0                   lab3_3_1
     00000046  _data_array                        lab3_3_1
     00000048  G$input_data$0$0                   lab3_3_1
     00000048  _input_data                        lab3_3_1
     00000049  G$error$0$0                        lab3_3_1
     00000049  _error                             lab3_3_1
     0000004B  G$desired_distance$0$0             lab3_3_1
     0000004B  _desired_distance                  lab3_3_1
     0000004D  G$actual_distance$0$0              lab3_3_1
     0000004D  _actual_distance                   lab3_3_1
     0000004F  G$temp_servo_pw$0$0                lab3_3_1
ASxxxx Linker V03.00 + NoICE + sdld,  page 18.
Hexadecimal  [32-Bits]

Area                                    Addr        Size        Decimal Bytes (Attributes)
--------------------------------        ----        ----        ------- ----- ------------
DSEG                                00000000    0000007D =         125. bytes (REL,CON)

      Value  Global                              Global Defined In Module
      -----  --------------------------------   ------------------------
     0000004F  _temp_servo_pw                     lab3_3_1
     00000051  G$k$0$0                            lab3_3_1
     00000051  _k                                 lab3_3_1
     0000005F  __print_format_PARM_2              printf_large
     00000062  __print_format_PARM_3              printf_large
     00000065  __print_format_PARM_4              printf_large

ASxxxx Linker V03.00 + NoICE + sdld,  page 19.
Hexadecimal  [32-Bits]

Area                                    Addr        Size        Decimal Bytes (Attributes)
--------------------------------        ----        ----        ------- ----- ------------
OSEG                                00000011    00000006 =           6. bytes (REL,OVR)

      Value  Global                              Global Defined In Module
      -----  --------------------------------   ------------------------
     00000011  __gptrput_PARM_2                   _gptrput
     00000011  __mulint_PARM_2                    _mulint

ASxxxx Linker V03.00 + NoICE + sdld,  page 20.
Hexadecimal  [32-Bits]

Area                                    Addr        Size        Decimal Bytes (Attributes)
--------------------------------        ----        ----        ------- ----- ------------
ISEG                                00000017    00000006 =           6. bytes (REL,CON)

      Value  Global                              Global Defined In Module
      -----  --------------------------------   ------------------------
ASxxxx Linker V03.00 + NoICE + sdld,  page 21.
Hexadecimal  [32-Bits]

Area                                    Addr        Size        Decimal Bytes (Attributes)
--------------------------------        ----        ----        ------- ----- ------------
SSEG                                0000006D    00000093 =         147. bytes (REL,OVR)

      Value  Global                              Global Defined In Module
      -----  --------------------------------   ------------------------
     0000006D  __start__stack                     lab3_3_1

ASxxxx Linker V03.00 + NoICE + sdld,  page 22.
Hexadecimal  [32-Bits]

Area                                    Addr        Size        Decimal Bytes (Attributes)
--------------------------------        ----        ----        ------- ----- ------------
XSEG                                00000001    00000050 =          80. bytes (REL,CON,XDATA)

      Value  Global                              Global Defined In Module
      -----  --------------------------------   ------------------------
D:   00000001  Llab3_3_1.lcd_print$text$1$81      lab3_3_1

ASxxxx Linker V03.00 + NoICE + sdld,  page 23.
Hexadecimal  [32-Bits]

Area                                    Addr        Size        Decimal Bytes (Attributes)
--------------------------------        ----        ----        ------- ----- ------------
HOME                                00000000    00000051 =          81. bytes (REL,CON,CODE)

      Value  Global                              Global Defined In Module
      -----  --------------------------------   ------------------------
C:   00000000  A$lab3-3-1$1084                    lab3_3_1
C:   00000003  A$lab3-3-1$1085                    lab3_3_1
C:   0000000B  A$lab3-3-1$1087                    lab3_3_1
C:   00000013  A$lab3-3-1$1089                    lab3_3_1
C:   0000001B  A$lab3-3-1$1091                    lab3_3_1
C:   00000023  A$lab3-3-1$1093                    lab3_3_1
C:   0000002B  A$lab3-3-1$1095                    lab3_3_1
C:   00000033  A$lab3-3-1$1097                    lab3_3_1
C:   0000003B  A$lab3-3-1$1099                    lab3_3_1
C:   00000043  A$lab3-3-1$1101                    lab3_3_1
C:   0000004B  A$lab3-3-1$1103                    lab3_3_1
C:   0000004E  A$lab3-3-1$1140                    lab3_3_1
C:   0000004E  __sdcc_program_startup             lab3_3_1

ASxxxx Linker V03.00 + NoICE + sdld,  page 24.
Hexadecimal  [32-Bits]

Area                                    Addr        Size        Decimal Bytes (Attributes)
--------------------------------        ----        ----        ------- ----- ------------
GSINIT0                             00000051    00000003 =           3. bytes (REL,CON,CODE)

      Value  Global                              Global Defined In Module
      -----  --------------------------------   ------------------------
C:   00000051  __sdcc_gsinit_startup              

ASxxxx Linker V03.00 + NoICE + sdld,  page 25.
Hexadecimal  [32-Bits]

Area                                    Addr        Size        Decimal Bytes (Attributes)
--------------------------------        ----        ----        ------- ----- ------------
GSINIT2                             00000054    0000000A =          10. bytes (REL,CON,CODE)

      Value  Global                              Global Defined In Module
      -----  --------------------------------   ------------------------
ASxxxx Linker V03.00 + NoICE + sdld,  page 26.
Hexadecimal  [32-Bits]

Area                                    Addr        Size        Decimal Bytes (Attributes)
--------------------------------        ----        ----        ------- ----- ------------
GSINIT3                             0000005E    00000022 =          34. bytes (REL,CON,CODE)

      Value  Global                              Global Defined In Module
      -----  --------------------------------   ------------------------
C:   0000005E  __mcs51_genXINIT                   

ASxxxx Linker V03.00 + NoICE + sdld,  page 27.
Hexadecimal  [32-Bits]

Area                                    Addr        Size        Decimal Bytes (Attributes)
--------------------------------        ----        ----        ------- ----- ------------
GSINIT4                             00000080    0000002A =          42. bytes (REL,CON,CODE)

      Value  Global                              Global Defined In Module
      -----  --------------------------------   ------------------------
C:   00000080  __mcs51_genRAMCLEAR                
C:   00000086  __mcs51_genXRAMCLEAR               

ASxxxx Linker V03.00 + NoICE + sdld,  page 28.
Hexadecimal  [32-Bits]

Area                                    Addr        Size        Decimal Bytes (Attributes)
--------------------------------        ----        ----        ------- ----- ------------
GSINIT                              000000AA    00000015 =          21. bytes (REL,CON,CODE)

      Value  Global                              Global Defined In Module
      -----  --------------------------------   ------------------------
C:   000000AA  A$lab3-3-1$1119                    lab3_3_1
C:   000000AA  C$lab3_3_1.c$20$1$143              lab3_3_1
C:   000000AD  A$lab3-3-1$1120                    lab3_3_1
C:   000000B0  A$lab3-3-1$1123                    lab3_3_1
C:   000000B0  C$lab3_3_1.c$21$1$143              lab3_3_1
C:   000000B3  A$lab3-3-1$1124                    lab3_3_1
C:   000000B6  A$lab3-3-1$1127                    lab3_3_1
C:   000000B6  C$lab3_3_1.c$22$1$143              lab3_3_1
C:   000000B9  A$lab3-3-1$1128                    lab3_3_1
C:   000000BC  A$lab3-3-1$1131                    lab3_3_1
C:   000000BC  C$lab3_3_1.c$29$1$143              lab3_3_1

ASxxxx Linker V03.00 + NoICE + sdld,  page 29.
Hexadecimal  [32-Bits]

Area                                    Addr        Size        Decimal Bytes (Attributes)
--------------------------------        ----        ----        ------- ----- ------------
GSFINAL                             000000BF    00000003 =           3. bytes (REL,CON,CODE)

      Value  Global                              Global Defined In Module
      -----  --------------------------------   ------------------------
C:   000000BF  A$lab3-3-1$1133                    lab3_3_1

ASxxxx Linker V03.00 + NoICE + sdld,  page 30.
Hexadecimal  [32-Bits]

Area                                    Addr        Size        Decimal Bytes (Attributes)
--------------------------------        ----        ----        ------- ----- ------------
CSEG                                000000C2    00000DFE =        3582. bytes (REL,CON,CODE)

      Value  Global                              Global Defined In Module
      -----  --------------------------------   ------------------------
C:   000000C2  A$lab3-3-1$1168                    lab3_3_1
C:   000000C2  C$c8051_SDCC.h$62$0$0              lab3_3_1
C:   000000C2  C$c8051_SDCC.h$66$1$2              lab3_3_1
C:   000000C2  G$SYSCLK_Init$0$0                  lab3_3_1
C:   000000C2  _SYSCLK_Init                       lab3_3_1
C:   000000C5  A$lab3-3-1$1171                    lab3_3_1
C:   000000C5  C$c8051_SDCC.h$69$1$2              lab3_3_1
C:   000000C7  A$lab3-3-1$1172                    lab3_3_1
C:   000000C9  A$lab3-3-1$1174                    lab3_3_1
C:   000000CA  A$lab3-3-1$1175                    lab3_3_1
C:   000000CC  A$lab3-3-1$1176                    lab3_3_1
C:   000000CD  A$lab3-3-1$1177                    lab3_3_1
C:   000000CE  A$lab3-3-1$1178                    lab3_3_1
C:   000000D0  A$lab3-3-1$1179                    lab3_3_1
C:   000000D1  A$lab3-3-1$1180                    lab3_3_1
C:   000000D3  A$lab3-3-1$1181                    lab3_3_1
C:   000000D5  A$lab3-3-1$1182                    lab3_3_1
C:   000000D6  A$lab3-3-1$1183                    lab3_3_1
C:   000000D7  A$lab3-3-1$1184                    lab3_3_1
C:   000000D9  A$lab3-3-1$1188                    lab3_3_1
C:   000000D9  C$c8051_SDCC.h$71$1$2              lab3_3_1
C:   000000DB  A$lab3-3-1$1189                    lab3_3_1
C:   000000DE  A$lab3-3-1$1192                    lab3_3_1
C:   000000DE  C$c8051_SDCC.h$73$1$2              lab3_3_1
C:   000000E1  A$lab3-3-1$1195                    lab3_3_1
C:   000000E1  C$c8051_SDCC.h$76$1$2              lab3_3_1
C:   000000E1  XG$SYSCLK_Init$0$0                 lab3_3_1
C:   000000E2  A$lab3-3-1$1208                    lab3_3_1
C:   000000E2  C$c8051_SDCC.h$84$1$2              lab3_3_1
C:   000000E2  C$c8051_SDCC.h$86$1$4              lab3_3_1
C:   000000E2  G$UART0_Init$0$0                   lab3_3_1
C:   000000E2  _UART0_Init                        lab3_3_1
C:   000000E5  A$lab3-3-1$1211                    lab3_3_1
C:   000000E5  C$c8051_SDCC.h$87$1$4              lab3_3_1
C:   000000E8  A$lab3-3-1$1214                    lab3_3_1
C:   000000E8  C$c8051_SDCC.h$88$1$4              lab3_3_1
C:   000000EB  A$lab3-3-1$1217                    lab3_3_1
C:   000000EB  C$c8051_SDCC.h$89$1$4              lab3_3_1
C:   000000ED  A$lab3-3-1$1220                    lab3_3_1
C:   000000ED  C$c8051_SDCC.h$90$1$4              lab3_3_1
C:   000000F0  A$lab3-3-1$1223                    lab3_3_1
C:   000000F0  C$c8051_SDCC.h$91$1$4              lab3_3_1
C:   000000F3  A$lab3-3-1$1226                    lab3_3_1
C:   000000F3  C$c8051_SDCC.h$93$1$4              lab3_3_1
C:   000000F5  A$lab3-3-1$1229                    lab3_3_1
C:   000000F5  C$c8051_SDCC.h$94$1$4              lab3_3_1
C:   000000F8  A$lab3-3-1$1232                    lab3_3_1
C:   000000F8  C$c8051_SDCC.h$95$1$4              lab3_3_1
C:   000000F8  XG$UART0_Init$0$0                  lab3_3_1
C:   000000F9  A$lab3-3-1$1245                    lab3_3_1
ASxxxx Linker V03.00 + NoICE + sdld,  page 31.
Hexadecimal  [32-Bits]

Area                                    Addr        Size        Decimal Bytes (Attributes)
--------------------------------        ----        ----        ------- ----- ------------
CSEG                                000000C2    00000DFE =        3582. bytes (REL,CON,CODE)

      Value  Global                              Global Defined In Module
      -----  --------------------------------   ------------------------
C:   000000F9  C$c8051_SDCC.h$103$1$4             lab3_3_1
C:   000000F9  C$c8051_SDCC.h$105$1$6             lab3_3_1
C:   000000F9  G$Sys_Init$0$0                     lab3_3_1
C:   000000F9  _Sys_Init                          lab3_3_1
C:   000000FC  A$lab3-3-1$1248                    lab3_3_1
C:   000000FC  C$c8051_SDCC.h$106$1$6             lab3_3_1
C:   000000FF  A$lab3-3-1$1251                    lab3_3_1
C:   000000FF  C$c8051_SDCC.h$108$1$6             lab3_3_1
C:   00000102  A$lab3-3-1$1254                    lab3_3_1
C:   00000102  C$c8051_SDCC.h$109$1$6             lab3_3_1
C:   00000105  A$lab3-3-1$1257                    lab3_3_1
C:   00000105  C$c8051_SDCC.h$111$1$6             lab3_3_1
C:   00000108  A$lab3-3-1$1260                    lab3_3_1
C:   00000108  C$c8051_SDCC.h$112$1$6             lab3_3_1
C:   0000010B  A$lab3-3-1$1263                    lab3_3_1
C:   0000010B  C$c8051_SDCC.h$113$1$6             lab3_3_1
C:   0000010B  XG$Sys_Init$0$0                    lab3_3_1
C:   0000010C  A$lab3-3-1$1276                    lab3_3_1
C:   0000010C  C$c8051_SDCC.h$129$1$6             lab3_3_1
C:   0000010C  G$putchar$0$0                      lab3_3_1
C:   0000010C  _putchar                           lab3_3_1
C:   0000010E  A$lab3-3-1$1282                    lab3_3_1
C:   0000010E  C$c8051_SDCC.h$132$1$8             lab3_3_1
C:   0000010E  C$c8051_SDCC.h$133$1$8             lab3_3_1
C:   00000111  A$lab3-3-1$1283                    lab3_3_1
C:   00000113  A$lab3-3-1$1287                    lab3_3_1
C:   00000113  C$c8051_SDCC.h$134$1$8             lab3_3_1
C:   00000115  A$lab3-3-1$1290                    lab3_3_1
C:   00000115  C$c8051_SDCC.h$135$1$8             lab3_3_1
C:   00000115  XG$putchar$0$0                     lab3_3_1
C:   00000116  A$lab3-3-1$1308                    lab3_3_1
C:   00000116  C$c8051_SDCC.h$154$1$8             lab3_3_1
C:   00000116  C$c8051_SDCC.h$157$1$10            lab3_3_1
C:   00000116  C$c8051_SDCC.h$158$1$10            lab3_3_1
C:   00000116  G$getchar$0$0                      lab3_3_1
C:   00000119  A$lab3-3-1$1309                    lab3_3_1
C:   0000011B  A$lab3-3-1$1313                    lab3_3_1
C:   0000011B  C$c8051_SDCC.h$159$1$10            lab3_3_1
C:   0000011D  A$lab3-3-1$1316                    lab3_3_1
C:   0000011D  C$c8051_SDCC.h$160$1$10            lab3_3_1
C:   0000011F  A$lab3-3-1$1317                    lab3_3_1
C:   00000121  A$lab3-3-1$1318                    lab3_3_1
C:   00000124  A$lab3-3-1$1319                    lab3_3_1
C:   00000126  A$lab3-3-1$1322                    lab3_3_1
C:   00000126  C$c8051_SDCC.h$161$1$10            lab3_3_1
C:   00000128  A$lab3-3-1$1325                    lab3_3_1
C:   00000128  C$c8051_SDCC.h$162$1$10            lab3_3_1
C:   00000128  XG$getchar$0$0                     lab3_3_1
C:   00000129  A$lab3-3-1$1340                    lab3_3_1
C:   00000129  C$c8051_SDCC.h$168$1$10            lab3_3_1
C:   00000129  C$c8051_SDCC.h$171$1$12            lab3_3_1
ASxxxx Linker V03.00 + NoICE + sdld,  page 32.
Hexadecimal  [32-Bits]

Area                                    Addr        Size        Decimal Bytes (Attributes)
--------------------------------        ----        ----        ------- ----- ------------
CSEG                                000000C2    00000DFE =        3582. bytes (REL,CON,CODE)

      Value  Global                              Global Defined In Module
      -----  --------------------------------   ------------------------
C:   00000129  G$getchar_nw$0$0                   lab3_3_1
C:   00000129  _getchar_nw                        lab3_3_1
C:   0000012C  A$lab3-3-1$1341                    lab3_3_1
C:   0000012F  A$lab3-3-1$1342                    lab3_3_1
C:   00000131  A$lab3-3-1$1346                    lab3_3_1
C:   00000131  C$c8051_SDCC.h$174$2$13            lab3_3_1
C:   00000133  A$lab3-3-1$1349                    lab3_3_1
C:   00000133  C$c8051_SDCC.h$175$2$13            lab3_3_1
C:   00000136  A$lab3-3-1$1352                    lab3_3_1
C:   00000136  C$c8051_SDCC.h$176$2$13            lab3_3_1
C:   00000139  A$lab3-3-1$1355                    lab3_3_1
C:   00000139  C$c8051_SDCC.h$177$2$13            lab3_3_1
C:   0000013C  A$lab3-3-1$1359                    lab3_3_1
C:   0000013C  C$c8051_SDCC.h$179$1$12            lab3_3_1
C:   0000013C  XG$getchar_nw$0$0                  lab3_3_1
C:   0000013D  A$lab3-3-1$1376                    lab3_3_1
C:   0000013D  C$i2c.h$84$1$12                    lab3_3_1
C:   0000013D  G$lcd_print$0$0                    lab3_3_1
C:   0000013D  _lcd_print                         lab3_3_1
C:   0000013F  A$lab3-3-1$1377                    lab3_3_1
C:   00000142  A$lab3-3-1$1380                    lab3_3_1
C:   00000142  C$i2c.h$90$1$81                    lab3_3_1
C:   00000144  A$lab3-3-1$1381                    lab3_3_1
C:   00000146  A$lab3-3-1$1382                    lab3_3_1
C:   00000147  A$lab3-3-1$1383                    lab3_3_1
C:   00000149  A$lab3-3-1$1384                    lab3_3_1
C:   0000014A  A$lab3-3-1$1385                    lab3_3_1
C:   0000014C  A$lab3-3-1$1386                    lab3_3_1
C:   0000014D  A$lab3-3-1$1387                    lab3_3_1
C:   0000014F  A$lab3-3-1$1388                    lab3_3_1
C:   00000152  A$lab3-3-1$1389                    lab3_3_1
C:   00000154  A$lab3-3-1$1390                    lab3_3_1
C:   00000157  A$lab3-3-1$1391                    lab3_3_1
C:   00000159  A$lab3-3-1$1392                    lab3_3_1
C:   0000015B  A$lab3-3-1$1393                    lab3_3_1
C:   0000015D  A$lab3-3-1$1397                    lab3_3_1
C:   0000015D  C$i2c.h$92$2$82                    lab3_3_1
C:   0000015F  A$lab3-3-1$1398                    lab3_3_1
C:   00000161  A$lab3-3-1$1399                    lab3_3_1
C:   00000162  A$lab3-3-1$1400                    lab3_3_1
C:   00000164  A$lab3-3-1$1403                    lab3_3_1
C:   00000164  C$i2c.h$93$1$81                    lab3_3_1
C:   00000166  A$lab3-3-1$1404                    lab3_3_1
C:   00000168  A$lab3-3-1$1405                    lab3_3_1
C:   00000169  A$lab3-3-1$1406                    lab3_3_1
C:   0000016B  A$lab3-3-1$1407                    lab3_3_1
C:   0000016C  A$lab3-3-1$1408                    lab3_3_1
C:   0000016E  A$lab3-3-1$1409                    lab3_3_1
C:   0000016F  A$lab3-3-1$1410                    lab3_3_1
C:   00000171  A$lab3-3-1$1411                    lab3_3_1
C:   00000174  A$lab3-3-1$1412                    lab3_3_1
ASxxxx Linker V03.00 + NoICE + sdld,  page 33.
Hexadecimal  [32-Bits]

Area                                    Addr        Size        Decimal Bytes (Attributes)
--------------------------------        ----        ----        ------- ----- ------------
CSEG                                000000C2    00000DFE =        3582. bytes (REL,CON,CODE)

      Value  Global                              Global Defined In Module
      -----  --------------------------------   ------------------------
C:   00000177  A$lab3-3-1$1413                    lab3_3_1
C:   0000017A  A$lab3-3-1$1416                    lab3_3_1
C:   0000017A  C$i2c.h$96$1$81                    lab3_3_1
C:   0000017D  A$lab3-3-1$1417                    lab3_3_1
C:   00000180  A$lab3-3-1$1418                    lab3_3_1
C:   00000183  A$lab3-3-1$1419                    lab3_3_1
C:   00000185  A$lab3-3-1$1422                    lab3_3_1
C:   00000187  A$lab3-3-1$1424                    lab3_3_1
C:   00000188  A$lab3-3-1$1425                    lab3_3_1
C:   00000189  A$lab3-3-1$1426                    lab3_3_1
C:   0000018A  A$lab3-3-1$1427                    lab3_3_1
C:   0000018C  A$lab3-3-1$1430                    lab3_3_1
C:   0000018C  C$i2c.h$99$2$84                    lab3_3_1
C:   0000018D  A$lab3-3-1$1431                    lab3_3_1
C:   0000018F  A$lab3-3-1$1432                    lab3_3_1
C:   00000191  A$lab3-3-1$1433                    lab3_3_1
C:   00000192  A$lab3-3-1$1434                    lab3_3_1
C:   00000194  A$lab3-3-1$1435                    lab3_3_1
C:   00000196  A$lab3-3-1$1436                    lab3_3_1
C:   00000197  A$lab3-3-1$1437                    lab3_3_1
C:   00000198  A$lab3-3-1$1438                    lab3_3_1
C:   0000019B  A$lab3-3-1$1439                    lab3_3_1
C:   0000019C  A$lab3-3-1$1440                    lab3_3_1
C:   0000019E  A$lab3-3-1$1441                    lab3_3_1
C:   000001A0  A$lab3-3-1$1442                    lab3_3_1
C:   000001A1  A$lab3-3-1$1443                    lab3_3_1
C:   000001A3  A$lab3-3-1$1444                    lab3_3_1
C:   000001A5  A$lab3-3-1$1445                    lab3_3_1
C:   000001A7  A$lab3-3-1$1446                    lab3_3_1
C:   000001A8  A$lab3-3-1$1450                    lab3_3_1
C:   000001A8  C$i2c.h$97$1$81                    lab3_3_1
C:   000001A9  A$lab3-3-1$1451                    lab3_3_1
C:   000001AB  A$lab3-3-1$1455                    lab3_3_1
C:   000001AB  C$i2c.h$102$1$81                   lab3_3_1
C:   000001AE  A$lab3-3-1$1456                    lab3_3_1
C:   000001B1  A$lab3-3-1$1457                    lab3_3_1
C:   000001B4  A$lab3-3-1$1458                    lab3_3_1
C:   000001B7  A$lab3-3-1$1459                    lab3_3_1
C:   000001B9  A$lab3-3-1$1460                    lab3_3_1
C:   000001BC  A$lab3-3-1$1461                    lab3_3_1
C:   000001BF  A$lab3-3-1$1463                    lab3_3_1
C:   000001C1  A$lab3-3-1$1466                    lab3_3_1
C:   000001C1  C$i2c.h$103$1$81                   lab3_3_1
C:   000001C1  XG$lcd_print$0$0                   lab3_3_1
C:   000001C2  A$lab3-3-1$1482                    lab3_3_1
C:   000001C2  C$i2c.h$106$1$81                   lab3_3_1
C:   000001C2  C$i2c.h$108$1$81                   lab3_3_1
C:   000001C2  G$lcd_clear$0$0                    lab3_3_1
C:   000001C2  _lcd_clear                         lab3_3_1
C:   000001C5  A$lab3-3-1$1486                    lab3_3_1
C:   000001C5  C$i2c.h$110$1$85                   lab3_3_1
ASxxxx Linker V03.00 + NoICE + sdld,  page 34.
Hexadecimal  [32-Bits]

Area                                    Addr        Size        Decimal Bytes (Attributes)
--------------------------------        ----        ----        ------- ----- ------------
CSEG                                000000C2    00000DFE =        3582. bytes (REL,CON,CODE)

      Value  Global                              Global Defined In Module
      -----  --------------------------------   ------------------------
C:   000001C7  A$lab3-3-1$1487                    lab3_3_1
C:   000001C9  A$lab3-3-1$1488                    lab3_3_1
C:   000001CB  A$lab3-3-1$1489                    lab3_3_1
C:   000001CE  A$lab3-3-1$1490                    lab3_3_1
C:   000001D1  A$lab3-3-1$1491                    lab3_3_1
C:   000001D4  A$lab3-3-1$1492                    lab3_3_1
C:   000001D7  A$lab3-3-1$1493                    lab3_3_1
C:   000001DA  A$lab3-3-1$1494                    lab3_3_1
C:   000001DD  A$lab3-3-1$1495                    lab3_3_1
C:   000001E0  A$lab3-3-1$1496                    lab3_3_1
C:   000001E2  A$lab3-3-1$1500                    lab3_3_1
C:   000001E2  C$i2c.h$112$1$85                   lab3_3_1
C:   000001E5  A$lab3-3-1$1503                    lab3_3_1
C:   000001E5  C$i2c.h$113$1$85                   lab3_3_1
C:   000001E8  A$lab3-3-1$1504                    lab3_3_1
C:   000001EB  A$lab3-3-1$1505                    lab3_3_1
C:   000001EE  A$lab3-3-1$1506                    lab3_3_1
C:   000001F1  A$lab3-3-1$1507                    lab3_3_1
C:   000001F4  A$lab3-3-1$1508                    lab3_3_1
C:   000001F7  A$lab3-3-1$1509                    lab3_3_1
C:   000001FA  A$lab3-3-1$1512                    lab3_3_1
C:   000001FA  C$i2c.h$114$1$85                   lab3_3_1
C:   000001FA  XG$lcd_clear$0$0                   lab3_3_1
C:   000001FB  A$lab3-3-1$1528                    lab3_3_1
C:   000001FB  C$i2c.h$117$1$85                   lab3_3_1
C:   000001FB  C$i2c.h$121$1$86                   lab3_3_1
C:   000001FB  G$read_keypad$0$0                  lab3_3_1
C:   000001FB  _read_keypad                       lab3_3_1
C:   000001FE  A$lab3-3-1$1529                    lab3_3_1
C:   00000201  A$lab3-3-1$1530                    lab3_3_1
C:   00000204  A$lab3-3-1$1531                    lab3_3_1
C:   00000207  A$lab3-3-1$1532                    lab3_3_1
C:   0000020A  A$lab3-3-1$1533                    lab3_3_1
C:   0000020D  A$lab3-3-1$1534                    lab3_3_1
C:   00000210  A$lab3-3-1$1537                    lab3_3_1
C:   00000210  C$i2c.h$122$1$86                   lab3_3_1
C:   00000212  A$lab3-3-1$1538                    lab3_3_1
C:   00000215  A$lab3-3-1$1539                    lab3_3_1
C:   00000218  A$lab3-3-1$1540                    lab3_3_1
C:   0000021A  A$lab3-3-1$1544                    lab3_3_1
C:   0000021C  A$lab3-3-1$1545                    lab3_3_1
C:   0000021E  A$lab3-3-1$1549                    lab3_3_1
C:   0000021E  C$i2c.h$126$2$87                   lab3_3_1
C:   00000220  A$lab3-3-1$1550                    lab3_3_1
C:   00000222  A$lab3-3-1$1551                    lab3_3_1
C:   00000224  A$lab3-3-1$1552                    lab3_3_1
C:   00000226  A$lab3-3-1$1553                    lab3_3_1
C:   00000228  A$lab3-3-1$1555                    lab3_3_1
C:   00000229  A$lab3-3-1$1556                    lab3_3_1
C:   0000022A  A$lab3-3-1$1557                    lab3_3_1
C:   0000022B  A$lab3-3-1$1558                    lab3_3_1
ASxxxx Linker V03.00 + NoICE + sdld,  page 35.
Hexadecimal  [32-Bits]

Area                                    Addr        Size        Decimal Bytes (Attributes)
--------------------------------        ----        ----        ------- ----- ------------
CSEG                                000000C2    00000DFE =        3582. bytes (REL,CON,CODE)

      Value  Global                              Global Defined In Module
      -----  --------------------------------   ------------------------
C:   0000022C  A$lab3-3-1$1559                    lab3_3_1
C:   0000022D  A$lab3-3-1$1560                    lab3_3_1
C:   0000022E  A$lab3-3-1$1562                    lab3_3_1
C:   00000231  A$lab3-3-1$1563                    lab3_3_1
C:   00000233  A$lab3-3-1$1564                    lab3_3_1
C:   00000235  A$lab3-3-1$1565                    lab3_3_1
C:   00000236  A$lab3-3-1$1566                    lab3_3_1
C:   00000238  A$lab3-3-1$1567                    lab3_3_1
C:   00000239  A$lab3-3-1$1568                    lab3_3_1
C:   0000023B  A$lab3-3-1$1569                    lab3_3_1
C:   0000023C  A$lab3-3-1$1570                    lab3_3_1
C:   0000023D  A$lab3-3-1$1571                    lab3_3_1
C:   0000023F  A$lab3-3-1$1574                    lab3_3_1
C:   0000023F  C$i2c.h$127$2$87                   lab3_3_1
C:   00000241  A$lab3-3-1$1575                    lab3_3_1
C:   00000242  A$lab3-3-1$1576                    lab3_3_1
C:   00000244  A$lab3-3-1$1577                    lab3_3_1
C:   00000246  A$lab3-3-1$1581                    lab3_3_1
C:   00000246  C$i2c.h$124$1$86                   lab3_3_1
C:   00000247  A$lab3-3-1$1582                    lab3_3_1
C:   00000249  A$lab3-3-1$1583                    lab3_3_1
C:   0000024C  A$lab3-3-1$1585                    lab3_3_1
C:   0000024E  A$lab3-3-1$1588                    lab3_3_1
C:   0000024E  C$i2c.h$130$1$86                   lab3_3_1
C:   00000250  A$lab3-3-1$1589                    lab3_3_1
C:   00000253  A$lab3-3-1$1590                    lab3_3_1
C:   00000256  A$lab3-3-1$1591                    lab3_3_1
C:   00000258  A$lab3-3-1$1595                    lab3_3_1
C:   00000258  C$i2c.h$132$1$86                   lab3_3_1
C:   0000025A  A$lab3-3-1$1596                    lab3_3_1
C:   0000025D  A$lab3-3-1$1597                    lab3_3_1
C:   00000260  A$lab3-3-1$1598                    lab3_3_1
C:   00000262  A$lab3-3-1$1602                    lab3_3_1
C:   00000262  C$i2c.h$134$1$86                   lab3_3_1
C:   00000264  A$lab3-3-1$1603                    lab3_3_1
C:   00000267  A$lab3-3-1$1604                    lab3_3_1
C:   0000026A  A$lab3-3-1$1605                    lab3_3_1
C:   0000026C  A$lab3-3-1$1609                    lab3_3_1
C:   0000026C  C$i2c.h$136$1$86                   lab3_3_1
C:   0000026E  A$lab3-3-1$1610                    lab3_3_1
C:   00000271  A$lab3-3-1$1611                    lab3_3_1
C:   00000274  A$lab3-3-1$1612                    lab3_3_1
C:   00000276  A$lab3-3-1$1616                    lab3_3_1
C:   00000276  C$i2c.h$138$1$86                   lab3_3_1
C:   00000279  A$lab3-3-1$1620                    lab3_3_1
C:   00000279  C$i2c.h$139$1$86                   lab3_3_1
C:   00000279  XG$read_keypad$0$0                 lab3_3_1
C:   0000027A  A$lab3-3-1$1636                    lab3_3_1
C:   0000027A  C$i2c.h$151$1$86                   lab3_3_1
C:   0000027A  G$kpd_input$0$0                    lab3_3_1
C:   0000027A  _kpd_input                         lab3_3_1
ASxxxx Linker V03.00 + NoICE + sdld,  page 36.
Hexadecimal  [32-Bits]

Area                                    Addr        Size        Decimal Bytes (Attributes)
--------------------------------        ----        ----        ------- ----- ------------
CSEG                                000000C2    00000DFE =        3582. bytes (REL,CON,CODE)

      Value  Global                              Global Defined In Module
      -----  --------------------------------   ------------------------
C:   0000027C  A$lab3-3-1$1641                    lab3_3_1
C:   0000027C  C$i2c.h$156$1$89                   lab3_3_1
C:   0000027C  C$i2c.h$159$1$89                   lab3_3_1
C:   0000027D  A$lab3-3-1$1642                    lab3_3_1
C:   0000027E  A$lab3-3-1$1643                    lab3_3_1
C:   0000027F  A$lab3-3-1$1644                    lab3_3_1
C:   00000280  A$lab3-3-1$1645                    lab3_3_1
C:   00000282  A$lab3-3-1$1646                    lab3_3_1
[...]
C:   00000601  A$lab3-3-1$2439                    lab3_3_1
C:   00000603  A$lab3-3-1$2440                    lab3_3_1
C:   00000605  A$lab3-3-1$2441                    lab3_3_1
C:   00000607  A$lab3-3-1$2442                    lab3_3_1
C:   00000609  A$lab3-3-1$2443                    lab3_3_1
C:   0000060B  A$lab3-3-1$2447                    lab3_3_1
C:   0000060B  C$lab3_3_1.c$66$2$123              lab3_3_1
C:   0000060E  A$lab3-3-1$2450                    lab3_3_1
C:   0000060E  C$lab3_3_1.c$68$3$125              lab3_3_1
C:   00000610  A$lab3-3-1$2451                    lab3_3_1
C:   00000612  A$lab3-3-1$2452                    lab3_3_1
C:   00000614  A$lab3-3-1$2455                    lab3_3_1
C:   00000614  C$lab3_3_1.c$70$4$126              lab3_3_1
C:   00000617  A$lab3-3-1$2458                    lab3_3_1
C:   00000617  C$lab3_3_1.c$71$4$126              lab3_3_1
C:   0000061A  A$lab3-3-1$2459                    lab3_3_1
C:   0000061D  A$lab3-3-1$2460                    lab3_3_1
C:   00000620  A$lab3-3-1$2461                    lab3_3_1
C:   00000623  A$lab3-3-1$2462                    lab3_3_1
C:   00000626  A$lab3-3-1$2463                    lab3_3_1
C:   00000629  A$lab3-3-1$2464                    lab3_3_1
C:   0000062C  A$lab3-3-1$2467                    lab3_3_1
C:   0000062C  C$lab3_3_1.c$72$4$126              lab3_3_1
C:   0000062D  A$lab3-3-1$2468                    lab3_3_1
C:   0000062F  A$lab3-3-1$2469                    lab3_3_1
C:   00000631  A$lab3-3-1$2472                    lab3_3_1
C:   00000631  C$lab3_3_1.c$73$4$126              lab3_3_1
C:   00000634  A$lab3-3-1$2475                    lab3_3_1
C:   00000634  C$lab3_3_1.c$74$4$126              lab3_3_1
C:   00000636  A$lab3-3-1$2476                    lab3_3_1
C:   00000638  A$lab3-3-1$2477                    lab3_3_1
C:   0000063A  A$lab3-3-1$2478                    lab3_3_1
ASxxxx Linker V03.00 + NoICE + sdld,  page 48.
Hexadecimal  [32-Bits]

Area                                    Addr        Size        Decimal Bytes (Attributes)
--------------------------------        ----        ----        ------- ----- ------------
CSEG                                000000C2    00000DFE =        3582. bytes (REL,CON,CODE)

      Value  Global                              Global Defined In Module
      -----  --------------------------------   ------------------------
C:   0000063C  A$lab3-3-1$2479                    lab3_3_1
C:   0000063E  A$lab3-3-1$2480                    lab3_3_1
C:   00000640  A$lab3-3-1$2481                    lab3_3_1
C:   00000642  A$lab3-3-1$2482                    lab3_3_1
C:   00000644  A$lab3-3-1$2483                    lab3_3_1
C:   00000646  A$lab3-3-1$2484                    lab3_3_1
C:   00000648  A$lab3-3-1$2485                    lab3_3_1
C:   0000064B  A$lab3-3-1$2486                    lab3_3_1
C:   0000064D  A$lab3-3-1$2487                    lab3_3_1
C:   0000064F  A$lab3-3-1$2488                    lab3_3_1
C:   00000651  A$lab3-3-1$2489                    lab3_3_1
C:   00000653  A$lab3-3-1$2492                    lab3_3_1
C:   00000653  C$lab3_3_1.c$78$1$122              lab3_3_1
C:   00000653  XG$main$0$0                        lab3_3_1
C:   00000654  A$lab3-3-1$2505                    lab3_3_1
C:   00000654  C$lab3_3_1.c$81$1$122              lab3_3_1
C:   00000654  C$lab3_3_1.c$83$1$127              lab3_3_1
C:   00000654  G$Set_DrivePulsewidth$0$0          lab3_3_1
C:   00000654  _Set_DrivePulsewidth               lab3_3_1
C:   00000657  A$lab3-3-1$2506                    lab3_3_1
C:   0000065A  A$lab3-3-1$2509                    lab3_3_1
C:   0000065A  C$lab3_3_1.c$84$1$127              lab3_3_1
C:   0000065C  A$lab3-3-1$2510                    lab3_3_1
C:   0000065D  A$lab3-3-1$2511                    lab3_3_1
C:   0000065F  A$lab3-3-1$2512                    lab3_3_1
C:   00000661  A$lab3-3-1$2513                    lab3_3_1
C:   00000662  A$lab3-3-1$2514                    lab3_3_1
C:   00000664  A$lab3-3-1$2515                    lab3_3_1
C:   00000666  A$lab3-3-1$2518                    lab3_3_1
C:   00000666  C$lab3_3_1.c$85$1$127              lab3_3_1
C:   00000669  A$lab3-3-1$2519                    lab3_3_1
C:   0000066C  A$lab3-3-1$2522                    lab3_3_1
C:   0000066C  C$lab3_3_1.c$86$1$127              lab3_3_1
C:   0000066F  A$lab3-3-1$2523                    lab3_3_1
C:   00000672  A$lab3-3-1$2524                    lab3_3_1
C:   00000675  A$lab3-3-1$2525                    lab3_3_1
C:   00000678  A$lab3-3-1$2526                    lab3_3_1
C:   0000067A  A$lab3-3-1$2527                    lab3_3_1
C:   0000067C  A$lab3-3-1$2528                    lab3_3_1
C:   0000067E  A$lab3-3-1$2529                    lab3_3_1
C:   0000067F  A$lab3-3-1$2530                    lab3_3_1
C:   00000681  A$lab3-3-1$2531                    lab3_3_1
C:   00000683  A$lab3-3-1$2532                    lab3_3_1
C:   00000684  A$lab3-3-1$2533                    lab3_3_1
C:   00000686  A$lab3-3-1$2536                    lab3_3_1
C:   00000686  C$lab3_3_1.c$88$1$127              lab3_3_1
C:   00000687  A$lab3-3-1$2537                    lab3_3_1
C:   00000689  A$lab3-3-1$2538                    lab3_3_1
C:   0000068B  A$lab3-3-1$2539                    lab3_3_1
C:   0000068D  A$lab3-3-1$2540                    lab3_3_1
C:   0000068F  A$lab3-3-1$2541                    lab3_3_1
ASxxxx Linker V03.00 + NoICE + sdld,  page 49.
Hexadecimal  [32-Bits]

Area                                    Addr        Size        Decimal Bytes (Attributes)
--------------------------------        ----        ----        ------- ----- ------------
CSEG                                000000C2    00000DFE =        3582. bytes (REL,CON,CODE)

      Value  Global                              Global Defined In Module
      -----  --------------------------------   ------------------------
C:   00000691  A$lab3-3-1$2544                    lab3_3_1
C:   00000691  C$lab3_3_1.c$90$2$128              lab3_3_1
C:   00000694  A$lab3-3-1$2545                    lab3_3_1
C:   00000697  A$lab3-3-1$2546                    lab3_3_1
C:   00000699  A$lab3-3-1$2550                    lab3_3_1
C:   00000699  C$lab3_3_1.c$94$2$129              lab3_3_1
C:   0000069C  A$lab3-3-1$2551                    lab3_3_1
C:   0000069F  A$lab3-3-1$2555                    lab3_3_1
C:   0000069F  C$lab3_3_1.c$97$1$127              lab3_3_1
C:   000006A0  A$lab3-3-1$2556                    lab3_3_1
C:   000006A2  A$lab3-3-1$2557                    lab3_3_1
C:   000006A4  A$lab3-3-1$2558                    lab3_3_1
C:   000006A6  A$lab3-3-1$2559                    lab3_3_1
C:   000006A8  A$lab3-3-1$2560                    lab3_3_1
C:   000006AA  A$lab3-3-1$2563                    lab3_3_1
C:   000006AA  C$lab3_3_1.c$99$2$130              lab3_3_1
C:   000006AD  A$lab3-3-1$2564                    lab3_3_1
C:   000006B0  A$lab3-3-1$2565                    lab3_3_1
C:   000006B2  A$lab3-3-1$2569                    lab3_3_1
C:   000006B2  C$lab3_3_1.c$103$2$131             lab3_3_1
C:   000006B5  A$lab3-3-1$2570                    lab3_3_1
C:   000006B8  A$lab3-3-1$2574                    lab3_3_1
C:   000006B8  C$lab3_3_1.c$106$1$127             lab3_3_1
C:   000006BA  A$lab3-3-1$2575                    lab3_3_1
C:   000006BB  A$lab3-3-1$2576                    lab3_3_1
C:   000006BD  A$lab3-3-1$2577                    lab3_3_1
C:   000006BF  A$lab3-3-1$2578                    lab3_3_1
C:   000006C1  A$lab3-3-1$2579                    lab3_3_1
C:   000006C3  A$lab3-3-1$2580                    lab3_3_1
C:   000006C5  A$lab3-3-1$2583                    lab3_3_1
C:   000006C5  C$lab3_3_1.c$107$1$127             lab3_3_1
C:   000006C5  XG$Set_DrivePulsewidth$0$0         lab3_3_1
C:   000006C6  A$lab3-3-1$2596                    lab3_3_1
C:   000006C6  C$lab3_3_1.c$113$1$127             lab3_3_1
C:   000006C6  C$lab3_3_1.c$115$1$132             lab3_3_1
C:   000006C6  G$Port_Init$0$0                    lab3_3_1
C:   000006C6  _Port_Init                         lab3_3_1
C:   000006C9  A$lab3-3-1$2599                    lab3_3_1
C:   000006C9  C$lab3_3_1.c$116$1$132             lab3_3_1
C:   000006CC  A$lab3-3-1$2602                    lab3_3_1
C:   000006CC  C$lab3_3_1.c$117$1$132             lab3_3_1
C:   000006CF  A$lab3-3-1$2605                    lab3_3_1
C:   000006CF  C$lab3_3_1.c$118$1$132             lab3_3_1
C:   000006D2  A$lab3-3-1$2608                    lab3_3_1
C:   000006D2  C$lab3_3_1.c$119$1$132             lab3_3_1
C:   000006D2  XG$Port_Init$0$0                   lab3_3_1
C:   000006D3  A$lab3-3-1$2621                    lab3_3_1
C:   000006D3  C$lab3_3_1.c$125$1$132             lab3_3_1
C:   000006D3  C$lab3_3_1.c$127$1$133             lab3_3_1
C:   000006D3  G$XBR0_Init$0$0                    lab3_3_1
C:   000006D3  _XBR0_Init                         lab3_3_1
ASxxxx Linker V03.00 + NoICE + sdld,  page 50.
Hexadecimal  [32-Bits]

Area                                    Addr        Size        Decimal Bytes (Attributes)
--------------------------------        ----        ----        ------- ----- ------------
CSEG                                000000C2    00000DFE =        3582. bytes (REL,CON,CODE)

      Value  Global                              Global Defined In Module
      -----  --------------------------------   ------------------------
C:   000006D6  A$lab3-3-1$2624                    lab3_3_1
C:   000006D6  C$lab3_3_1.c$128$1$133             lab3_3_1
C:   000006D6  XG$XBR0_Init$0$0                   lab3_3_1
C:   000006D7  A$lab3-3-1$2637                    lab3_3_1
C:   000006D7  C$lab3_3_1.c$134$1$133             lab3_3_1
C:   000006D7  C$lab3_3_1.c$136$1$135             lab3_3_1
C:   000006D7  G$PCA_Init$0$0                     lab3_3_1
C:   000006D7  _PCA_Init                          lab3_3_1
C:   000006DA  A$lab3-3-1$2640                    lab3_3_1
C:   000006DA  C$lab3_3_1.c$137$1$135             lab3_3_1
C:   000006DD  A$lab3-3-1$2643                    lab3_3_1
C:   000006DD  C$lab3_3_1.c$138$1$135             lab3_3_1
C:   000006E0  A$lab3-3-1$2646                    lab3_3_1
C:   000006E0  C$lab3_3_1.c$139$1$135             lab3_3_1
C:   000006E0  XG$PCA_Init$0$0                    lab3_3_1
C:   000006E1  A$lab3-3-1$2659                    lab3_3_1
C:   000006E1  C$lab3_3_1.c$145$1$135             lab3_3_1
C:   000006E1  C$lab3_3_1.c$147$1$136             lab3_3_1
C:   000006E1  G$Interrupt_Init$0$0               lab3_3_1
C:   000006E1  _Interrupt_Init                    lab3_3_1
C:   000006E3  A$lab3-3-1$2662                    lab3_3_1
C:   000006E3  C$lab3_3_1.c$148$1$136             lab3_3_1
C:   000006E6  A$lab3-3-1$2665                    lab3_3_1
C:   000006E6  C$lab3_3_1.c$149$1$136             lab3_3_1
C:   000006E6  XG$Interrupt_Init$0$0              lab3_3_1
C:   000006E7  A$lab3-3-1$2676                    lab3_3_1
C:   000006E7  C$lab3_3_1.c$155$1$136             lab3_3_1
C:   000006E7  G$PCA_ISR$0$0                      lab3_3_1
C:   000006E7  _PCA_ISR                           lab3_3_1
C:   000006E9  A$lab3-3-1$2677                    lab3_3_1
C:   000006EB  A$lab3-3-1$2680                    lab3_3_1
C:   000006EB  C$lab3_3_1.c$157$1$138             lab3_3_1
C:   000006ED  A$lab3-3-1$2681                    lab3_3_1
C:   000006EE  A$lab3-3-1$2682                    lab3_3_1
C:   000006F1  A$lab3-3-1$2683                    lab3_3_1
C:   000006F3  A$lab3-3-1$2687                    lab3_3_1
C:   000006F3  C$lab3_3_1.c$158$1$138             lab3_3_1
C:   000006F5  A$lab3-3-1$2688                    lab3_3_1
C:   000006F6  A$lab3-3-1$2689                    lab3_3_1
C:   000006F9  A$lab3-3-1$2690                    lab3_3_1
C:   000006FB  A$lab3-3-1$2694                    lab3_3_1
C:   000006FB  C$lab3_3_1.c$159$1$138             lab3_3_1
C:   000006FE  A$lab3-3-1$2695                    lab3_3_1
C:   00000701  A$lab3-3-1$2698                    lab3_3_1
C:   00000701  C$lab3_3_1.c$160$1$138             lab3_3_1
C:   00000703  A$lab3-3-1$2701                    lab3_3_1
C:   00000703  C$lab3_3_1.c$161$1$138             lab3_3_1
C:   00000706  A$lab3-3-1$2704                    lab3_3_1
C:   00000706  C$lab3_3_1.c$163$1$138             lab3_3_1
C:   00000708  A$lab3-3-1$2705                    lab3_3_1
C:   0000070B  A$lab3-3-1$2706                    lab3_3_1
ASxxxx Linker V03.00 + NoICE + sdld,  page 51.
Hexadecimal  [32-Bits]

Area                                    Addr        Size        Decimal Bytes (Attributes)
--------------------------------        ----        ----        ------- ----- ------------
CSEG                                000000C2    00000DFE =        3582. bytes (REL,CON,CODE)

      Value  Global                              Global Defined In Module
      -----  --------------------------------   ------------------------
C:   0000070C  A$lab3-3-1$2707                    lab3_3_1
C:   0000070F  A$lab3-3-1$2708                    lab3_3_1
C:   00000711  A$lab3-3-1$2710                    lab3_3_1
C:   00000713  A$lab3-3-1$2714                    lab3_3_1
C:   00000713  C$lab3_3_1.c$165$2$139             lab3_3_1
C:   00000716  A$lab3-3-1$2717                    lab3_3_1
C:   00000716  C$lab3_3_1.c$166$2$139             lab3_3_1
C:   00000717  A$lab3-3-1$2718                    lab3_3_1
C:   00000719  A$lab3-3-1$2719                    lab3_3_1
C:   0000071B  A$lab3-3-1$2720                    lab3_3_1
C:   0000071D  A$lab3-3-1$2722                    lab3_3_1
C:   0000071F  A$lab3-3-1$2723                    lab3_3_1
C:   00000721  A$lab3-3-1$2726                    lab3_3_1
C:   00000721  C$lab3_3_1.c$168$1$138             lab3_3_1
C:   00000721  XG$PCA_ISR$0$0                     lab3_3_1
C:   00000722  A$lab3-3-1$2743                    lab3_3_1
C:   00000722  C$lab3_3_1.c$174$1$138             lab3_3_1
C:   00000722  C$lab3_3_1.c$176$1$141             lab3_3_1
C:   00000722  G$SMB_Init$0$0                     lab3_3_1
C:   00000722  _SMB_Init                          lab3_3_1
C:   00000725  A$lab3-3-1$2746                    lab3_3_1
C:   00000725  C$lab3_3_1.c$177$1$141             lab3_3_1
C:   00000727  A$lab3-3-1$2749                    lab3_3_1
C:   00000727  C$lab3_3_1.c$178$1$141             lab3_3_1
C:   00000727  XG$SMB_Init$0$0                    lab3_3_1
C:   00000728  A$lab3-3-1$2764                    lab3_3_1
C:   00000728  C$lab3_3_1.c$180$1$141             lab3_3_1
C:   00000728  C$lab3_3_1.c$183$1$143             lab3_3_1
C:   00000728  G$ReadRanger$0$0                   lab3_3_1
C:   00000728  _ReadRanger                        lab3_3_1
C:   0000072B  A$lab3-3-1$2765                    lab3_3_1
C:   0000072E  A$lab3-3-1$2766                    lab3_3_1
C:   00000731  A$lab3-3-1$2767                    lab3_3_1
C:   00000734  A$lab3-3-1$2768                    lab3_3_1
C:   00000737  A$lab3-3-1$2769                    lab3_3_1
C:   0000073A  A$lab3-3-1$2770                    lab3_3_1
C:   0000073D  A$lab3-3-1$2773                    lab3_3_1
C:   0000073D  C$lab3_3_1.c$184$1$143             lab3_3_1
C:   0000073F  A$lab3-3-1$2774                    lab3_3_1
C:   00000741  A$lab3-3-1$2775                    lab3_3_1
C:   00000743  A$lab3-3-1$2776                    lab3_3_1
C:   00000745  A$lab3-3-1$2777                    lab3_3_1
C:   00000746  A$lab3-3-1$2778                    lab3_3_1
C:   00000747  A$lab3-3-1$2779                    lab3_3_1
C:   00000749  A$lab3-3-1$2780                    lab3_3_1
C:   0000074A  A$lab3-3-1$2781                    lab3_3_1
C:   0000074B  A$lab3-3-1$2782                    lab3_3_1
C:   0000074D  A$lab3-3-1$2785                    lab3_3_1
C:   0000074D  C$lab3_3_1.c$185$1$143             lab3_3_1
C:   0000074D  XG$ReadRanger$0$0                  lab3_3_1
C:   0000074E  __gptrput                          _gptrput
ASxxxx Linker V03.00 + NoICE + sdld,  page 52.
Hexadecimal  [32-Bits]

Area                                    Addr        Size        Decimal Bytes (Attributes)
--------------------------------        ----        ----        ------- ----- ------------
CSEG                                000000C2    00000DFE =        3582. bytes (REL,CON,CODE)

      Value  Global                              Global Defined In Module
      -----  --------------------------------   ------------------------
C:   00000769  __mulint                           _mulint
C:   00000769  __mulint_dummy                     _mulint
C:   000007F6  _vsprintf                          sprintf
C:   00000833  _sprintf                           sprintf
C:   0000088C  _vprintf                           vprintf
C:   000008A5  _printf                            vprintf
C:   0000097C  __print_format                     printf_large
C:   00000E88  _strlen                            _strlen
C:   00000EA0  __gptrget                          _gptrget
C:   00000EBC  __sdcc_external_startup            _startup
ASxxxx Linker V03.00 + NoICE + sdld,  page 53.
Hexadecimal  [32-Bits]

Area                                    Addr        Size        Decimal Bytes (Attributes)
--------------------------------        ----        ----        ------- ----- ------------
CONST                               00000EC0    00000056 =          86. bytes (REL,CON,CODE)

      Value  Global                              Global Defined In Module
      -----  --------------------------------   ------------------------
C:   00000EC0  Flab3_3_1$__str_0$0$0              lab3_3_1
C:   00000ED6  Flab3_3_1$__str_1$0$0              lab3_3_1
C:   00000EE6  Flab3_3_1$__str_2$0$0              lab3_3_1
C:   00000EE9  Flab3_3_1$__str_3$0$0              lab3_3_1

ASxxxx Linker V03.00 + NoICE + sdld,  page 54.

Files Linked                              [ module(s) ]

C:\Users\XuMartin\OneDrive2\OneDrive - Rensselaer Polytechnic Institute\1. LITEC\Labs\Lab 3-3\lab3-3-1.rel
                                          [  ]


Libraries Linked                          [ object file ]

C:\Program Files\SDCC\bin\..\lib\small/mcs51.lib
                                          [ crtclear.rel ]
C:\Program Files\SDCC\bin\..\lib\small/mcs51.lib
                                          [ crtxinit.rel ]
C:\Program Files\SDCC\bin\..\lib\small/libsdcc.lib
                                          [ _gptrput.rel ]
C:\Program Files\SDCC\bin\..\lib\small/libint.lib
                                          [ _mulint.rel ]
C:\Program Files\SDCC\bin\..\lib\small/libsdcc.lib
                                          [ sprintf.rel ]
C:\Program Files\SDCC\bin\..\lib\small/mcs51.lib
                                          [ crtxclear.rel ]
C:\Program Files\SDCC\bin\..\lib\small/libsdcc.lib
                                          [ _bp.rel ]
C:\Program Files\SDCC\bin\..\lib\small/libsdcc.lib
                                          [ vprintf.rel ]
C:\Program Files\SDCC\bin\..\lib\small/libsdcc.lib
                                          [ printf_large.rel ]
C:\Program Files\SDCC\bin\..\lib\small/libsdcc.lib
                                          [ _strlen.rel ]
C:\Program Files\SDCC\bin\..\lib\small/mcs51.lib
                                          [ crtstart.rel ]
C:\Program Files\SDCC\bin\..\lib\small/libsdcc.lib
                                          [ _gptrget.rel ]
C:\Program Files\SDCC\bin\..\lib\small/libsdcc.lib
                                          [ _startup.rel ]

ASxxxx Linker V03.00 + NoICE + sdld,  page 55.

User Base Address Definitions

HOME = 0x0000
XSEG = 0x0001
PSEG = 0x0001
ISEG = 0x0000
BSEG = 0x0000

